<!doctype html public "-//w3c//dtd html 4.0 transitional//en">
<html><head>
<title>Static Call Graph - [.\HT60xx.axf]</title></head>
<body><HR>
<H1>Static Call Graph for image .\HT60xx.axf</H1><HR>
<BR><P>#&#060CALLGRAPH&#062# ARM Linker, 5050169: Last Updated: Sat May 16 17:19:01 2020
<BR><P>
<H3>Maximum Stack Usage =       1944 bytes + Unknown(Cycles, Untraceable Function Pointers)</H3><H3>
Call chain for Maximum Stack Depth:</H3>
main &rArr; Do_TRx &rArr; Do_SCI &rArr; Write645Data &rArr; ChkDispItem &rArr; Get645Data &rArr; RxOverIphRecord &rArr; GetFrozeStart &rArr; Read_EEData &rArr; EDataErr &rArr; SetEBit &rArr; Up_u8Data &rArr; Copy_FlashInfo &rArr;  Read_EEData (Cycle)
<P>
<H3>
Mutually Recursive functions
</H3> <LI><a href="#[146]">Copy_FlashInfo</a>&nbsp;&nbsp;&nbsp;&rArr;&nbsp;&nbsp;&nbsp;<a href="#[e8]">Read_EEData</a><BR>
 <LI><a href="#[121]">Write_EEData</a>&nbsp;&nbsp;&nbsp;&rArr;&nbsp;&nbsp;&nbsp;<a href="#[122]">SetEBit</a><BR>
 <LI><a href="#[1]">NMI_Handler</a>&nbsp;&nbsp;&nbsp;&rArr;&nbsp;&nbsp;&nbsp;<a href="#[1]">NMI_Handler</a><BR>
 <LI><a href="#[2]">HardFault_Handler</a>&nbsp;&nbsp;&nbsp;&rArr;&nbsp;&nbsp;&nbsp;<a href="#[2]">HardFault_Handler</a><BR>
 <LI><a href="#[3]">SVC_Handler</a>&nbsp;&nbsp;&nbsp;&rArr;&nbsp;&nbsp;&nbsp;<a href="#[3]">SVC_Handler</a><BR>
 <LI><a href="#[4]">PendSV_Handler</a>&nbsp;&nbsp;&nbsp;&rArr;&nbsp;&nbsp;&nbsp;<a href="#[4]">PendSV_Handler</a><BR>
 <LI><a href="#[1d]">Reserved_IRQHandler</a>&nbsp;&nbsp;&nbsp;&rArr;&nbsp;&nbsp;&nbsp;<a href="#[1d]">Reserved_IRQHandler</a><BR>
</UL>
<P>
<H3>
Function Pointers
</H3><UL>
 <LI><a href="#[7]">AES_IRQHandler</a> from ht6xxx_it.o(.text) referenced from startup_ht501x.o(RESET)
 <LI><a href="#[1f]">DMA_IRQHandler</a> from ht6xxx_it.o(.text) referenced from startup_ht501x.o(RESET)
 <LI><a href="#[1e]">EMU_IRQHandler</a> from ht6xxx_it.o(.text) referenced from startup_ht501x.o(RESET)
 <LI><a href="#[8]">EXTI0_IRQHandler</a> from ht6xxx_it.o(.text) referenced from startup_ht501x.o(RESET)
 <LI><a href="#[9]">EXTI1_IRQHandler</a> from ht6xxx_it.o(.text) referenced from startup_ht501x.o(RESET)
 <LI><a href="#[a]">EXTI2_IRQHandler</a> from ht6xxx_it.o(.text) referenced from startup_ht501x.o(RESET)
 <LI><a href="#[b]">EXTI3_IRQHandler</a> from ht6xxx_it.o(.text) referenced from startup_ht501x.o(RESET)
 <LI><a href="#[c]">EXTI4_IRQHandler</a> from ht6xxx_it.o(.text) referenced from startup_ht501x.o(RESET)
 <LI><a href="#[d]">EXTI5_IRQHandler</a> from ht6xxx_it.o(.text) referenced from startup_ht501x.o(RESET)
 <LI><a href="#[e]">EXTI6_IRQHandler</a> from ht6xxx_it.o(.text) referenced from startup_ht501x.o(RESET)
 <LI><a href="#[2]">HardFault_Handler</a> from startup_ht501x.o(.text) referenced from startup_ht501x.o(RESET)
 <LI><a href="#[1b]">I2C_IRQHandler</a> from ht6xxx_it.o(.text) referenced from startup_ht501x.o(RESET)
 <LI><a href="#[41]">Jbregread</a> from trx.o(.text) referenced 2 times from trx.o(.constdata)
 <LI><a href="#[40]">Jlregread</a> from trx.o(.text) referenced from trx.o(.constdata)
 <LI><a href="#[3e]">Jlrestore</a> from trx.o(.text) referenced from trx.o(.constdata)
 <LI><a href="#[20]">KEY_IRQHandler</a> from ht6xxx_it.o(.text) referenced from startup_ht501x.o(RESET)
 <LI><a href="#[1]">NMI_Handler</a> from startup_ht501x.o(.text) referenced from startup_ht501x.o(RESET)
 <LI><a href="#[6]">PMU_IRQHandler</a> from ht6xxx_it.o(.text) referenced from startup_ht501x.o(RESET)
 <LI><a href="#[4]">PendSV_Handler</a> from startup_ht501x.o(.text) referenced from startup_ht501x.o(RESET)
 <LI><a href="#[1a]">RTC_IRQHandler</a> from ht6xxx_it.o(.text) referenced from startup_ht501x.o(RESET)
 <LI><a href="#[2c]">ReadEEPROMFData</a> from trx.o(.text) referenced 4 times from trx.o(.constdata)
 <LI><a href="#[3c]">ReadExtEEprom</a> from trx.o(.text) referenced from trx.o(.constdata)
 <LI><a href="#[3b]">ReadFlashData</a> from trx.o(.text) referenced 2 times from trx.o(.constdata)
 <LI><a href="#[42]">ReadIDTime</a> from trx.o(.text) referenced from trx.o(.constdata)
 <LI><a href="#[2b]">ReadSTD</a> from trx.o(.text) referenced from trx.o(.constdata)
 <LI><a href="#[37]">ReadVer</a> from trx.o(.text) referenced from trx.o(.constdata)
 <LI><a href="#[2d]">ReadWriteActUseMode</a> from trx.o(.text) referenced from trx.o(.constdata)
 <LI><a href="#[27]">ReadWriteStartTm</a> from trx.o(.text) referenced 4 times from trx.o(.constdata)
 <LI><a href="#[2a]">ReadWriteTRxNum</a> from trx.o(.text) referenced 3 times from trx.o(.constdata)
 <LI><a href="#[26]">ReadWriteTime</a> from trx.o(.text) referenced 3 times from trx.o(.constdata)
 <LI><a href="#[1d]">Reserved_IRQHandler</a> from startup_ht501x.o(.text) referenced 6 times from startup_ht501x.o(RESET)
 <LI><a href="#[0]">Reset_Handler</a> from startup_ht501x.o(.text) referenced from startup_ht501x.o(RESET)
 <LI><a href="#[22]">Rtc_Get_callback</a> from main.o(.text) referenced from main.o(.text)
 <LI><a href="#[52]">RxChgTRXBd</a> from trx.o(.text) referenced from trx.o(.constdata)
 <LI><a href="#[45]">RxClrEventRcd</a> from trx.o(.text) referenced from trx.o(.constdata)
 <LI><a href="#[44]">RxClrUseRcd</a> from trx.o(.text) referenced from trx.o(.constdata)
 <LI><a href="#[4c]">RxEOpenRcd</a> from trx.o(.text) referenced from trx.o(.constdata)
 <LI><a href="#[4b]">RxFrozeDTRcd</a> from trx.o(.text) referenced from trx.o(.constdata)
 <LI><a href="#[4a]">RxHLDRcd</a> from trx.o(.text) referenced from trx.o(.constdata)
 <LI><a href="#[4e]">RxJDErrRcd</a> from trx.o(.text) referenced from trx.o(.constdata)
 <LI><a href="#[4d]">RxKeyChgRcd</a> from trx.o(.text) referenced from trx.o(.constdata)
 <LI><a href="#[49]">RxOneByteRcd</a> from trx.o(.text) referenced 2 times from trx.o(.constdata)
 <LI><a href="#[51]">RxOrderFroze</a> from trx.o(.text) referenced from trx.o(.constdata)
 <LI><a href="#[55]">RxProgChip</a> from trx.o(.text) referenced from trx.o(.constdata)
 <LI><a href="#[50]">RxPublicWriteTime</a> from trx.o(.text) referenced from trx.o(.constdata)
 <LI><a href="#[4f]">RxPwrErrRcd</a> from trx.o(.text) referenced from trx.o(.constdata)
 <LI><a href="#[43]">RxPwrOffRcd</a> from trx.o(.text) referenced from trx.o(.constdata)
 <LI><a href="#[54]">RxTRxRead</a> from trx.o(.text) referenced from trx.o(.constdata)
 <LI><a href="#[46]">RxTimeRcd</a> from trx.o(.text) referenced from trx.o(.constdata)
 <LI><a href="#[47]">RxTmTblSetRcd</a> from trx.o(.text) referenced from trx.o(.constdata)
 <LI><a href="#[33]">RxWriteKey</a> from trx.o(.text) referenced from trx.o(.constdata)
 <LI><a href="#[53]">RxWriteSPMode</a> from trx.o(.text) referenced from trx.o(.constdata)
 <LI><a href="#[48]">RxYTblSetRcd</a> from trx.o(.text) referenced from trx.o(.constdata)
 <LI><a href="#[1c]">SPI0_IRQHandler</a> from ht6xxx_it.o(.text) referenced from startup_ht501x.o(RESET)
 <LI><a href="#[3]">SVC_Handler</a> from startup_ht501x.o(.text) referenced from startup_ht501x.o(RESET)
 <LI><a href="#[28]">SetFacMode</a> from trx.o(.text) referenced from trx.o(.constdata)
 <LI><a href="#[5]">SysTick_Handler</a> from systickapp.o(.text) referenced from startup_ht501x.o(RESET)
 <LI><a href="#[23]">SystemInit</a> from system_ht6xxx.o(.text) referenced from startup_ht501x.o(.text)
 <LI><a href="#[19]">TBS_IRQHandler</a> from ht6xxx_it.o(.text) referenced from startup_ht501x.o(RESET)
 <LI><a href="#[15]">TIMER_0_IRQHandler</a> from ht6xxx_it.o(.text) referenced from startup_ht501x.o(RESET)
 <LI><a href="#[16]">TIMER_1_IRQHandler</a> from ht6xxx_it.o(.text) referenced from startup_ht501x.o(RESET)
 <LI><a href="#[17]">TIMER_2_IRQHandler</a> from ht6xxx_it.o(.text) referenced from startup_ht501x.o(RESET)
 <LI><a href="#[18]">TIMER_3_IRQHandler</a> from ht6xxx_it.o(.text) referenced from startup_ht501x.o(RESET)
 <LI><a href="#[f]">UART0_IRQHandler</a> from ht6xxx_it.o(.text) referenced from startup_ht501x.o(RESET)
 <LI><a href="#[10]">UART1_IRQHandler</a> from ht6xxx_it.o(.text) referenced from startup_ht501x.o(RESET)
 <LI><a href="#[11]">UART2_IRQHandler</a> from ht6xxx_it.o(.text) referenced from startup_ht501x.o(RESET)
 <LI><a href="#[12]">UART3_IRQHandler</a> from ht6xxx_it.o(.text) referenced from startup_ht501x.o(RESET)
 <LI><a href="#[13]">UART4_IRQHandler</a> from ht6xxx_it.o(.text) referenced from startup_ht501x.o(RESET)
 <LI><a href="#[14]">UART5_IRQHandler</a> from ht6xxx_it.o(.text) referenced from startup_ht501x.o(RESET)
 <LI><a href="#[2e]">WriteBaud</a> from trx.o(.text) referenced 3 times from trx.o(.constdata)
 <LI><a href="#[3a]">WriteEXTEEPROM</a> from trx.o(.text) referenced from trx.o(.constdata)
 <LI><a href="#[31]">WriteFHStartTm</a> from trx.o(.text) referenced from trx.o(.constdata)
 <LI><a href="#[29]">WriteFLMode</a> from trx.o(.text) referenced 3 times from trx.o(.constdata)
 <LI><a href="#[30]">WriteFMode</a> from trx.o(.text) referenced from trx.o(.constdata)
 <LI><a href="#[39]">WriteFlashSet</a> from trx.o(.text) referenced 2 times from trx.o(.constdata)
 <LI><a href="#[32]">WriteFrozeDT</a> from trx.o(.text) referenced from trx.o(.constdata)
 <LI><a href="#[36]">WriteFrozeHM</a> from trx.o(.text) referenced from trx.o(.constdata)
 <LI><a href="#[35]">WriteHFrozeStep</a> from trx.o(.text) referenced from trx.o(.constdata)
 <LI><a href="#[38]">WriteMSet</a> from trx.o(.text) referenced 3 times from trx.o(.constdata)
 <LI><a href="#[34]">WriteRunType</a> from trx.o(.text) referenced from trx.o(.constdata)
 <LI><a href="#[2f]">WriteWeekTblNum</a> from trx.o(.text) referenced 2 times from trx.o(.constdata)
 <LI><a href="#[3d]">Write_meterconfig</a> from trx.o(.text) referenced from trx.o(.constdata)
 <LI><a href="#[24]">__main</a> from entry.o(.ARM.Collect$$$$00000000) referenced from startup_ht501x.o(.text)
 <LI><a href="#[3f]">effective_value</a> from trx.o(.text) referenced from trx.o(.constdata)
 <LI><a href="#[25]">fputc</a> from fputc.o(i.fputc) referenced from printf6.o(i.__0fprintf$6)
 <LI><a href="#[21]">main</a> from main.o(.text) referenced from entry9a.o(.ARM.Collect$$$$0000000B)
</UL>
<P>
<H3>
Global Symbols
</H3>
<P><STRONG><a name="[24]"></a>__main</STRONG> (Thumb, 0 bytes, Stack size unknown bytes, entry.o(.ARM.Collect$$$$00000000))
<BR>[Address Reference Count : 1]<UL><LI> startup_ht501x.o(.text)
</UL>
<P><STRONG><a name="[1f7]"></a>_main_stk</STRONG> (Thumb, 0 bytes, Stack size unknown bytes, entry2.o(.ARM.Collect$$$$00000001))

<P><STRONG><a name="[56]"></a>_main_scatterload</STRONG> (Thumb, 0 bytes, Stack size unknown bytes, entry5.o(.ARM.Collect$$$$00000004))
<BR><BR>[Calls]<UL><LI><a href="#[57]">&gt;&gt;</a>&nbsp;&nbsp;&nbsp;__scatterload
</UL>

<P><STRONG><a name="[1f2]"></a>__main_after_scatterload</STRONG> (Thumb, 0 bytes, Stack size unknown bytes, entry5.o(.ARM.Collect$$$$00000004))
<BR><BR>[Called By]<UL><LI><a href="#[57]">&gt;&gt;</a>&nbsp;&nbsp;&nbsp;__scatterload
</UL>

<P><STRONG><a name="[1f8]"></a>_main_clock</STRONG> (Thumb, 0 bytes, Stack size unknown bytes, entry7b.o(.ARM.Collect$$$$00000008))

<P><STRONG><a name="[1f9]"></a>_main_cpp_init</STRONG> (Thumb, 0 bytes, Stack size unknown bytes, entry8b.o(.ARM.Collect$$$$0000000A))

<P><STRONG><a name="[1fa]"></a>_main_init</STRONG> (Thumb, 0 bytes, Stack size unknown bytes, entry9a.o(.ARM.Collect$$$$0000000B))

<P><STRONG><a name="[1fb]"></a>__rt_final_cpp</STRONG> (Thumb, 0 bytes, Stack size unknown bytes, entry10a.o(.ARM.Collect$$$$0000000D))

<P><STRONG><a name="[1fc]"></a>__rt_final_exit</STRONG> (Thumb, 0 bytes, Stack size unknown bytes, entry11a.o(.ARM.Collect$$$$0000000F))

<P><STRONG><a name="[5b]"></a>Up_BkLVSave</STRONG> (Thumb, 2 bytes, Stack size 0 bytes, main.o(.text))
<BR><BR>[Called By]<UL><LI><a href="#[58]">&gt;&gt;</a>&nbsp;&nbsp;&nbsp;Do_Use
<LI><a href="#[164]">&gt;&gt;</a>&nbsp;&nbsp;&nbsp;Chg_Feilv
</UL>

<P><STRONG><a name="[58]"></a>Do_Use</STRONG> (Thumb, 328 bytes, Stack size 16 bytes, main.o(.text))
<BR><BR>[Stack]<UL><LI>Max Depth = 76<LI>Call Chain = Do_Use &rArr; Inc_Use &rArr; __aeabi_idivmod &rArr; __aeabi_uidivmod
</UL>
<BR>[Calls]<UL><LI><a href="#[59]">&gt;&gt;</a>&nbsp;&nbsp;&nbsp;Read_EPADR
<LI><a href="#[5a]">&gt;&gt;</a>&nbsp;&nbsp;&nbsp;Inc_Use
<LI><a href="#[5b]">&gt;&gt;</a>&nbsp;&nbsp;&nbsp;Up_BkLVSave
</UL>
<BR>[Called By]<UL><LI><a href="#[21]">&gt;&gt;</a>&nbsp;&nbsp;&nbsp;main
</UL>

<P><STRONG><a name="[5c]"></a>Up_LVSave</STRONG> (Thumb, 64 bytes, Stack size 8 bytes, main.o(.text))
<BR><BR>[Stack]<UL><LI>Max Depth = 172<LI>Call Chain = Up_LVSave &rArr; Record_Put &rArr; Record_Get_First &rArr; __aeabi_idivmod &rArr; __aeabi_uidivmod
</UL>
<BR>[Calls]<UL><LI><a href="#[5d]">&gt;&gt;</a>&nbsp;&nbsp;&nbsp;Record_Put
</UL>
<BR>[Called By]<UL><LI><a href="#[80]">&gt;&gt;</a>&nbsp;&nbsp;&nbsp;CheckFroze
<LI><a href="#[21]">&gt;&gt;</a>&nbsp;&nbsp;&nbsp;main
<LI><a href="#[164]">&gt;&gt;</a>&nbsp;&nbsp;&nbsp;Chg_Feilv
</UL>

<P><STRONG><a name="[5e]"></a>DianLian_Restore</STRONG> (Thumb, 60 bytes, Stack size 56 bytes, main.o(.text))
<BR><BR>[Stack]<UL><LI>Max Depth = 140<LI>Call Chain = DianLian_Restore &rArr; Record_Get_First &rArr; __aeabi_idivmod &rArr; __aeabi_uidivmod
</UL>
<BR>[Calls]<UL><LI><a href="#[5f]">&gt;&gt;</a>&nbsp;&nbsp;&nbsp;Record_Get_First
<LI><a href="#[61]">&gt;&gt;</a>&nbsp;&nbsp;&nbsp;__aeabi_memclr4
<LI><a href="#[60]">&gt;&gt;</a>&nbsp;&nbsp;&nbsp;__aeabi_memcpy
</UL>
<BR>[Called By]<UL><LI><a href="#[21]">&gt;&gt;</a>&nbsp;&nbsp;&nbsp;main
</UL>

<P><STRONG><a name="[22]"></a>Rtc_Get_callback</STRONG> (Thumb, 14 bytes, Stack size 8 bytes, main.o(.text))
<BR><BR>[Stack]<UL><LI>Max Depth = 76<LI>Call Chain = Rtc_Get_callback &rArr; Rtc_Get_SafeIo &rArr; BCD &rArr; __aeabi_idivmod &rArr; __aeabi_uidivmod
</UL>
<BR>[Calls]<UL><LI><a href="#[62]">&gt;&gt;</a>&nbsp;&nbsp;&nbsp;Rtc_Get_SafeIo
</UL>
<BR>[Address Reference Count : 1]<UL><LI> main.o(.text)
</UL>
<P><STRONG><a name="[63]"></a>CMU_Init</STRONG> (Thumb, 44 bytes, Stack size 8 bytes, main.o(.text))
<BR><BR>[Stack]<UL><LI>Max Depth = 32<LI>Call Chain = CMU_Init &rArr; HT_CMU_Init &rArr; Wait2mS
</UL>
<BR>[Calls]<UL><LI><a href="#[65]">&gt;&gt;</a>&nbsp;&nbsp;&nbsp;delay
<LI><a href="#[64]">&gt;&gt;</a>&nbsp;&nbsp;&nbsp;HT_CMU_Init
</UL>
<BR>[Called By]<UL><LI><a href="#[21]">&gt;&gt;</a>&nbsp;&nbsp;&nbsp;main
</UL>

<P><STRONG><a name="[21]"></a>main</STRONG> (Thumb, 1234 bytes, Stack size 0 bytes, main.o(.text))
<BR><BR>[Stack]<UL><LI>Max Depth = 1944<LI>Call Chain = main &rArr; Do_TRx &rArr; Do_SCI &rArr; Write645Data &rArr; ChkDispItem &rArr; Get645Data &rArr; RxOverIphRecord &rArr; GetFrozeStart &rArr; Read_EEData &rArr; EDataErr &rArr; SetEBit &rArr; Up_u8Data &rArr; Copy_FlashInfo &rArr;  Read_EEData (Cycle)
</UL>
<BR>[Calls]<UL><LI><a href="#[73]">&gt;&gt;</a>&nbsp;&nbsp;&nbsp;vol_read
<LI><a href="#[76]">&gt;&gt;</a>&nbsp;&nbsp;&nbsp;timeclock_get
<LI><a href="#[86]">&gt;&gt;</a>&nbsp;&nbsp;&nbsp;timeclock_clear
<LI><a href="#[85]">&gt;&gt;</a>&nbsp;&nbsp;&nbsp;stBedge
<LI><a href="#[78]">&gt;&gt;</a>&nbsp;&nbsp;&nbsp;softtimer_run
<LI><a href="#[7f]">&gt;&gt;</a>&nbsp;&nbsp;&nbsp;emu_proc
<LI><a href="#[6f]">&gt;&gt;</a>&nbsp;&nbsp;&nbsp;emu_init
<LI><a href="#[65]">&gt;&gt;</a>&nbsp;&nbsp;&nbsp;delay
<LI><a href="#[74]">&gt;&gt;</a>&nbsp;&nbsp;&nbsp;cFlashinfo_Restore
<LI><a href="#[6e]">&gt;&gt;</a>&nbsp;&nbsp;&nbsp;bitstruct_init
<LI><a href="#[84]">&gt;&gt;</a>&nbsp;&nbsp;&nbsp;Write_ECADR
<LI><a href="#[69]">&gt;&gt;</a>&nbsp;&nbsp;&nbsp;UpdateDisp
<LI><a href="#[75]">&gt;&gt;</a>&nbsp;&nbsp;&nbsp;UpDisp
<LI><a href="#[72]">&gt;&gt;</a>&nbsp;&nbsp;&nbsp;Time_Cnt_Exchange_Init
<LI><a href="#[6d]">&gt;&gt;</a>&nbsp;&nbsp;&nbsp;System_Init
<LI><a href="#[7d]">&gt;&gt;</a>&nbsp;&nbsp;&nbsp;Set_SoftTime
<LI><a href="#[6b]">&gt;&gt;</a>&nbsp;&nbsp;&nbsp;PMU_Init
<LI><a href="#[67]">&gt;&gt;</a>&nbsp;&nbsp;&nbsp;LCD_Init
<LI><a href="#[77]">&gt;&gt;</a>&nbsp;&nbsp;&nbsp;IsOffLine
<LI><a href="#[7b]">&gt;&gt;</a>&nbsp;&nbsp;&nbsp;Hex_BCD
<LI><a href="#[70]">&gt;&gt;</a>&nbsp;&nbsp;&nbsp;HT_RTC_ITConfig
<LI><a href="#[79]">&gt;&gt;</a>&nbsp;&nbsp;&nbsp;GetCurrTimeCnt
<LI><a href="#[6c]">&gt;&gt;</a>&nbsp;&nbsp;&nbsp;GPIO_Init
<LI><a href="#[83]">&gt;&gt;</a>&nbsp;&nbsp;&nbsp;Emu_Var_Write
<LI><a href="#[81]">&gt;&gt;</a>&nbsp;&nbsp;&nbsp;Do_TRx
<LI><a href="#[7e]">&gt;&gt;</a>&nbsp;&nbsp;&nbsp;Do_Disp
<LI><a href="#[66]">&gt;&gt;</a>&nbsp;&nbsp;&nbsp;DEBUG_Init
<LI><a href="#[7c]">&gt;&gt;</a>&nbsp;&nbsp;&nbsp;CloseProgRecord
<LI><a href="#[82]">&gt;&gt;</a>&nbsp;&nbsp;&nbsp;Chip_Trim_5l
<LI><a href="#[80]">&gt;&gt;</a>&nbsp;&nbsp;&nbsp;CheckFroze
<LI><a href="#[63]">&gt;&gt;</a>&nbsp;&nbsp;&nbsp;CMU_Init
<LI><a href="#[5e]">&gt;&gt;</a>&nbsp;&nbsp;&nbsp;DianLian_Restore
<LI><a href="#[5c]">&gt;&gt;</a>&nbsp;&nbsp;&nbsp;Up_LVSave
<LI><a href="#[58]">&gt;&gt;</a>&nbsp;&nbsp;&nbsp;Do_Use
<LI><a href="#[71]">&gt;&gt;</a>&nbsp;&nbsp;&nbsp;NVIC_SetPriority
<LI><a href="#[68]">&gt;&gt;</a>&nbsp;&nbsp;&nbsp;__aeabi_memset
<LI><a href="#[6a]">&gt;&gt;</a>&nbsp;&nbsp;&nbsp;__aeabi_memcpy4
<LI><a href="#[7a]">&gt;&gt;</a>&nbsp;&nbsp;&nbsp;__aeabi_uidivmod
</UL>
<BR>[Address Reference Count : 1]<UL><LI> entry9a.o(.ARM.Collect$$$$0000000B)
</UL>
<P><STRONG><a name="[87]"></a>open_pll</STRONG> (Thumb, 38 bytes, Stack size 8 bytes, main.o(.text), UNUSED)
<BR><BR>[Calls]<UL><LI><a href="#[65]">&gt;&gt;</a>&nbsp;&nbsp;&nbsp;delay
</UL>

<P><STRONG><a name="[88]"></a>open_pll_tmp</STRONG> (Thumb, 38 bytes, Stack size 8 bytes, main.o(.text), UNUSED)
<BR><BR>[Calls]<UL><LI><a href="#[65]">&gt;&gt;</a>&nbsp;&nbsp;&nbsp;delay
</UL>
<BR>[Called By]<UL><LI><a href="#[bf]">&gt;&gt;</a>&nbsp;&nbsp;&nbsp;fast_get_rmsi1
</UL>

<P><STRONG><a name="[1fd]"></a>close_pll</STRONG> (Thumb, 20 bytes, Stack size 0 bytes, main.o(.text), UNUSED)

<P><STRONG><a name="[89]"></a>MeterData_Get</STRONG> (Thumb, 20 bytes, Stack size 16 bytes, main.o(.text), UNUSED)
<BR><BR>[Calls]<UL><LI><a href="#[60]">&gt;&gt;</a>&nbsp;&nbsp;&nbsp;__aeabi_memcpy
</UL>

<P><STRONG><a name="[8b]"></a>toascii</STRONG> (Thumb, 22 bytes, Stack size 0 bytes, main.o(.text), UNUSED)
<BR><BR>[Called By]<UL><LI><a href="#[8a]">&gt;&gt;</a>&nbsp;&nbsp;&nbsp;printfdatano
</UL>

<P><STRONG><a name="[8a]"></a>printfdatano</STRONG> (Thumb, 62 bytes, Stack size 32 bytes, main.o(.text), UNUSED)
<BR><BR>[Calls]<UL><LI><a href="#[8b]">&gt;&gt;</a>&nbsp;&nbsp;&nbsp;toascii
<LI><a href="#[8c]">&gt;&gt;</a>&nbsp;&nbsp;&nbsp;__2fprintf
</UL>

<P><STRONG><a name="[6]"></a>PMU_IRQHandler</STRONG> (Thumb, 92 bytes, Stack size 8 bytes, ht6xxx_it.o(.text))
<BR><BR>[Stack]<UL><LI>Max Depth = 8<LI>Call Chain = PMU_IRQHandler
</UL>
<BR>[Calls]<UL><LI><a href="#[91]">&gt;&gt;</a>&nbsp;&nbsp;&nbsp;SystemTick_Interrupt_On
<LI><a href="#[8f]">&gt;&gt;</a>&nbsp;&nbsp;&nbsp;SystemTick_Interrupt_Off
<LI><a href="#[90]">&gt;&gt;</a>&nbsp;&nbsp;&nbsp;OnLine_Dete
<LI><a href="#[8d]">&gt;&gt;</a>&nbsp;&nbsp;&nbsp;HT_PMU_ITFlagStatusGet
<LI><a href="#[8e]">&gt;&gt;</a>&nbsp;&nbsp;&nbsp;HT_PMU_ClearITPendingBit
</UL>
<BR>[Address Reference Count : 1]<UL><LI> startup_ht501x.o(RESET)
</UL>
<P><STRONG><a name="[7]"></a>AES_IRQHandler</STRONG> (Thumb, 2 bytes, Stack size 0 bytes, ht6xxx_it.o(.text))
<BR>[Address Reference Count : 1]<UL><LI> startup_ht501x.o(RESET)
</UL>
<P><STRONG><a name="[8]"></a>EXTI0_IRQHandler</STRONG> (Thumb, 36 bytes, Stack size 8 bytes, ht6xxx_it.o(.text))
<BR><BR>[Stack]<UL><LI>Max Depth = 8<LI>Call Chain = EXTI0_IRQHandler
</UL>
<BR>[Calls]<UL><LI><a href="#[92]">&gt;&gt;</a>&nbsp;&nbsp;&nbsp;HT_EXTIRise_ITFlagStatusGet
<LI><a href="#[93]">&gt;&gt;</a>&nbsp;&nbsp;&nbsp;HT_EXTIRise_ClearITPendingBit
<LI><a href="#[94]">&gt;&gt;</a>&nbsp;&nbsp;&nbsp;HT_EXTIFall_ITFlagStatusGet
<LI><a href="#[95]">&gt;&gt;</a>&nbsp;&nbsp;&nbsp;HT_EXTIFall_ClearITPendingBit
</UL>
<BR>[Address Reference Count : 1]<UL><LI> startup_ht501x.o(RESET)
</UL>
<P><STRONG><a name="[9]"></a>EXTI1_IRQHandler</STRONG> (Thumb, 38 bytes, Stack size 8 bytes, ht6xxx_it.o(.text))
<BR><BR>[Stack]<UL><LI>Max Depth = 8<LI>Call Chain = EXTI1_IRQHandler
</UL>
<BR>[Calls]<UL><LI><a href="#[92]">&gt;&gt;</a>&nbsp;&nbsp;&nbsp;HT_EXTIRise_ITFlagStatusGet
<LI><a href="#[93]">&gt;&gt;</a>&nbsp;&nbsp;&nbsp;HT_EXTIRise_ClearITPendingBit
<LI><a href="#[94]">&gt;&gt;</a>&nbsp;&nbsp;&nbsp;HT_EXTIFall_ITFlagStatusGet
<LI><a href="#[95]">&gt;&gt;</a>&nbsp;&nbsp;&nbsp;HT_EXTIFall_ClearITPendingBit
</UL>
<BR>[Address Reference Count : 1]<UL><LI> startup_ht501x.o(RESET)
</UL>
<P><STRONG><a name="[a]"></a>EXTI2_IRQHandler</STRONG> (Thumb, 38 bytes, Stack size 8 bytes, ht6xxx_it.o(.text))
<BR><BR>[Stack]<UL><LI>Max Depth = 8<LI>Call Chain = EXTI2_IRQHandler
</UL>
<BR>[Calls]<UL><LI><a href="#[92]">&gt;&gt;</a>&nbsp;&nbsp;&nbsp;HT_EXTIRise_ITFlagStatusGet
<LI><a href="#[93]">&gt;&gt;</a>&nbsp;&nbsp;&nbsp;HT_EXTIRise_ClearITPendingBit
<LI><a href="#[94]">&gt;&gt;</a>&nbsp;&nbsp;&nbsp;HT_EXTIFall_ITFlagStatusGet
<LI><a href="#[95]">&gt;&gt;</a>&nbsp;&nbsp;&nbsp;HT_EXTIFall_ClearITPendingBit
</UL>
<BR>[Address Reference Count : 1]<UL><LI> startup_ht501x.o(RESET)
</UL>
<P><STRONG><a name="[b]"></a>EXTI3_IRQHandler</STRONG> (Thumb, 38 bytes, Stack size 8 bytes, ht6xxx_it.o(.text))
<BR><BR>[Stack]<UL><LI>Max Depth = 8<LI>Call Chain = EXTI3_IRQHandler
</UL>
<BR>[Calls]<UL><LI><a href="#[92]">&gt;&gt;</a>&nbsp;&nbsp;&nbsp;HT_EXTIRise_ITFlagStatusGet
<LI><a href="#[93]">&gt;&gt;</a>&nbsp;&nbsp;&nbsp;HT_EXTIRise_ClearITPendingBit
<LI><a href="#[94]">&gt;&gt;</a>&nbsp;&nbsp;&nbsp;HT_EXTIFall_ITFlagStatusGet
<LI><a href="#[95]">&gt;&gt;</a>&nbsp;&nbsp;&nbsp;HT_EXTIFall_ClearITPendingBit
</UL>
<BR>[Address Reference Count : 1]<UL><LI> startup_ht501x.o(RESET)
</UL>
<P><STRONG><a name="[c]"></a>EXTI4_IRQHandler</STRONG> (Thumb, 38 bytes, Stack size 8 bytes, ht6xxx_it.o(.text))
<BR><BR>[Stack]<UL><LI>Max Depth = 8<LI>Call Chain = EXTI4_IRQHandler
</UL>
<BR>[Calls]<UL><LI><a href="#[92]">&gt;&gt;</a>&nbsp;&nbsp;&nbsp;HT_EXTIRise_ITFlagStatusGet
<LI><a href="#[93]">&gt;&gt;</a>&nbsp;&nbsp;&nbsp;HT_EXTIRise_ClearITPendingBit
<LI><a href="#[94]">&gt;&gt;</a>&nbsp;&nbsp;&nbsp;HT_EXTIFall_ITFlagStatusGet
<LI><a href="#[95]">&gt;&gt;</a>&nbsp;&nbsp;&nbsp;HT_EXTIFall_ClearITPendingBit
</UL>
<BR>[Address Reference Count : 1]<UL><LI> startup_ht501x.o(RESET)
</UL>
<P><STRONG><a name="[d]"></a>EXTI5_IRQHandler</STRONG> (Thumb, 38 bytes, Stack size 8 bytes, ht6xxx_it.o(.text))
<BR><BR>[Stack]<UL><LI>Max Depth = 8<LI>Call Chain = EXTI5_IRQHandler
</UL>
<BR>[Calls]<UL><LI><a href="#[92]">&gt;&gt;</a>&nbsp;&nbsp;&nbsp;HT_EXTIRise_ITFlagStatusGet
<LI><a href="#[93]">&gt;&gt;</a>&nbsp;&nbsp;&nbsp;HT_EXTIRise_ClearITPendingBit
<LI><a href="#[94]">&gt;&gt;</a>&nbsp;&nbsp;&nbsp;HT_EXTIFall_ITFlagStatusGet
<LI><a href="#[95]">&gt;&gt;</a>&nbsp;&nbsp;&nbsp;HT_EXTIFall_ClearITPendingBit
</UL>
<BR>[Address Reference Count : 1]<UL><LI> startup_ht501x.o(RESET)
</UL>
<P><STRONG><a name="[e]"></a>EXTI6_IRQHandler</STRONG> (Thumb, 38 bytes, Stack size 8 bytes, ht6xxx_it.o(.text))
<BR><BR>[Stack]<UL><LI>Max Depth = 8<LI>Call Chain = EXTI6_IRQHandler
</UL>
<BR>[Calls]<UL><LI><a href="#[92]">&gt;&gt;</a>&nbsp;&nbsp;&nbsp;HT_EXTIRise_ITFlagStatusGet
<LI><a href="#[93]">&gt;&gt;</a>&nbsp;&nbsp;&nbsp;HT_EXTIRise_ClearITPendingBit
<LI><a href="#[94]">&gt;&gt;</a>&nbsp;&nbsp;&nbsp;HT_EXTIFall_ITFlagStatusGet
<LI><a href="#[95]">&gt;&gt;</a>&nbsp;&nbsp;&nbsp;HT_EXTIFall_ClearITPendingBit
</UL>
<BR>[Address Reference Count : 1]<UL><LI> startup_ht501x.o(RESET)
</UL>
<P><STRONG><a name="[f]"></a>UART0_IRQHandler</STRONG> (Thumb, 56 bytes, Stack size 8 bytes, ht6xxx_it.o(.text))
<BR><BR>[Stack]<UL><LI>Max Depth = 48<LI>Call Chain = UART0_IRQHandler &rArr; Uart_SendIntFun &rArr; UART_INTENABLE
</UL>
<BR>[Calls]<UL><LI><a href="#[98]">&gt;&gt;</a>&nbsp;&nbsp;&nbsp;Uart_SendIntFun
<LI><a href="#[99]">&gt;&gt;</a>&nbsp;&nbsp;&nbsp;Uart_ReceIntFun
<LI><a href="#[96]">&gt;&gt;</a>&nbsp;&nbsp;&nbsp;HT_UART_ITFlagStatusGet
<LI><a href="#[97]">&gt;&gt;</a>&nbsp;&nbsp;&nbsp;HT_UART_ClearITPendingBit
</UL>
<BR>[Address Reference Count : 1]<UL><LI> startup_ht501x.o(RESET)
</UL>
<P><STRONG><a name="[10]"></a>UART1_IRQHandler</STRONG> (Thumb, 44 bytes, Stack size 8 bytes, ht6xxx_it.o(.text))
<BR><BR>[Stack]<UL><LI>Max Depth = 8<LI>Call Chain = UART1_IRQHandler
</UL>
<BR>[Calls]<UL><LI><a href="#[96]">&gt;&gt;</a>&nbsp;&nbsp;&nbsp;HT_UART_ITFlagStatusGet
<LI><a href="#[97]">&gt;&gt;</a>&nbsp;&nbsp;&nbsp;HT_UART_ClearITPendingBit
</UL>
<BR>[Address Reference Count : 1]<UL><LI> startup_ht501x.o(RESET)
</UL>
<P><STRONG><a name="[11]"></a>UART2_IRQHandler</STRONG> (Thumb, 44 bytes, Stack size 8 bytes, ht6xxx_it.o(.text))
<BR><BR>[Stack]<UL><LI>Max Depth = 8<LI>Call Chain = UART2_IRQHandler
</UL>
<BR>[Calls]<UL><LI><a href="#[96]">&gt;&gt;</a>&nbsp;&nbsp;&nbsp;HT_UART_ITFlagStatusGet
<LI><a href="#[97]">&gt;&gt;</a>&nbsp;&nbsp;&nbsp;HT_UART_ClearITPendingBit
</UL>
<BR>[Address Reference Count : 1]<UL><LI> startup_ht501x.o(RESET)
</UL>
<P><STRONG><a name="[12]"></a>UART3_IRQHandler</STRONG> (Thumb, 116 bytes, Stack size 8 bytes, ht6xxx_it.o(.text))
<BR><BR>[Stack]<UL><LI>Max Depth = 48<LI>Call Chain = UART3_IRQHandler &rArr; Uart_SendIntFun &rArr; UART_INTENABLE
</UL>
<BR>[Calls]<UL><LI><a href="#[98]">&gt;&gt;</a>&nbsp;&nbsp;&nbsp;Uart_SendIntFun
<LI><a href="#[99]">&gt;&gt;</a>&nbsp;&nbsp;&nbsp;Uart_ReceIntFun
<LI><a href="#[96]">&gt;&gt;</a>&nbsp;&nbsp;&nbsp;HT_UART_ITFlagStatusGet
<LI><a href="#[97]">&gt;&gt;</a>&nbsp;&nbsp;&nbsp;HT_UART_ClearITPendingBit
<LI><a href="#[9a]">&gt;&gt;</a>&nbsp;&nbsp;&nbsp;HT_ISO7816_ITFlagStatusGet
<LI><a href="#[9b]">&gt;&gt;</a>&nbsp;&nbsp;&nbsp;HT_ISO7816_ClearITPendingBit
</UL>
<BR>[Address Reference Count : 1]<UL><LI> startup_ht501x.o(RESET)
</UL>
<P><STRONG><a name="[13]"></a>UART4_IRQHandler</STRONG> (Thumb, 104 bytes, Stack size 8 bytes, ht6xxx_it.o(.text))
<BR><BR>[Stack]<UL><LI>Max Depth = 8<LI>Call Chain = UART4_IRQHandler
</UL>
<BR>[Calls]<UL><LI><a href="#[96]">&gt;&gt;</a>&nbsp;&nbsp;&nbsp;HT_UART_ITFlagStatusGet
<LI><a href="#[97]">&gt;&gt;</a>&nbsp;&nbsp;&nbsp;HT_UART_ClearITPendingBit
<LI><a href="#[9a]">&gt;&gt;</a>&nbsp;&nbsp;&nbsp;HT_ISO7816_ITFlagStatusGet
<LI><a href="#[9b]">&gt;&gt;</a>&nbsp;&nbsp;&nbsp;HT_ISO7816_ClearITPendingBit
</UL>
<BR>[Address Reference Count : 1]<UL><LI> startup_ht501x.o(RESET)
</UL>
<P><STRONG><a name="[14]"></a>UART5_IRQHandler</STRONG> (Thumb, 44 bytes, Stack size 8 bytes, ht6xxx_it.o(.text))
<BR><BR>[Stack]<UL><LI>Max Depth = 8<LI>Call Chain = UART5_IRQHandler
</UL>
<BR>[Calls]<UL><LI><a href="#[96]">&gt;&gt;</a>&nbsp;&nbsp;&nbsp;HT_UART_ITFlagStatusGet
<LI><a href="#[97]">&gt;&gt;</a>&nbsp;&nbsp;&nbsp;HT_UART_ClearITPendingBit
</UL>
<BR>[Address Reference Count : 1]<UL><LI> startup_ht501x.o(RESET)
</UL>
<P><STRONG><a name="[15]"></a>TIMER_0_IRQHandler</STRONG> (Thumb, 64 bytes, Stack size 8 bytes, ht6xxx_it.o(.text))
<BR><BR>[Stack]<UL><LI>Max Depth = 8<LI>Call Chain = TIMER_0_IRQHandler
</UL>
<BR>[Calls]<UL><LI><a href="#[9c]">&gt;&gt;</a>&nbsp;&nbsp;&nbsp;HT_TMR_ITFlagStatusGet
<LI><a href="#[9d]">&gt;&gt;</a>&nbsp;&nbsp;&nbsp;HT_TMR_ClearITPendingBit
</UL>
<BR>[Address Reference Count : 1]<UL><LI> startup_ht501x.o(RESET)
</UL>
<P><STRONG><a name="[16]"></a>TIMER_1_IRQHandler</STRONG> (Thumb, 64 bytes, Stack size 8 bytes, ht6xxx_it.o(.text))
<BR><BR>[Stack]<UL><LI>Max Depth = 8<LI>Call Chain = TIMER_1_IRQHandler
</UL>
<BR>[Calls]<UL><LI><a href="#[9c]">&gt;&gt;</a>&nbsp;&nbsp;&nbsp;HT_TMR_ITFlagStatusGet
<LI><a href="#[9d]">&gt;&gt;</a>&nbsp;&nbsp;&nbsp;HT_TMR_ClearITPendingBit
</UL>
<BR>[Address Reference Count : 1]<UL><LI> startup_ht501x.o(RESET)
</UL>
<P><STRONG><a name="[17]"></a>TIMER_2_IRQHandler</STRONG> (Thumb, 64 bytes, Stack size 8 bytes, ht6xxx_it.o(.text))
<BR><BR>[Stack]<UL><LI>Max Depth = 8<LI>Call Chain = TIMER_2_IRQHandler
</UL>
<BR>[Calls]<UL><LI><a href="#[9c]">&gt;&gt;</a>&nbsp;&nbsp;&nbsp;HT_TMR_ITFlagStatusGet
<LI><a href="#[9d]">&gt;&gt;</a>&nbsp;&nbsp;&nbsp;HT_TMR_ClearITPendingBit
</UL>
<BR>[Address Reference Count : 1]<UL><LI> startup_ht501x.o(RESET)
</UL>
<P><STRONG><a name="[18]"></a>TIMER_3_IRQHandler</STRONG> (Thumb, 106 bytes, Stack size 8 bytes, ht6xxx_it.o(.text))
<BR><BR>[Stack]<UL><LI>Max Depth = 8<LI>Call Chain = TIMER_3_IRQHandler
</UL>
<BR>[Calls]<UL><LI><a href="#[9c]">&gt;&gt;</a>&nbsp;&nbsp;&nbsp;HT_TMR_ITFlagStatusGet
<LI><a href="#[9d]">&gt;&gt;</a>&nbsp;&nbsp;&nbsp;HT_TMR_ClearITPendingBit
</UL>
<BR>[Address Reference Count : 1]<UL><LI> startup_ht501x.o(RESET)
</UL>
<P><STRONG><a name="[19]"></a>TBS_IRQHandler</STRONG> (Thumb, 98 bytes, Stack size 8 bytes, ht6xxx_it.o(.text))
<BR><BR>[Stack]<UL><LI>Max Depth = 8<LI>Call Chain = TBS_IRQHandler
</UL>
<BR>[Calls]<UL><LI><a href="#[9e]">&gt;&gt;</a>&nbsp;&nbsp;&nbsp;HT_TBS_ITFlagStatusGet
<LI><a href="#[9f]">&gt;&gt;</a>&nbsp;&nbsp;&nbsp;HT_TBS_ClearITPendingBit
</UL>
<BR>[Address Reference Count : 1]<UL><LI> startup_ht501x.o(RESET)
</UL>
<P><STRONG><a name="[1a]"></a>RTC_IRQHandler</STRONG> (Thumb, 58 bytes, Stack size 0 bytes, ht6xxx_it.o(.text))
<BR>[Address Reference Count : 1]<UL><LI> startup_ht501x.o(RESET)
</UL>
<P><STRONG><a name="[1b]"></a>I2C_IRQHandler</STRONG> (Thumb, 2 bytes, Stack size 0 bytes, ht6xxx_it.o(.text))
<BR>[Address Reference Count : 1]<UL><LI> startup_ht501x.o(RESET)
</UL>
<P><STRONG><a name="[1c]"></a>SPI0_IRQHandler</STRONG> (Thumb, 44 bytes, Stack size 8 bytes, ht6xxx_it.o(.text))
<BR><BR>[Stack]<UL><LI>Max Depth = 8<LI>Call Chain = SPI0_IRQHandler
</UL>
<BR>[Calls]<UL><LI><a href="#[a0]">&gt;&gt;</a>&nbsp;&nbsp;&nbsp;HT_SPI_ITFlagStatusGet
<LI><a href="#[a1]">&gt;&gt;</a>&nbsp;&nbsp;&nbsp;HT_SPI_ClearITPendingBit
</UL>
<BR>[Address Reference Count : 1]<UL><LI> startup_ht501x.o(RESET)
</UL>
<P><STRONG><a name="[1e]"></a>EMU_IRQHandler</STRONG> (Thumb, 2 bytes, Stack size 0 bytes, ht6xxx_it.o(.text))
<BR>[Address Reference Count : 1]<UL><LI> startup_ht501x.o(RESET)
</UL>
<P><STRONG><a name="[1f]"></a>DMA_IRQHandler</STRONG> (Thumb, 2 bytes, Stack size 0 bytes, ht6xxx_it.o(.text))
<BR>[Address Reference Count : 1]<UL><LI> startup_ht501x.o(RESET)
</UL>
<P><STRONG><a name="[20]"></a>KEY_IRQHandler</STRONG> (Thumb, 2 bytes, Stack size 0 bytes, ht6xxx_it.o(.text))
<BR>[Address Reference Count : 1]<UL><LI> startup_ht501x.o(RESET)
</UL>
<P><STRONG><a name="[78]"></a>softtimer_run</STRONG> (Thumb, 104 bytes, Stack size 12 bytes, soft_timer_filter.o(.text))
<BR><BR>[Stack]<UL><LI>Max Depth = 12<LI>Call Chain = softtimer_run
</UL>
<BR>[Called By]<UL><LI><a href="#[21]">&gt;&gt;</a>&nbsp;&nbsp;&nbsp;main
</UL>

<P><STRONG><a name="[1fe]"></a>RSet_SoftTime</STRONG> (Thumb, 48 bytes, Stack size 12 bytes, soft_timer_filter.o(.text), UNUSED)

<P><STRONG><a name="[7d]"></a>Set_SoftTime</STRONG> (Thumb, 78 bytes, Stack size 16 bytes, soft_timer_filter.o(.text))
<BR><BR>[Stack]<UL><LI>Max Depth = 16<LI>Call Chain = Set_SoftTime
</UL>
<BR>[Called By]<UL><LI><a href="#[21]">&gt;&gt;</a>&nbsp;&nbsp;&nbsp;main
</UL>

<P><STRONG><a name="[67]"></a>LCD_Init</STRONG> (Thumb, 38 bytes, Stack size 16 bytes, lcdio.o(.text))
<BR><BR>[Stack]<UL><LI>Max Depth = 24<LI>Call Chain = LCD_Init &rArr; HT_CMU_ClkCtrl0Config
</UL>
<BR>[Calls]<UL><LI><a href="#[a3]">&gt;&gt;</a>&nbsp;&nbsp;&nbsp;HT_LCD_Init
<LI><a href="#[a2]">&gt;&gt;</a>&nbsp;&nbsp;&nbsp;HT_CMU_ClkCtrl0Config
</UL>
<BR>[Called By]<UL><LI><a href="#[21]">&gt;&gt;</a>&nbsp;&nbsp;&nbsp;main
</UL>

<P><STRONG><a name="[69]"></a>UpdateDisp</STRONG> (Thumb, 66 bytes, Stack size 0 bytes, lcdio.o(.text))
<BR><BR>[Called By]<UL><LI><a href="#[f2]">&gt;&gt;</a>&nbsp;&nbsp;&nbsp;InitDispProg
<LI><a href="#[75]">&gt;&gt;</a>&nbsp;&nbsp;&nbsp;UpDisp
<LI><a href="#[21]">&gt;&gt;</a>&nbsp;&nbsp;&nbsp;main
</UL>

<P><STRONG><a name="[23]"></a>SystemInit</STRONG> (Thumb, 2 bytes, Stack size 0 bytes, system_ht6xxx.o(.text))
<BR>[Address Reference Count : 1]<UL><LI> startup_ht501x.o(.text)
</UL>
<P><STRONG><a name="[0]"></a>Reset_Handler</STRONG> (Thumb, 8 bytes, Stack size 0 bytes, startup_ht501x.o(.text))
<BR>[Address Reference Count : 1]<UL><LI> startup_ht501x.o(RESET)
</UL>
<P><STRONG><a name="[1]"></a>NMI_Handler</STRONG> (Thumb, 2 bytes, Stack size 0 bytes, startup_ht501x.o(.text))
<BR><BR>[Calls]<UL><LI><a href="#[1]">&gt;&gt;</a>&nbsp;&nbsp;&nbsp;NMI_Handler
</UL>
<BR>[Called By]<UL><LI><a href="#[1]">&gt;&gt;</a>&nbsp;&nbsp;&nbsp;NMI_Handler
</UL>
<BR>[Address Reference Count : 1]<UL><LI> startup_ht501x.o(RESET)
</UL>
<P><STRONG><a name="[2]"></a>HardFault_Handler</STRONG> (Thumb, 2 bytes, Stack size 0 bytes, startup_ht501x.o(.text))
<BR><BR>[Calls]<UL><LI><a href="#[2]">&gt;&gt;</a>&nbsp;&nbsp;&nbsp;HardFault_Handler
</UL>
<BR>[Called By]<UL><LI><a href="#[2]">&gt;&gt;</a>&nbsp;&nbsp;&nbsp;HardFault_Handler
</UL>
<BR>[Address Reference Count : 1]<UL><LI> startup_ht501x.o(RESET)
</UL>
<P><STRONG><a name="[3]"></a>SVC_Handler</STRONG> (Thumb, 2 bytes, Stack size 0 bytes, startup_ht501x.o(.text))
<BR><BR>[Calls]<UL><LI><a href="#[3]">&gt;&gt;</a>&nbsp;&nbsp;&nbsp;SVC_Handler
</UL>
<BR>[Called By]<UL><LI><a href="#[3]">&gt;&gt;</a>&nbsp;&nbsp;&nbsp;SVC_Handler
</UL>
<BR>[Address Reference Count : 1]<UL><LI> startup_ht501x.o(RESET)
</UL>
<P><STRONG><a name="[4]"></a>PendSV_Handler</STRONG> (Thumb, 2 bytes, Stack size 0 bytes, startup_ht501x.o(.text))
<BR><BR>[Calls]<UL><LI><a href="#[4]">&gt;&gt;</a>&nbsp;&nbsp;&nbsp;PendSV_Handler
</UL>
<BR>[Called By]<UL><LI><a href="#[4]">&gt;&gt;</a>&nbsp;&nbsp;&nbsp;PendSV_Handler
</UL>
<BR>[Address Reference Count : 1]<UL><LI> startup_ht501x.o(RESET)
</UL>
<P><STRONG><a name="[1d]"></a>Reserved_IRQHandler</STRONG> (Thumb, 0 bytes, Stack size 0 bytes, startup_ht501x.o(.text))
<BR><BR>[Calls]<UL><LI><a href="#[1d]">&gt;&gt;</a>&nbsp;&nbsp;&nbsp;Reserved_IRQHandler
</UL>
<BR>[Called By]<UL><LI><a href="#[1d]">&gt;&gt;</a>&nbsp;&nbsp;&nbsp;Reserved_IRQHandler
</UL>
<BR>[Address Reference Count : 1]<UL><LI> startup_ht501x.o(RESET)
</UL>
<P><STRONG><a name="[1ff]"></a>__I$use$fp</STRONG> (Thumb, 0 bytes, Stack size unknown bytes, iusefp.o(.text), UNUSED)

<P><STRONG><a name="[200]"></a>__I$use$semihosting$fputc</STRONG> (Thumb, 0 bytes, Stack size unknown bytes, iusesemip.o(.text), UNUSED)

<P><STRONG><a name="[201]"></a>__scatterload_null</STRONG> (Thumb, 2 bytes, Stack size unknown bytes, handlers.o(i.__scatterload_null), UNUSED)

<P><STRONG><a name="[202]"></a>__semihosting_library_function</STRONG> (Thumb, 0 bytes, Stack size unknown bytes, semi.o(.text), UNUSED)

<P><STRONG><a name="[85]"></a>stBedge</STRONG> (Thumb, 46 bytes, Stack size 16 bytes, bit_edge.o(.text))
<BR><BR>[Stack]<UL><LI>Max Depth = 16<LI>Call Chain = stBedge
</UL>
<BR>[Called By]<UL><LI><a href="#[21]">&gt;&gt;</a>&nbsp;&nbsp;&nbsp;main
</UL>

<P><STRONG><a name="[203]"></a>DTbitSave</STRONG> (Thumb, 2 bytes, Stack size 0 bytes, bit_edge.o(.text), UNUSED)

<P><STRONG><a name="[a5]"></a>DTbitGet</STRONG> (Thumb, 72 bytes, Stack size 16 bytes, bit_edge.o(.text))
<BR><BR>[Stack]<UL><LI>Max Depth = 16<LI>Call Chain = DTbitGet
</UL>
<BR>[Called By]<UL><LI><a href="#[6e]">&gt;&gt;</a>&nbsp;&nbsp;&nbsp;bitstruct_init
</UL>

<P><STRONG><a name="[76]"></a>timeclock_get</STRONG> (Thumb, 236 bytes, Stack size 8 bytes, bit_edge.o(.text))
<BR><BR>[Stack]<UL><LI>Max Depth = 8<LI>Call Chain = timeclock_get
</UL>
<BR>[Calls]<UL><LI><a href="#[a4]">&gt;&gt;</a>&nbsp;&nbsp;&nbsp;__aeabi_memclr
<LI><a href="#[60]">&gt;&gt;</a>&nbsp;&nbsp;&nbsp;__aeabi_memcpy
</UL>
<BR>[Called By]<UL><LI><a href="#[21]">&gt;&gt;</a>&nbsp;&nbsp;&nbsp;main
</UL>

<P><STRONG><a name="[86]"></a>timeclock_clear</STRONG> (Thumb, 86 bytes, Stack size 0 bytes, bit_edge.o(.text))
<BR><BR>[Called By]<UL><LI><a href="#[21]">&gt;&gt;</a>&nbsp;&nbsp;&nbsp;main
</UL>

<P><STRONG><a name="[6e]"></a>bitstruct_init</STRONG> (Thumb, 40 bytes, Stack size 8 bytes, bit_edge.o(.text))
<BR><BR>[Stack]<UL><LI>Max Depth = 24<LI>Call Chain = bitstruct_init &rArr; DTbitGet
</UL>
<BR>[Calls]<UL><LI><a href="#[a5]">&gt;&gt;</a>&nbsp;&nbsp;&nbsp;DTbitGet
</UL>
<BR>[Called By]<UL><LI><a href="#[21]">&gt;&gt;</a>&nbsp;&nbsp;&nbsp;main
</UL>

<P><STRONG><a name="[65]"></a>delay</STRONG> (Thumb, 10 bytes, Stack size 0 bytes, emu.o(.text))
<BR><BR>[Called By]<UL><LI><a href="#[bf]">&gt;&gt;</a>&nbsp;&nbsp;&nbsp;fast_get_rmsi1
<LI><a href="#[6f]">&gt;&gt;</a>&nbsp;&nbsp;&nbsp;emu_init
<LI><a href="#[88]">&gt;&gt;</a>&nbsp;&nbsp;&nbsp;open_pll_tmp
<LI><a href="#[87]">&gt;&gt;</a>&nbsp;&nbsp;&nbsp;open_pll
<LI><a href="#[21]">&gt;&gt;</a>&nbsp;&nbsp;&nbsp;main
<LI><a href="#[63]">&gt;&gt;</a>&nbsp;&nbsp;&nbsp;CMU_Init
</UL>

<P><STRONG><a name="[59]"></a>Read_EPADR</STRONG> (Thumb, 10 bytes, Stack size 0 bytes, emu.o(.text))
<BR><BR>[Called By]<UL><LI><a href="#[c3]">&gt;&gt;</a>&nbsp;&nbsp;&nbsp;Emu_StructData_To_Chip
<LI><a href="#[bf]">&gt;&gt;</a>&nbsp;&nbsp;&nbsp;fast_get_rmsi1
<LI><a href="#[bd]">&gt;&gt;</a>&nbsp;&nbsp;&nbsp;ReadPowerP
<LI><a href="#[bc]">&gt;&gt;</a>&nbsp;&nbsp;&nbsp;ReadI1rms
<LI><a href="#[ba]">&gt;&gt;</a>&nbsp;&nbsp;&nbsp;ReadUrms
<LI><a href="#[6f]">&gt;&gt;</a>&nbsp;&nbsp;&nbsp;emu_init
<LI><a href="#[58]">&gt;&gt;</a>&nbsp;&nbsp;&nbsp;Do_Use
<LI><a href="#[41]">&gt;&gt;</a>&nbsp;&nbsp;&nbsp;Jbregread
<LI><a href="#[40]">&gt;&gt;</a>&nbsp;&nbsp;&nbsp;Jlregread
</UL>

<P><STRONG><a name="[a7]"></a>Read_ECADR</STRONG> (Thumb, 10 bytes, Stack size 0 bytes, emu.o(.text))
<BR><BR>[Called By]<UL><LI><a href="#[bf]">&gt;&gt;</a>&nbsp;&nbsp;&nbsp;fast_get_rmsi1
<LI><a href="#[a6]">&gt;&gt;</a>&nbsp;&nbsp;&nbsp;Emu_Chip_to_StructData
<LI><a href="#[83]">&gt;&gt;</a>&nbsp;&nbsp;&nbsp;Emu_Var_Write
<LI><a href="#[41]">&gt;&gt;</a>&nbsp;&nbsp;&nbsp;Jbregread
</UL>

<P><STRONG><a name="[a6]"></a>Emu_Chip_to_StructData</STRONG> (Thumb, 850 bytes, Stack size 8 bytes, emu.o(.text))
<BR><BR>[Stack]<UL><LI>Max Depth = 28<LI>Call Chain = Emu_Chip_to_StructData &rArr; __aeabi_ui2f &rArr; _float_epilogue
</UL>
<BR>[Calls]<UL><LI><a href="#[a8]">&gt;&gt;</a>&nbsp;&nbsp;&nbsp;__aeabi_ui2f
<LI><a href="#[a7]">&gt;&gt;</a>&nbsp;&nbsp;&nbsp;Read_ECADR
</UL>
<BR>[Called By]<UL><LI><a href="#[b0]">&gt;&gt;</a>&nbsp;&nbsp;&nbsp;load_emu_var_const
<LI><a href="#[af]">&gt;&gt;</a>&nbsp;&nbsp;&nbsp;load_emu_var_32k
<LI><a href="#[ae]">&gt;&gt;</a>&nbsp;&nbsp;&nbsp;load_emu_var_225k
<LI><a href="#[ab]">&gt;&gt;</a>&nbsp;&nbsp;&nbsp;load_emu_var
<LI><a href="#[aa]">&gt;&gt;</a>&nbsp;&nbsp;&nbsp;emu_var_cal
<LI><a href="#[41]">&gt;&gt;</a>&nbsp;&nbsp;&nbsp;Jbregread
</UL>

<P><STRONG><a name="[84]"></a>Write_ECADR</STRONG> (Thumb, 8 bytes, Stack size 0 bytes, emu.o(.text))
<BR><BR>[Called By]<UL><LI><a href="#[ce]">&gt;&gt;</a>&nbsp;&nbsp;&nbsp;Emu_StoretData_Init
<LI><a href="#[c3]">&gt;&gt;</a>&nbsp;&nbsp;&nbsp;Emu_StructData_To_Chip
<LI><a href="#[c0]">&gt;&gt;</a>&nbsp;&nbsp;&nbsp;write_power_data
<LI><a href="#[bf]">&gt;&gt;</a>&nbsp;&nbsp;&nbsp;fast_get_rmsi1
<LI><a href="#[a9]">&gt;&gt;</a>&nbsp;&nbsp;&nbsp;Emu_StoretData_To_Chip
<LI><a href="#[21]">&gt;&gt;</a>&nbsp;&nbsp;&nbsp;main
<LI><a href="#[41]">&gt;&gt;</a>&nbsp;&nbsp;&nbsp;Jbregread
</UL>

<P><STRONG><a name="[a9]"></a>Emu_StoretData_To_Chip</STRONG> (Thumb, 36 bytes, Stack size 16 bytes, emu.o(.text))
<BR><BR>[Stack]<UL><LI>Max Depth = 16<LI>Call Chain = Emu_StoretData_To_Chip
</UL>
<BR>[Calls]<UL><LI><a href="#[84]">&gt;&gt;</a>&nbsp;&nbsp;&nbsp;Write_ECADR
</UL>
<BR>[Called By]<UL><LI><a href="#[ce]">&gt;&gt;</a>&nbsp;&nbsp;&nbsp;Emu_StoretData_Init
<LI><a href="#[aa]">&gt;&gt;</a>&nbsp;&nbsp;&nbsp;emu_var_cal
</UL>

<P><STRONG><a name="[6f]"></a>emu_init</STRONG> (Thumb, 210 bytes, Stack size 8 bytes, emu.o(.text))
<BR><BR>[Stack]<UL><LI>Max Depth = 44<LI>Call Chain = emu_init &rArr; emu_var_cal &rArr; Emu_Chip_to_StructData &rArr; __aeabi_ui2f &rArr; _float_epilogue
</UL>
<BR>[Calls]<UL><LI><a href="#[aa]">&gt;&gt;</a>&nbsp;&nbsp;&nbsp;emu_var_cal
<LI><a href="#[65]">&gt;&gt;</a>&nbsp;&nbsp;&nbsp;delay
<LI><a href="#[59]">&gt;&gt;</a>&nbsp;&nbsp;&nbsp;Read_EPADR
</UL>
<BR>[Called By]<UL><LI><a href="#[7f]">&gt;&gt;</a>&nbsp;&nbsp;&nbsp;emu_proc
<LI><a href="#[21]">&gt;&gt;</a>&nbsp;&nbsp;&nbsp;main
</UL>

<P><STRONG><a name="[ad]"></a>get_checksum</STRONG> (Thumb, 34 bytes, Stack size 16 bytes, emu.o(.text), UNUSED)
<BR><BR>[Called By]<UL><LI><a href="#[b0]">&gt;&gt;</a>&nbsp;&nbsp;&nbsp;load_emu_var_const
<LI><a href="#[af]">&gt;&gt;</a>&nbsp;&nbsp;&nbsp;load_emu_var_32k
<LI><a href="#[ae]">&gt;&gt;</a>&nbsp;&nbsp;&nbsp;load_emu_var_225k
<LI><a href="#[ab]">&gt;&gt;</a>&nbsp;&nbsp;&nbsp;load_emu_var
</UL>

<P><STRONG><a name="[ac]"></a>check_checksum</STRONG> (Thumb, 50 bytes, Stack size 16 bytes, emu.o(.text))
<BR><BR>[Stack]<UL><LI>Max Depth = 16<LI>Call Chain = check_checksum
</UL>
<BR>[Called By]<UL><LI><a href="#[b0]">&gt;&gt;</a>&nbsp;&nbsp;&nbsp;load_emu_var_const
<LI><a href="#[af]">&gt;&gt;</a>&nbsp;&nbsp;&nbsp;load_emu_var_32k
<LI><a href="#[ae]">&gt;&gt;</a>&nbsp;&nbsp;&nbsp;load_emu_var_225k
<LI><a href="#[ab]">&gt;&gt;</a>&nbsp;&nbsp;&nbsp;load_emu_var
<LI><a href="#[7f]">&gt;&gt;</a>&nbsp;&nbsp;&nbsp;emu_proc
</UL>

<P><STRONG><a name="[204]"></a>emu_calibrate</STRONG> (Thumb, 2 bytes, Stack size 0 bytes, emu.o(.text), UNUSED)

<P><STRONG><a name="[b1]"></a>GetAVR</STRONG> (Thumb, 60 bytes, Stack size 12 bytes, emu.o(.text))
<BR><BR>[Stack]<UL><LI>Max Depth = 12<LI>Call Chain = GetAVR
</UL>
<BR>[Called By]<UL><LI><a href="#[73]">&gt;&gt;</a>&nbsp;&nbsp;&nbsp;vol_read
<LI><a href="#[7f]">&gt;&gt;</a>&nbsp;&nbsp;&nbsp;emu_proc
</UL>

<P><STRONG><a name="[73]"></a>vol_read</STRONG> (Thumb, 60 bytes, Stack size 16 bytes, emu.o(.text))
<BR><BR>[Stack]<UL><LI>Max Depth = 36<LI>Call Chain = vol_read &rArr; __aeabi_ui2f &rArr; _float_epilogue
</UL>
<BR>[Calls]<UL><LI><a href="#[a8]">&gt;&gt;</a>&nbsp;&nbsp;&nbsp;__aeabi_ui2f
<LI><a href="#[b2]">&gt;&gt;</a>&nbsp;&nbsp;&nbsp;__aeabi_fdiv
<LI><a href="#[b3]">&gt;&gt;</a>&nbsp;&nbsp;&nbsp;__aeabi_f2iz
<LI><a href="#[b1]">&gt;&gt;</a>&nbsp;&nbsp;&nbsp;GetAVR
</UL>
<BR>[Called By]<UL><LI><a href="#[21]">&gt;&gt;</a>&nbsp;&nbsp;&nbsp;main
</UL>

<P><STRONG><a name="[7f]"></a>emu_proc</STRONG> (Thumb, 468 bytes, Stack size 48 bytes, emu.o(.text))
<BR><BR>[Stack]<UL><LI>Max Depth = 176<LI>Call Chain = emu_proc &rArr; __aeabi_dmul &rArr; _double_epilogue &rArr; __aeabi_llsr
</UL>
<BR>[Calls]<UL><LI><a href="#[a8]">&gt;&gt;</a>&nbsp;&nbsp;&nbsp;__aeabi_ui2f
<LI><a href="#[b5]">&gt;&gt;</a>&nbsp;&nbsp;&nbsp;__aeabi_ui2d
<LI><a href="#[b2]">&gt;&gt;</a>&nbsp;&nbsp;&nbsp;__aeabi_fdiv
<LI><a href="#[b3]">&gt;&gt;</a>&nbsp;&nbsp;&nbsp;__aeabi_f2iz
<LI><a href="#[b4]">&gt;&gt;</a>&nbsp;&nbsp;&nbsp;__aeabi_f2d
<LI><a href="#[b6]">&gt;&gt;</a>&nbsp;&nbsp;&nbsp;__aeabi_dmul
<LI><a href="#[b7]">&gt;&gt;</a>&nbsp;&nbsp;&nbsp;__aeabi_ddiv
<LI><a href="#[b8]">&gt;&gt;</a>&nbsp;&nbsp;&nbsp;__aeabi_d2uiz
<LI><a href="#[b1]">&gt;&gt;</a>&nbsp;&nbsp;&nbsp;GetAVR
<LI><a href="#[ac]">&gt;&gt;</a>&nbsp;&nbsp;&nbsp;check_checksum
<LI><a href="#[6f]">&gt;&gt;</a>&nbsp;&nbsp;&nbsp;emu_init
<LI><a href="#[b9]">&gt;&gt;</a>&nbsp;&nbsp;&nbsp;__aeabi_idivmod
<LI><a href="#[7a]">&gt;&gt;</a>&nbsp;&nbsp;&nbsp;__aeabi_uidivmod
</UL>
<BR>[Called By]<UL><LI><a href="#[21]">&gt;&gt;</a>&nbsp;&nbsp;&nbsp;main
</UL>

<P><STRONG><a name="[ba]"></a>ReadUrms</STRONG> (Thumb, 38 bytes, Stack size 16 bytes, emu.o(.text), UNUSED)
<BR><BR>[Calls]<UL><LI><a href="#[a8]">&gt;&gt;</a>&nbsp;&nbsp;&nbsp;__aeabi_ui2f
<LI><a href="#[b2]">&gt;&gt;</a>&nbsp;&nbsp;&nbsp;__aeabi_fdiv
<LI><a href="#[bb]">&gt;&gt;</a>&nbsp;&nbsp;&nbsp;__aeabi_f2uiz
<LI><a href="#[59]">&gt;&gt;</a>&nbsp;&nbsp;&nbsp;Read_EPADR
</UL>

<P><STRONG><a name="[bc]"></a>ReadI1rms</STRONG> (Thumb, 38 bytes, Stack size 16 bytes, emu.o(.text), UNUSED)
<BR><BR>[Calls]<UL><LI><a href="#[a8]">&gt;&gt;</a>&nbsp;&nbsp;&nbsp;__aeabi_ui2f
<LI><a href="#[b2]">&gt;&gt;</a>&nbsp;&nbsp;&nbsp;__aeabi_fdiv
<LI><a href="#[bb]">&gt;&gt;</a>&nbsp;&nbsp;&nbsp;__aeabi_f2uiz
<LI><a href="#[59]">&gt;&gt;</a>&nbsp;&nbsp;&nbsp;Read_EPADR
</UL>

<P><STRONG><a name="[bd]"></a>ReadPowerP</STRONG> (Thumb, 88 bytes, Stack size 16 bytes, emu.o(.text), UNUSED)
<BR><BR>[Calls]<UL><LI><a href="#[a8]">&gt;&gt;</a>&nbsp;&nbsp;&nbsp;__aeabi_ui2f
<LI><a href="#[be]">&gt;&gt;</a>&nbsp;&nbsp;&nbsp;__aeabi_fmul
<LI><a href="#[bb]">&gt;&gt;</a>&nbsp;&nbsp;&nbsp;__aeabi_f2uiz
<LI><a href="#[59]">&gt;&gt;</a>&nbsp;&nbsp;&nbsp;Read_EPADR
</UL>

<P><STRONG><a name="[bf]"></a>fast_get_rmsi1</STRONG> (Thumb, 242 bytes, Stack size 24 bytes, emu.o(.text), UNUSED)
<BR><BR>[Calls]<UL><LI><a href="#[a7]">&gt;&gt;</a>&nbsp;&nbsp;&nbsp;Read_ECADR
<LI><a href="#[65]">&gt;&gt;</a>&nbsp;&nbsp;&nbsp;delay
<LI><a href="#[84]">&gt;&gt;</a>&nbsp;&nbsp;&nbsp;Write_ECADR
<LI><a href="#[59]">&gt;&gt;</a>&nbsp;&nbsp;&nbsp;Read_EPADR
<LI><a href="#[88]">&gt;&gt;</a>&nbsp;&nbsp;&nbsp;open_pll_tmp
</UL>
<BR>[Called By]<UL><LI><a href="#[c0]">&gt;&gt;</a>&nbsp;&nbsp;&nbsp;write_power_data
</UL>

<P><STRONG><a name="[c0]"></a>write_power_data</STRONG> (Thumb, 106 bytes, Stack size 32 bytes, emu.o(.text), UNUSED)
<BR><BR>[Calls]<UL><LI><a href="#[a8]">&gt;&gt;</a>&nbsp;&nbsp;&nbsp;__aeabi_ui2f
<LI><a href="#[be]">&gt;&gt;</a>&nbsp;&nbsp;&nbsp;__aeabi_fmul
<LI><a href="#[b2]">&gt;&gt;</a>&nbsp;&nbsp;&nbsp;__aeabi_fdiv
<LI><a href="#[bb]">&gt;&gt;</a>&nbsp;&nbsp;&nbsp;__aeabi_f2uiz
<LI><a href="#[b4]">&gt;&gt;</a>&nbsp;&nbsp;&nbsp;__aeabi_f2d
<LI><a href="#[b6]">&gt;&gt;</a>&nbsp;&nbsp;&nbsp;__aeabi_dmul
<LI><a href="#[c1]">&gt;&gt;</a>&nbsp;&nbsp;&nbsp;__aeabi_d2f
<LI><a href="#[bf]">&gt;&gt;</a>&nbsp;&nbsp;&nbsp;fast_get_rmsi1
<LI><a href="#[84]">&gt;&gt;</a>&nbsp;&nbsp;&nbsp;Write_ECADR
</UL>

<P><STRONG><a name="[c2]"></a>Save_Energy</STRONG> (Thumb, 128 bytes, Stack size 16 bytes, emu.o(.text), UNUSED)
<BR><BR>[Calls]<UL><LI><a href="#[7a]">&gt;&gt;</a>&nbsp;&nbsp;&nbsp;__aeabi_uidivmod
</UL>

<P><STRONG><a name="[5a]"></a>Inc_Use</STRONG> (Thumb, 116 bytes, Stack size 32 bytes, emu.o(.text))
<BR><BR>[Stack]<UL><LI>Max Depth = 60<LI>Call Chain = Inc_Use &rArr; __aeabi_idivmod &rArr; __aeabi_uidivmod
</UL>
<BR>[Calls]<UL><LI><a href="#[b9]">&gt;&gt;</a>&nbsp;&nbsp;&nbsp;__aeabi_idivmod
<LI><a href="#[7a]">&gt;&gt;</a>&nbsp;&nbsp;&nbsp;__aeabi_uidivmod
</UL>
<BR>[Called By]<UL><LI><a href="#[58]">&gt;&gt;</a>&nbsp;&nbsp;&nbsp;Do_Use
</UL>

<P><STRONG><a name="[c3]"></a>Emu_StructData_To_Chip</STRONG> (Thumb, 902 bytes, Stack size 4 bytes, emu.o(.text))
<BR><BR>[Stack]<UL><LI>Max Depth = 4<LI>Call Chain = Emu_StructData_To_Chip
</UL>
<BR>[Calls]<UL><LI><a href="#[84]">&gt;&gt;</a>&nbsp;&nbsp;&nbsp;Write_ECADR
<LI><a href="#[59]">&gt;&gt;</a>&nbsp;&nbsp;&nbsp;Read_EPADR
</UL>
<BR>[Called By]<UL><LI><a href="#[ca]">&gt;&gt;</a>&nbsp;&nbsp;&nbsp;Chip_Trim_5
<LI><a href="#[c5]">&gt;&gt;</a>&nbsp;&nbsp;&nbsp;Chip_Trim_IB_1
<LI><a href="#[82]">&gt;&gt;</a>&nbsp;&nbsp;&nbsp;Chip_Trim_5l
</UL>

<P><STRONG><a name="[c4]"></a>Chip_Trim_IB</STRONG> (Thumb, 366 bytes, Stack size 56 bytes, emu.o(.text))
<BR><BR>[Stack]<UL><LI>Max Depth = 184<LI>Call Chain = Chip_Trim_IB &rArr; __aeabi_dmul &rArr; _double_epilogue &rArr; __aeabi_llsr
</UL>
<BR>[Calls]<UL><LI><a href="#[a8]">&gt;&gt;</a>&nbsp;&nbsp;&nbsp;__aeabi_ui2f
<LI><a href="#[b5]">&gt;&gt;</a>&nbsp;&nbsp;&nbsp;__aeabi_ui2d
<LI><a href="#[b2]">&gt;&gt;</a>&nbsp;&nbsp;&nbsp;__aeabi_fdiv
<LI><a href="#[b3]">&gt;&gt;</a>&nbsp;&nbsp;&nbsp;__aeabi_f2iz
<LI><a href="#[b4]">&gt;&gt;</a>&nbsp;&nbsp;&nbsp;__aeabi_f2d
<LI><a href="#[b6]">&gt;&gt;</a>&nbsp;&nbsp;&nbsp;__aeabi_dmul
<LI><a href="#[b7]">&gt;&gt;</a>&nbsp;&nbsp;&nbsp;__aeabi_ddiv
<LI><a href="#[b8]">&gt;&gt;</a>&nbsp;&nbsp;&nbsp;__aeabi_d2uiz
<LI><a href="#[7a]">&gt;&gt;</a>&nbsp;&nbsp;&nbsp;__aeabi_uidivmod
</UL>
<BR>[Called By]<UL><LI><a href="#[3f]">&gt;&gt;</a>&nbsp;&nbsp;&nbsp;effective_value
</UL>

<P><STRONG><a name="[c5]"></a>Chip_Trim_IB_1</STRONG> (Thumb, 544 bytes, Stack size 72 bytes, emu.o(.text))
<BR><BR>[Stack]<UL><LI>Max Depth = 200<LI>Call Chain = Chip_Trim_IB_1 &rArr; __aeabi_dmul &rArr; _double_epilogue &rArr; __aeabi_llsr
</UL>
<BR>[Calls]<UL><LI><a href="#[a8]">&gt;&gt;</a>&nbsp;&nbsp;&nbsp;__aeabi_ui2f
<LI><a href="#[b5]">&gt;&gt;</a>&nbsp;&nbsp;&nbsp;__aeabi_ui2d
<LI><a href="#[c6]">&gt;&gt;</a>&nbsp;&nbsp;&nbsp;__aeabi_i2d
<LI><a href="#[b2]">&gt;&gt;</a>&nbsp;&nbsp;&nbsp;__aeabi_fdiv
<LI><a href="#[b3]">&gt;&gt;</a>&nbsp;&nbsp;&nbsp;__aeabi_f2iz
<LI><a href="#[b4]">&gt;&gt;</a>&nbsp;&nbsp;&nbsp;__aeabi_f2d
<LI><a href="#[b6]">&gt;&gt;</a>&nbsp;&nbsp;&nbsp;__aeabi_dmul
<LI><a href="#[b7]">&gt;&gt;</a>&nbsp;&nbsp;&nbsp;__aeabi_ddiv
<LI><a href="#[c7]">&gt;&gt;</a>&nbsp;&nbsp;&nbsp;__aeabi_dadd
<LI><a href="#[b8]">&gt;&gt;</a>&nbsp;&nbsp;&nbsp;__aeabi_d2uiz
<LI><a href="#[c8]">&gt;&gt;</a>&nbsp;&nbsp;&nbsp;__aeabi_d2iz
<LI><a href="#[c3]">&gt;&gt;</a>&nbsp;&nbsp;&nbsp;Emu_StructData_To_Chip
<LI><a href="#[b9]">&gt;&gt;</a>&nbsp;&nbsp;&nbsp;__aeabi_idivmod
<LI><a href="#[7a]">&gt;&gt;</a>&nbsp;&nbsp;&nbsp;__aeabi_uidivmod
</UL>
<BR>[Called By]<UL><LI><a href="#[82]">&gt;&gt;</a>&nbsp;&nbsp;&nbsp;Chip_Trim_5l
</UL>

<P><STRONG><a name="[82]"></a>Chip_Trim_5l</STRONG> (Thumb, 388 bytes, Stack size 72 bytes, emu.o(.text))
<BR><BR>[Stack]<UL><LI>Max Depth = 272<LI>Call Chain = Chip_Trim_5l &rArr; Chip_Trim_IB_1 &rArr; __aeabi_dmul &rArr; _double_epilogue &rArr; __aeabi_llsr
</UL>
<BR>[Calls]<UL><LI><a href="#[b5]">&gt;&gt;</a>&nbsp;&nbsp;&nbsp;__aeabi_ui2d
<LI><a href="#[c6]">&gt;&gt;</a>&nbsp;&nbsp;&nbsp;__aeabi_i2d
<LI><a href="#[c9]">&gt;&gt;</a>&nbsp;&nbsp;&nbsp;__aeabi_dsub
<LI><a href="#[b6]">&gt;&gt;</a>&nbsp;&nbsp;&nbsp;__aeabi_dmul
<LI><a href="#[b7]">&gt;&gt;</a>&nbsp;&nbsp;&nbsp;__aeabi_ddiv
<LI><a href="#[c7]">&gt;&gt;</a>&nbsp;&nbsp;&nbsp;__aeabi_dadd
<LI><a href="#[c8]">&gt;&gt;</a>&nbsp;&nbsp;&nbsp;__aeabi_d2iz
<LI><a href="#[c5]">&gt;&gt;</a>&nbsp;&nbsp;&nbsp;Chip_Trim_IB_1
<LI><a href="#[c3]">&gt;&gt;</a>&nbsp;&nbsp;&nbsp;Emu_StructData_To_Chip
<LI><a href="#[7a]">&gt;&gt;</a>&nbsp;&nbsp;&nbsp;__aeabi_uidivmod
</UL>
<BR>[Called By]<UL><LI><a href="#[21]">&gt;&gt;</a>&nbsp;&nbsp;&nbsp;main
</UL>

<P><STRONG><a name="[ca]"></a>Chip_Trim_5</STRONG> (Thumb, 146 bytes, Stack size 48 bytes, emu.o(.text), UNUSED)
<BR><BR>[Calls]<UL><LI><a href="#[b5]">&gt;&gt;</a>&nbsp;&nbsp;&nbsp;__aeabi_ui2d
<LI><a href="#[b4]">&gt;&gt;</a>&nbsp;&nbsp;&nbsp;__aeabi_f2d
<LI><a href="#[b6]">&gt;&gt;</a>&nbsp;&nbsp;&nbsp;__aeabi_dmul
<LI><a href="#[b7]">&gt;&gt;</a>&nbsp;&nbsp;&nbsp;__aeabi_ddiv
<LI><a href="#[c8]">&gt;&gt;</a>&nbsp;&nbsp;&nbsp;__aeabi_d2iz
<LI><a href="#[c3]">&gt;&gt;</a>&nbsp;&nbsp;&nbsp;Emu_StructData_To_Chip
<LI><a href="#[7a]">&gt;&gt;</a>&nbsp;&nbsp;&nbsp;__aeabi_uidivmod
</UL>

<P><STRONG><a name="[cb]"></a>Emu_Var_Write_io</STRONG> (Thumb, 42 bytes, Stack size 24 bytes, emu.o(.text))
<BR><BR>[Stack]<UL><LI>Max Depth = 56<LI>Call Chain = Emu_Var_Write_io &rArr; BlockEarse &rArr; Full_FF_Check
</UL>
<BR>[Calls]<UL><LI><a href="#[cd]">&gt;&gt;</a>&nbsp;&nbsp;&nbsp;HT_Flash_ByteWrite
<LI><a href="#[cc]">&gt;&gt;</a>&nbsp;&nbsp;&nbsp;BlockEarse
</UL>
<BR>[Called By]<UL><LI><a href="#[83]">&gt;&gt;</a>&nbsp;&nbsp;&nbsp;Emu_Var_Write
<LI><a href="#[39]">&gt;&gt;</a>&nbsp;&nbsp;&nbsp;WriteFlashSet
</UL>

<P><STRONG><a name="[83]"></a>Emu_Var_Write</STRONG> (Thumb, 88 bytes, Stack size 144 bytes, emu.o(.text))
<BR><BR>[Stack]<UL><LI>Max Depth = 200<LI>Call Chain = Emu_Var_Write &rArr; Emu_Var_Write_io &rArr; BlockEarse &rArr; Full_FF_Check
</UL>
<BR>[Calls]<UL><LI><a href="#[bb]">&gt;&gt;</a>&nbsp;&nbsp;&nbsp;__aeabi_f2uiz
<LI><a href="#[cb]">&gt;&gt;</a>&nbsp;&nbsp;&nbsp;Emu_Var_Write_io
<LI><a href="#[a7]">&gt;&gt;</a>&nbsp;&nbsp;&nbsp;Read_ECADR
<LI><a href="#[6a]">&gt;&gt;</a>&nbsp;&nbsp;&nbsp;__aeabi_memcpy4
</UL>
<BR>[Called By]<UL><LI><a href="#[21]">&gt;&gt;</a>&nbsp;&nbsp;&nbsp;main
<LI><a href="#[3f]">&gt;&gt;</a>&nbsp;&nbsp;&nbsp;effective_value
<LI><a href="#[41]">&gt;&gt;</a>&nbsp;&nbsp;&nbsp;Jbregread
</UL>

<P><STRONG><a name="[ce]"></a>Emu_StoretData_Init</STRONG> (Thumb, 52 bytes, Stack size 16 bytes, emu.o(.text), UNUSED)
<BR><BR>[Calls]<UL><LI><a href="#[cf]">&gt;&gt;</a>&nbsp;&nbsp;&nbsp;HAL_Delay_us
<LI><a href="#[a9]">&gt;&gt;</a>&nbsp;&nbsp;&nbsp;Emu_StoretData_To_Chip
<LI><a href="#[84]">&gt;&gt;</a>&nbsp;&nbsp;&nbsp;Write_ECADR
</UL>

<P><STRONG><a name="[d1]"></a>Full_FF_Check</STRONG> (Thumb, 36 bytes, Stack size 8 bytes, flash_filesystem.o(.text))
<BR><BR>[Stack]<UL><LI>Max Depth = 8<LI>Call Chain = Full_FF_Check
</UL>
<BR>[Called By]<UL><LI><a href="#[d0]">&gt;&gt;</a>&nbsp;&nbsp;&nbsp;Recode_CheckState
<LI><a href="#[cc]">&gt;&gt;</a>&nbsp;&nbsp;&nbsp;BlockEarse
</UL>

<P><STRONG><a name="[d2]"></a>CRC_Calu</STRONG> (Thumb, 34 bytes, Stack size 8 bytes, flash_filesystem.o(.text))
<BR><BR>[Stack]<UL><LI>Max Depth = 8<LI>Call Chain = CRC_Calu
</UL>
<BR>[Called By]<UL><LI><a href="#[d0]">&gt;&gt;</a>&nbsp;&nbsp;&nbsp;Recode_CheckState
</UL>

<P><STRONG><a name="[d0]"></a>Recode_CheckState</STRONG> (Thumb, 58 bytes, Stack size 16 bytes, flash_filesystem.o(.text))
<BR><BR>[Stack]<UL><LI>Max Depth = 24<LI>Call Chain = Recode_CheckState &rArr; CRC_Calu
</UL>
<BR>[Calls]<UL><LI><a href="#[d2]">&gt;&gt;</a>&nbsp;&nbsp;&nbsp;CRC_Calu
<LI><a href="#[d1]">&gt;&gt;</a>&nbsp;&nbsp;&nbsp;Full_FF_Check
</UL>
<BR>[Called By]<UL><LI><a href="#[5f]">&gt;&gt;</a>&nbsp;&nbsp;&nbsp;Record_Get_First
</UL>

<P><STRONG><a name="[205]"></a>Record_Comm</STRONG> (Thumb, 36 bytes, Stack size 0 bytes, flash_filesystem.o(.text), UNUSED)

<P><STRONG><a name="[d5]"></a>Record_Format</STRONG> (Thumb, 60 bytes, Stack size 8 bytes, flash_filesystem.o(.text))
<BR><BR>[Stack]<UL><LI>Max Depth = 8<LI>Call Chain = Record_Format
</UL>
<BR>[Called By]<UL><LI><a href="#[5d]">&gt;&gt;</a>&nbsp;&nbsp;&nbsp;Record_Put
</UL>

<P><STRONG><a name="[d3]"></a>Record_restore</STRONG> (Thumb, 32 bytes, Stack size 12 bytes, flash_filesystem.o(.text))
<BR><BR>[Stack]<UL><LI>Max Depth = 12<LI>Call Chain = Record_restore
</UL>
<BR>[Called By]<UL><LI><a href="#[5f]">&gt;&gt;</a>&nbsp;&nbsp;&nbsp;Record_Get_First
</UL>

<P><STRONG><a name="[5f]"></a>Record_Get_First</STRONG> (Thumb, 290 bytes, Stack size 56 bytes, flash_filesystem.o(.text))
<BR><BR>[Stack]<UL><LI>Max Depth = 84<LI>Call Chain = Record_Get_First &rArr; __aeabi_idivmod &rArr; __aeabi_uidivmod
</UL>
<BR>[Calls]<UL><LI><a href="#[d3]">&gt;&gt;</a>&nbsp;&nbsp;&nbsp;Record_restore
<LI><a href="#[d0]">&gt;&gt;</a>&nbsp;&nbsp;&nbsp;Recode_CheckState
<LI><a href="#[68]">&gt;&gt;</a>&nbsp;&nbsp;&nbsp;__aeabi_memset
<LI><a href="#[b9]">&gt;&gt;</a>&nbsp;&nbsp;&nbsp;__aeabi_idivmod
</UL>
<BR>[Called By]<UL><LI><a href="#[5d]">&gt;&gt;</a>&nbsp;&nbsp;&nbsp;Record_Put
<LI><a href="#[5e]">&gt;&gt;</a>&nbsp;&nbsp;&nbsp;DianLian_Restore
</UL>

<P><STRONG><a name="[cc]"></a>BlockEarse</STRONG> (Thumb, 52 bytes, Stack size 24 bytes, flash_filesystem.o(.text))
<BR><BR>[Stack]<UL><LI>Max Depth = 32<LI>Call Chain = BlockEarse &rArr; Full_FF_Check
</UL>
<BR>[Calls]<UL><LI><a href="#[d4]">&gt;&gt;</a>&nbsp;&nbsp;&nbsp;HT_Flash_PageErase
<LI><a href="#[d1]">&gt;&gt;</a>&nbsp;&nbsp;&nbsp;Full_FF_Check
</UL>
<BR>[Called By]<UL><LI><a href="#[da]">&gt;&gt;</a>&nbsp;&nbsp;&nbsp;System_Init_app
<LI><a href="#[d6]">&gt;&gt;</a>&nbsp;&nbsp;&nbsp;FileSystem_Init
<LI><a href="#[cb]">&gt;&gt;</a>&nbsp;&nbsp;&nbsp;Emu_Var_Write_io
<LI><a href="#[6d]">&gt;&gt;</a>&nbsp;&nbsp;&nbsp;System_Init
<LI><a href="#[5d]">&gt;&gt;</a>&nbsp;&nbsp;&nbsp;Record_Put
</UL>

<P><STRONG><a name="[5d]"></a>Record_Put</STRONG> (Thumb, 212 bytes, Stack size 80 bytes, flash_filesystem.o(.text))
<BR><BR>[Stack]<UL><LI>Max Depth = 164<LI>Call Chain = Record_Put &rArr; Record_Get_First &rArr; __aeabi_idivmod &rArr; __aeabi_uidivmod
</UL>
<BR>[Calls]<UL><LI><a href="#[d5]">&gt;&gt;</a>&nbsp;&nbsp;&nbsp;Record_Format
<LI><a href="#[cd]">&gt;&gt;</a>&nbsp;&nbsp;&nbsp;HT_Flash_ByteWrite
<LI><a href="#[cc]">&gt;&gt;</a>&nbsp;&nbsp;&nbsp;BlockEarse
<LI><a href="#[5f]">&gt;&gt;</a>&nbsp;&nbsp;&nbsp;Record_Get_First
<LI><a href="#[b9]">&gt;&gt;</a>&nbsp;&nbsp;&nbsp;__aeabi_idivmod
</UL>
<BR>[Called By]<UL><LI><a href="#[5c]">&gt;&gt;</a>&nbsp;&nbsp;&nbsp;Up_LVSave
</UL>

<P><STRONG><a name="[d6]"></a>FileSystem_Init</STRONG> (Thumb, 48 bytes, Stack size 24 bytes, flash_filesystem.o(.text))
<BR><BR>[Stack]<UL><LI>Max Depth = 56<LI>Call Chain = FileSystem_Init &rArr; BlockEarse &rArr; Full_FF_Check
</UL>
<BR>[Calls]<UL><LI><a href="#[cc]">&gt;&gt;</a>&nbsp;&nbsp;&nbsp;BlockEarse
</UL>
<BR>[Called By]<UL><LI><a href="#[da]">&gt;&gt;</a>&nbsp;&nbsp;&nbsp;System_Init_app
<LI><a href="#[6d]">&gt;&gt;</a>&nbsp;&nbsp;&nbsp;System_Init
</UL>

<P><STRONG><a name="[d7]"></a>sEmuc_ResotreDef</STRONG> (Thumb, 16 bytes, Stack size 8 bytes, flash_filesystem.o(.text))
<BR><BR>[Stack]<UL><LI>Max Depth = 1208<LI>Call Chain = sEmuc_ResotreDef &rArr; McuFlashRandWriteStack &rArr; McuFlashRandWrite &rArr; McuFlashPageRandWrite &rArr; McuFlashPageSafeWrite &rArr; McuFlashPageWrite &rArr; HT_Flash_ByteWrite
</UL>
<BR>[Calls]<UL><LI><a href="#[d8]">&gt;&gt;</a>&nbsp;&nbsp;&nbsp;McuFlashRandWriteStack
</UL>
<BR>[Called By]<UL><LI><a href="#[6d]">&gt;&gt;</a>&nbsp;&nbsp;&nbsp;System_Init
<LI><a href="#[3e]">&gt;&gt;</a>&nbsp;&nbsp;&nbsp;Jlrestore
</UL>

<P><STRONG><a name="[d9]"></a>sFlashInfo</STRONG> (Thumb, 18 bytes, Stack size 8 bytes, flash_filesystem.o(.text))
<BR><BR>[Stack]<UL><LI>Max Depth = 1208<LI>Call Chain = sFlashInfo &rArr; McuFlashRandWriteStack &rArr; McuFlashRandWrite &rArr; McuFlashPageRandWrite &rArr; McuFlashPageSafeWrite &rArr; McuFlashPageWrite &rArr; HT_Flash_ByteWrite
</UL>
<BR>[Calls]<UL><LI><a href="#[d8]">&gt;&gt;</a>&nbsp;&nbsp;&nbsp;McuFlashRandWriteStack
</UL>
<BR>[Called By]<UL><LI><a href="#[6d]">&gt;&gt;</a>&nbsp;&nbsp;&nbsp;System_Init
</UL>

<P><STRONG><a name="[6d]"></a>System_Init</STRONG> (Thumb, 44 bytes, Stack size 8 bytes, flash_filesystem.o(.text))
<BR><BR>[Stack]<UL><LI>Max Depth = 1216<LI>Call Chain = System_Init &rArr; sFlashInfo &rArr; McuFlashRandWriteStack &rArr; McuFlashRandWrite &rArr; McuFlashPageRandWrite &rArr; McuFlashPageSafeWrite &rArr; McuFlashPageWrite &rArr; HT_Flash_ByteWrite
</UL>
<BR>[Calls]<UL><LI><a href="#[d9]">&gt;&gt;</a>&nbsp;&nbsp;&nbsp;sFlashInfo
<LI><a href="#[d7]">&gt;&gt;</a>&nbsp;&nbsp;&nbsp;sEmuc_ResotreDef
<LI><a href="#[d6]">&gt;&gt;</a>&nbsp;&nbsp;&nbsp;FileSystem_Init
<LI><a href="#[cc]">&gt;&gt;</a>&nbsp;&nbsp;&nbsp;BlockEarse
</UL>
<BR>[Called By]<UL><LI><a href="#[21]">&gt;&gt;</a>&nbsp;&nbsp;&nbsp;main
</UL>

<P><STRONG><a name="[da]"></a>System_Init_app</STRONG> (Thumb, 20 bytes, Stack size 8 bytes, flash_filesystem.o(.text), UNUSED)
<BR><BR>[Calls]<UL><LI><a href="#[d6]">&gt;&gt;</a>&nbsp;&nbsp;&nbsp;FileSystem_Init
<LI><a href="#[cc]">&gt;&gt;</a>&nbsp;&nbsp;&nbsp;BlockEarse
</UL>

<P><STRONG><a name="[dc]"></a>SetDispBit</STRONG> (Thumb, 64 bytes, Stack size 16 bytes, disp.o(.text))
<BR><BR>[Stack]<UL><LI>Max Depth = 16<LI>Call Chain = SetDispBit
</UL>
<BR>[Called By]<UL><LI><a href="#[dd]">&gt;&gt;</a>&nbsp;&nbsp;&nbsp;SetDispBitLst
<LI><a href="#[db]">&gt;&gt;</a>&nbsp;&nbsp;&nbsp;SetDigitDisp
<LI><a href="#[75]">&gt;&gt;</a>&nbsp;&nbsp;&nbsp;UpDisp
</UL>

<P><STRONG><a name="[db]"></a>SetDigitDisp</STRONG> (Thumb, 86 bytes, Stack size 24 bytes, disp.o(.text))
<BR><BR>[Stack]<UL><LI>Max Depth = 40<LI>Call Chain = SetDigitDisp &rArr; SetDispBit
</UL>
<BR>[Calls]<UL><LI><a href="#[dc]">&gt;&gt;</a>&nbsp;&nbsp;&nbsp;SetDispBit
</UL>
<BR>[Called By]<UL><LI><a href="#[dd]">&gt;&gt;</a>&nbsp;&nbsp;&nbsp;SetDispBitLst
<LI><a href="#[75]">&gt;&gt;</a>&nbsp;&nbsp;&nbsp;UpDisp
</UL>

<P><STRONG><a name="[dd]"></a>SetDispBitLst</STRONG> (Thumb, 140 bytes, Stack size 32 bytes, disp.o(.text))
<BR><BR>[Stack]<UL><LI>Max Depth = 72<LI>Call Chain = SetDispBitLst &rArr; SetDigitDisp &rArr; SetDispBit
</UL>
<BR>[Calls]<UL><LI><a href="#[de]">&gt;&gt;</a>&nbsp;&nbsp;&nbsp;CopyRam
<LI><a href="#[db]">&gt;&gt;</a>&nbsp;&nbsp;&nbsp;SetDigitDisp
<LI><a href="#[dc]">&gt;&gt;</a>&nbsp;&nbsp;&nbsp;SetDispBit
</UL>
<BR>[Called By]<UL><LI><a href="#[75]">&gt;&gt;</a>&nbsp;&nbsp;&nbsp;UpDisp
</UL>

<P><STRONG><a name="[75]"></a>UpDisp</STRONG> (Thumb, 1394 bytes, Stack size 40 bytes, disp.o(.text))
<BR><BR>[Stack]<UL><LI>Max Depth = 1640<LI>Call Chain = UpDisp &rArr; Get645Data &rArr; RxOverIphRecord &rArr; GetFrozeStart &rArr; Read_EEData &rArr; EDataErr &rArr; SetEBit &rArr; Up_u8Data &rArr; Copy_FlashInfo &rArr;  Read_EEData (Cycle)
</UL>
<BR>[Calls]<UL><LI><a href="#[e1]">&gt;&gt;</a>&nbsp;&nbsp;&nbsp;SetRamData
<LI><a href="#[e0]">&gt;&gt;</a>&nbsp;&nbsp;&nbsp;Is_DispCode
<LI><a href="#[e2]">&gt;&gt;</a>&nbsp;&nbsp;&nbsp;Get645Data
<LI><a href="#[e3]">&gt;&gt;</a>&nbsp;&nbsp;&nbsp;ClrpCharRam
<LI><a href="#[df]">&gt;&gt;</a>&nbsp;&nbsp;&nbsp;ClrRam
<LI><a href="#[e5]">&gt;&gt;</a>&nbsp;&nbsp;&nbsp;CheckDataAct
<LI><a href="#[e4]">&gt;&gt;</a>&nbsp;&nbsp;&nbsp;__ARM_common_switch8
<LI><a href="#[dd]">&gt;&gt;</a>&nbsp;&nbsp;&nbsp;SetDispBitLst
<LI><a href="#[db]">&gt;&gt;</a>&nbsp;&nbsp;&nbsp;SetDigitDisp
<LI><a href="#[dc]">&gt;&gt;</a>&nbsp;&nbsp;&nbsp;SetDispBit
<LI><a href="#[69]">&gt;&gt;</a>&nbsp;&nbsp;&nbsp;UpdateDisp
</UL>
<BR>[Called By]<UL><LI><a href="#[f3]">&gt;&gt;</a>&nbsp;&nbsp;&nbsp;Turn_OnDisplay
<LI><a href="#[f0]">&gt;&gt;</a>&nbsp;&nbsp;&nbsp;SetDispItem
<LI><a href="#[eb]">&gt;&gt;</a>&nbsp;&nbsp;&nbsp;Do_IRKeys
<LI><a href="#[ea]">&gt;&gt;</a>&nbsp;&nbsp;&nbsp;Do_Keys
<LI><a href="#[7e]">&gt;&gt;</a>&nbsp;&nbsp;&nbsp;Do_Disp
<LI><a href="#[21]">&gt;&gt;</a>&nbsp;&nbsp;&nbsp;main
<LI><a href="#[55]">&gt;&gt;</a>&nbsp;&nbsp;&nbsp;RxProgChip
</UL>

<P><STRONG><a name="[e7]"></a>SetpArry</STRONG> (Thumb, 154 bytes, Stack size 0 bytes, disp.o(.text), UNUSED)
<BR><BR>[Called By]<UL><LI><a href="#[ea]">&gt;&gt;</a>&nbsp;&nbsp;&nbsp;Do_Keys
<LI><a href="#[e9]">&gt;&gt;</a>&nbsp;&nbsp;&nbsp;SetDispArry
<LI><a href="#[e6]">&gt;&gt;</a>&nbsp;&nbsp;&nbsp;NextItem
</UL>

<P><STRONG><a name="[e6]"></a>NextItem</STRONG> (Thumb, 286 bytes, Stack size 8 bytes, disp.o(.text), UNUSED)
<BR><BR>[Calls]<UL><LI><a href="#[e8]">&gt;&gt;</a>&nbsp;&nbsp;&nbsp;Read_EEData
<LI><a href="#[e0]">&gt;&gt;</a>&nbsp;&nbsp;&nbsp;Is_DispCode
<LI><a href="#[e7]">&gt;&gt;</a>&nbsp;&nbsp;&nbsp;SetpArry
</UL>
<BR>[Called By]<UL><LI><a href="#[ea]">&gt;&gt;</a>&nbsp;&nbsp;&nbsp;Do_Keys
<LI><a href="#[e9]">&gt;&gt;</a>&nbsp;&nbsp;&nbsp;SetDispArry
</UL>

<P><STRONG><a name="[e9]"></a>SetDispArry</STRONG> (Thumb, 32 bytes, Stack size 8 bytes, disp.o(.text), UNUSED)
<BR><BR>[Calls]<UL><LI><a href="#[e6]">&gt;&gt;</a>&nbsp;&nbsp;&nbsp;NextItem
<LI><a href="#[e7]">&gt;&gt;</a>&nbsp;&nbsp;&nbsp;SetpArry
</UL>
<BR>[Called By]<UL><LI><a href="#[f2]">&gt;&gt;</a>&nbsp;&nbsp;&nbsp;InitDispProg
<LI><a href="#[eb]">&gt;&gt;</a>&nbsp;&nbsp;&nbsp;Do_IRKeys
<LI><a href="#[ea]">&gt;&gt;</a>&nbsp;&nbsp;&nbsp;Do_Keys
</UL>

<P><STRONG><a name="[ea]"></a>Do_Keys</STRONG> (Thumb, 102 bytes, Stack size 8 bytes, disp.o(.text), UNUSED)
<BR><BR>[Calls]<UL><LI><a href="#[e9]">&gt;&gt;</a>&nbsp;&nbsp;&nbsp;SetDispArry
<LI><a href="#[e6]">&gt;&gt;</a>&nbsp;&nbsp;&nbsp;NextItem
<LI><a href="#[e7]">&gt;&gt;</a>&nbsp;&nbsp;&nbsp;SetpArry
<LI><a href="#[91]">&gt;&gt;</a>&nbsp;&nbsp;&nbsp;SystemTick_Interrupt_On
<LI><a href="#[8f]">&gt;&gt;</a>&nbsp;&nbsp;&nbsp;SystemTick_Interrupt_Off
<LI><a href="#[75]">&gt;&gt;</a>&nbsp;&nbsp;&nbsp;UpDisp
</UL>

<P><STRONG><a name="[eb]"></a>Do_IRKeys</STRONG> (Thumb, 76 bytes, Stack size 8 bytes, disp.o(.text), UNUSED)
<BR><BR>[Calls]<UL><LI><a href="#[e9]">&gt;&gt;</a>&nbsp;&nbsp;&nbsp;SetDispArry
<LI><a href="#[75]">&gt;&gt;</a>&nbsp;&nbsp;&nbsp;UpDisp
</UL>

<P><STRONG><a name="[f1]"></a>UpBkltLED</STRONG> (Thumb, 146 bytes, Stack size 0 bytes, disp.o(.text))
<BR><BR>[Called By]<UL><LI><a href="#[f0]">&gt;&gt;</a>&nbsp;&nbsp;&nbsp;SetDispItem
<LI><a href="#[7e]">&gt;&gt;</a>&nbsp;&nbsp;&nbsp;Do_Disp
</UL>

<P><STRONG><a name="[ec]"></a>ChkDispItem</STRONG> (Thumb, 110 bytes, Stack size 32 bytes, disp.o(.text))
<BR><BR>[Stack]<UL><LI>Max Depth = 1632<LI>Call Chain = ChkDispItem &rArr; Get645Data &rArr; RxOverIphRecord &rArr; GetFrozeStart &rArr; Read_EEData &rArr; EDataErr &rArr; SetEBit &rArr; Up_u8Data &rArr; Copy_FlashInfo &rArr;  Read_EEData (Cycle)
</UL>
<BR>[Calls]<UL><LI><a href="#[e2]">&gt;&gt;</a>&nbsp;&nbsp;&nbsp;Get645Data
</UL>
<BR>[Called By]<UL><LI><a href="#[f0]">&gt;&gt;</a>&nbsp;&nbsp;&nbsp;SetDispItem
<LI><a href="#[1b2]">&gt;&gt;</a>&nbsp;&nbsp;&nbsp;Write645Data
<LI><a href="#[1b1]">&gt;&gt;</a>&nbsp;&nbsp;&nbsp;RxSetDisp
</UL>

<P><STRONG><a name="[ee]"></a>AddDispBits</STRONG> (Thumb, 106 bytes, Stack size 8 bytes, disp.o(.text))
<BR><BR>[Stack]<UL><LI>Max Depth = 8<LI>Call Chain = AddDispBits
</UL>
<BR>[Called By]<UL><LI><a href="#[e2]">&gt;&gt;</a>&nbsp;&nbsp;&nbsp;Get645Data
<LI><a href="#[ef]">&gt;&gt;</a>&nbsp;&nbsp;&nbsp;AddUseLst
<LI><a href="#[ed]">&gt;&gt;</a>&nbsp;&nbsp;&nbsp;AddDispSetBits
<LI><a href="#[18f]">&gt;&gt;</a>&nbsp;&nbsp;&nbsp;ReadSafeData
</UL>

<P><STRONG><a name="[ed]"></a>AddDispSetBits</STRONG> (Thumb, 20 bytes, Stack size 8 bytes, disp.o(.text))
<BR><BR>[Stack]<UL><LI>Max Depth = 16<LI>Call Chain = AddDispSetBits &rArr; AddDispBits
</UL>
<BR>[Calls]<UL><LI><a href="#[ee]">&gt;&gt;</a>&nbsp;&nbsp;&nbsp;AddDispBits
</UL>
<BR>[Called By]<UL><LI><a href="#[e2]">&gt;&gt;</a>&nbsp;&nbsp;&nbsp;Get645Data
</UL>

<P><STRONG><a name="[ef]"></a>AddUseLst</STRONG> (Thumb, 58 bytes, Stack size 12 bytes, disp.o(.text))
<BR><BR>[Stack]<UL><LI>Max Depth = 20<LI>Call Chain = AddUseLst &rArr; AddDispBits
</UL>
<BR>[Calls]<UL><LI><a href="#[ee]">&gt;&gt;</a>&nbsp;&nbsp;&nbsp;AddDispBits
</UL>
<BR>[Called By]<UL><LI><a href="#[e2]">&gt;&gt;</a>&nbsp;&nbsp;&nbsp;Get645Data
</UL>

<P><STRONG><a name="[f0]"></a>SetDispItem</STRONG> (Thumb, 72 bytes, Stack size 16 bytes, disp.o(.text))
<BR><BR>[Stack]<UL><LI>Max Depth = 1656<LI>Call Chain = SetDispItem &rArr; UpDisp &rArr; Get645Data &rArr; RxOverIphRecord &rArr; GetFrozeStart &rArr; Read_EEData &rArr; EDataErr &rArr; SetEBit &rArr; Up_u8Data &rArr; Copy_FlashInfo &rArr;  Read_EEData (Cycle)
</UL>
<BR>[Calls]<UL><LI><a href="#[de]">&gt;&gt;</a>&nbsp;&nbsp;&nbsp;CopyRam
<LI><a href="#[ec]">&gt;&gt;</a>&nbsp;&nbsp;&nbsp;ChkDispItem
<LI><a href="#[f1]">&gt;&gt;</a>&nbsp;&nbsp;&nbsp;UpBkltLED
<LI><a href="#[75]">&gt;&gt;</a>&nbsp;&nbsp;&nbsp;UpDisp
</UL>
<BR>[Called By]<UL><LI><a href="#[1b1]">&gt;&gt;</a>&nbsp;&nbsp;&nbsp;RxSetDisp
</UL>

<P><STRONG><a name="[18b]"></a>SetDispSubItem</STRONG> (Thumb, 22 bytes, Stack size 0 bytes, disp.o(.text))
<BR><BR>[Called By]<UL><LI><a href="#[18a]">&gt;&gt;</a>&nbsp;&nbsp;&nbsp;SetTrxDisp
</UL>

<P><STRONG><a name="[7e]"></a>Do_Disp</STRONG> (Thumb, 128 bytes, Stack size 8 bytes, disp.o(.text))
<BR><BR>[Stack]<UL><LI>Max Depth = 1648<LI>Call Chain = Do_Disp &rArr; UpDisp &rArr; Get645Data &rArr; RxOverIphRecord &rArr; GetFrozeStart &rArr; Read_EEData &rArr; EDataErr &rArr; SetEBit &rArr; Up_u8Data &rArr; Copy_FlashInfo &rArr;  Read_EEData (Cycle)
</UL>
<BR>[Calls]<UL><LI><a href="#[f1]">&gt;&gt;</a>&nbsp;&nbsp;&nbsp;UpBkltLED
<LI><a href="#[75]">&gt;&gt;</a>&nbsp;&nbsp;&nbsp;UpDisp
</UL>
<BR>[Called By]<UL><LI><a href="#[21]">&gt;&gt;</a>&nbsp;&nbsp;&nbsp;main
</UL>

<P><STRONG><a name="[f2]"></a>InitDispProg</STRONG> (Thumb, 46 bytes, Stack size 8 bytes, disp.o(.text), UNUSED)
<BR><BR>[Calls]<UL><LI><a href="#[e1]">&gt;&gt;</a>&nbsp;&nbsp;&nbsp;SetRamData
<LI><a href="#[e9]">&gt;&gt;</a>&nbsp;&nbsp;&nbsp;SetDispArry
<LI><a href="#[69]">&gt;&gt;</a>&nbsp;&nbsp;&nbsp;UpdateDisp
</UL>

<P><STRONG><a name="[f3]"></a>Turn_OnDisplay</STRONG> (Thumb, 8 bytes, Stack size 8 bytes, disp.o(.text), UNUSED)
<BR><BR>[Calls]<UL><LI><a href="#[75]">&gt;&gt;</a>&nbsp;&nbsp;&nbsp;UpDisp
</UL>

<P><STRONG><a name="[66]"></a>DEBUG_Init</STRONG> (Thumb, 2 bytes, Stack size 0 bytes, gpio.o(.text))
<BR><BR>[Called By]<UL><LI><a href="#[6c]">&gt;&gt;</a>&nbsp;&nbsp;&nbsp;GPIO_Init
<LI><a href="#[21]">&gt;&gt;</a>&nbsp;&nbsp;&nbsp;main
</UL>

<P><STRONG><a name="[6c]"></a>GPIO_Init</STRONG> (Thumb, 276 bytes, Stack size 16 bytes, gpio.o(.text))
<BR><BR>[Stack]<UL><LI>Max Depth = 24<LI>Call Chain = GPIO_Init &rArr; HT_GPIO_Init
</UL>
<BR>[Calls]<UL><LI><a href="#[f4]">&gt;&gt;</a>&nbsp;&nbsp;&nbsp;HT_GPIO_Init
<LI><a href="#[66]">&gt;&gt;</a>&nbsp;&nbsp;&nbsp;DEBUG_Init
</UL>
<BR>[Called By]<UL><LI><a href="#[21]">&gt;&gt;</a>&nbsp;&nbsp;&nbsp;main
</UL>

<P><STRONG><a name="[6b]"></a>PMU_Init</STRONG> (Thumb, 62 bytes, Stack size 16 bytes, pmu.o(.text))
<BR><BR>[Stack]<UL><LI>Max Depth = 24<LI>Call Chain = PMU_Init &rArr; HT_PMU_Init
</UL>
<BR>[Calls]<UL><LI><a href="#[f5]">&gt;&gt;</a>&nbsp;&nbsp;&nbsp;HT_PMU_Init
<LI><a href="#[f6]">&gt;&gt;</a>&nbsp;&nbsp;&nbsp;HT_PMU_ITConfig
<LI><a href="#[f7]">&gt;&gt;</a>&nbsp;&nbsp;&nbsp;NVIC_SetPriority
</UL>
<BR>[Called By]<UL><LI><a href="#[21]">&gt;&gt;</a>&nbsp;&nbsp;&nbsp;main
</UL>

<P><STRONG><a name="[77]"></a>IsOffLine</STRONG> (Thumb, 16 bytes, Stack size 0 bytes, pmu.o(.text))
<BR><BR>[Called By]<UL><LI><a href="#[21]">&gt;&gt;</a>&nbsp;&nbsp;&nbsp;main
</UL>

<P><STRONG><a name="[90]"></a>OnLine_Dete</STRONG> (Thumb, 112 bytes, Stack size 0 bytes, pmu.o(.text))
<BR><BR>[Called By]<UL><LI><a href="#[6]">&gt;&gt;</a>&nbsp;&nbsp;&nbsp;PMU_IRQHandler
<LI><a href="#[107]">&gt;&gt;</a>&nbsp;&nbsp;&nbsp;SysTick_fun
</UL>

<P><STRONG><a name="[f8]"></a>UARR_Ir_Chanel_Init</STRONG> (Thumb, 62 bytes, Stack size 24 bytes, uartio.o(.text))
<BR><BR>[Stack]<UL><LI>Max Depth = 60<LI>Call Chain = UARR_Ir_Chanel_Init &rArr; HT_UART_Init &rArr; __aeabi_uidivmod
</UL>
<BR>[Calls]<UL><LI><a href="#[f9]">&gt;&gt;</a>&nbsp;&nbsp;&nbsp;HT_UART_Init
</UL>
<BR>[Called By]<UL><LI><a href="#[1d2]">&gt;&gt;</a>&nbsp;&nbsp;&nbsp;stream_reset
</UL>

<P><STRONG><a name="[fa]"></a>UART_ini1t</STRONG> (Thumb, 70 bytes, Stack size 24 bytes, uartio.o(.text), UNUSED)
<BR><BR>[Calls]<UL><LI><a href="#[f9]">&gt;&gt;</a>&nbsp;&nbsp;&nbsp;HT_UART_Init
<LI><a href="#[fb]">&gt;&gt;</a>&nbsp;&nbsp;&nbsp;HT_CMU_ClkCtrl1Config
<LI><a href="#[fc]">&gt;&gt;</a>&nbsp;&nbsp;&nbsp;NVIC_SetPriority
<LI><a href="#[fd]">&gt;&gt;</a>&nbsp;&nbsp;&nbsp;NVIC_EnableIRQ
</UL>

<P><STRONG><a name="[fe]"></a>UART_init</STRONG> (Thumb, 52 bytes, Stack size 24 bytes, uartio.o(.text))
<BR><BR>[Stack]<UL><LI>Max Depth = 60<LI>Call Chain = UART_init &rArr; HT_UART_Init &rArr; __aeabi_uidivmod
</UL>
<BR>[Calls]<UL><LI><a href="#[f9]">&gt;&gt;</a>&nbsp;&nbsp;&nbsp;HT_UART_Init
<LI><a href="#[fb]">&gt;&gt;</a>&nbsp;&nbsp;&nbsp;HT_CMU_ClkCtrl1Config
</UL>
<BR>[Called By]<UL><LI><a href="#[1d1]">&gt;&gt;</a>&nbsp;&nbsp;&nbsp;stream_refresh
</UL>

<P><STRONG><a name="[ff]"></a>UART_INTENABLE</STRONG> (Thumb, 90 bytes, Stack size 24 bytes, uartio.o(.text))
<BR><BR>[Stack]<UL><LI>Max Depth = 24<LI>Call Chain = UART_INTENABLE
</UL>
<BR>[Calls]<UL><LI><a href="#[fd]">&gt;&gt;</a>&nbsp;&nbsp;&nbsp;NVIC_EnableIRQ
</UL>
<BR>[Called By]<UL><LI><a href="#[98]">&gt;&gt;</a>&nbsp;&nbsp;&nbsp;Uart_SendIntFun
<LI><a href="#[99]">&gt;&gt;</a>&nbsp;&nbsp;&nbsp;Uart_ReceIntFun
<LI><a href="#[1d1]">&gt;&gt;</a>&nbsp;&nbsp;&nbsp;stream_refresh
<LI><a href="#[1ad]">&gt;&gt;</a>&nbsp;&nbsp;&nbsp;stream_send_enable
</UL>

<P><STRONG><a name="[100]"></a>UART_Close</STRONG> (Thumb, 32 bytes, Stack size 8 bytes, uartio.o(.text))
<BR><BR>[Stack]<UL><LI>Max Depth = 8<LI>Call Chain = UART_Close
</UL>
<BR>[Calls]<UL><LI><a href="#[101]">&gt;&gt;</a>&nbsp;&nbsp;&nbsp;NVIC_DisableIRQ
</UL>
<BR>[Called By]<UL><LI><a href="#[10a]">&gt;&gt;</a>&nbsp;&nbsp;&nbsp;stream_cSilence_fun
</UL>

<P><STRONG><a name="[102]"></a>UART_SendIntEnable</STRONG> (Thumb, 56 bytes, Stack size 16 bytes, uartio.o(.text))
<BR><BR>[Stack]<UL><LI>Max Depth = 16<LI>Call Chain = UART_SendIntEnable
</UL>
<BR>[Calls]<UL><LI><a href="#[103]">&gt;&gt;</a>&nbsp;&nbsp;&nbsp;NVIC_SetPendingIRQ
</UL>
<BR>[Called By]<UL><LI><a href="#[1ad]">&gt;&gt;</a>&nbsp;&nbsp;&nbsp;stream_send_enable
</UL>

<P><STRONG><a name="[99]"></a>Uart_ReceIntFun</STRONG> (Thumb, 52 bytes, Stack size 16 bytes, uartio.o(.text))
<BR><BR>[Stack]<UL><LI>Max Depth = 40<LI>Call Chain = Uart_ReceIntFun &rArr; UART_INTENABLE
</UL>
<BR>[Calls]<UL><LI><a href="#[105]">&gt;&gt;</a>&nbsp;&nbsp;&nbsp;stream_rece_fun_645
<LI><a href="#[104]">&gt;&gt;</a>&nbsp;&nbsp;&nbsp;Uart_Struct_Get
<LI><a href="#[ff]">&gt;&gt;</a>&nbsp;&nbsp;&nbsp;UART_INTENABLE
</UL>
<BR>[Called By]<UL><LI><a href="#[12]">&gt;&gt;</a>&nbsp;&nbsp;&nbsp;UART3_IRQHandler
<LI><a href="#[f]">&gt;&gt;</a>&nbsp;&nbsp;&nbsp;UART0_IRQHandler
</UL>

<P><STRONG><a name="[98]"></a>Uart_SendIntFun</STRONG> (Thumb, 96 bytes, Stack size 16 bytes, uartio.o(.text))
<BR><BR>[Stack]<UL><LI>Max Depth = 40<LI>Call Chain = Uart_SendIntFun &rArr; UART_INTENABLE
</UL>
<BR>[Calls]<UL><LI><a href="#[106]">&gt;&gt;</a>&nbsp;&nbsp;&nbsp;stream_send_fun_645
<LI><a href="#[104]">&gt;&gt;</a>&nbsp;&nbsp;&nbsp;Uart_Struct_Get
<LI><a href="#[ff]">&gt;&gt;</a>&nbsp;&nbsp;&nbsp;UART_INTENABLE
</UL>
<BR>[Called By]<UL><LI><a href="#[12]">&gt;&gt;</a>&nbsp;&nbsp;&nbsp;UART3_IRQHandler
<LI><a href="#[f]">&gt;&gt;</a>&nbsp;&nbsp;&nbsp;UART0_IRQHandler
</UL>

<P><STRONG><a name="[17c]"></a>SystemTick_Start</STRONG> (Thumb, 14 bytes, Stack size 0 bytes, systickapp.o(.text), UNUSED)
<BR><BR>[Called By]<UL><LI><a href="#[17f]">&gt;&gt;</a>&nbsp;&nbsp;&nbsp;MCU_OffLIne_Init
<LI><a href="#[17e]">&gt;&gt;</a>&nbsp;&nbsp;&nbsp;MCU_OnLIne_Init
<LI><a href="#[17b]">&gt;&gt;</a>&nbsp;&nbsp;&nbsp;cSys_Statu_Detc
</UL>

<P><STRONG><a name="[206]"></a>SystemTick_Stop</STRONG> (Thumb, 14 bytes, Stack size 0 bytes, systickapp.o(.text), UNUSED)

<P><STRONG><a name="[91]"></a>SystemTick_Interrupt_On</STRONG> (Thumb, 14 bytes, Stack size 0 bytes, systickapp.o(.text))
<BR><BR>[Called By]<UL><LI><a href="#[ea]">&gt;&gt;</a>&nbsp;&nbsp;&nbsp;Do_Keys
<LI><a href="#[6]">&gt;&gt;</a>&nbsp;&nbsp;&nbsp;PMU_IRQHandler
</UL>

<P><STRONG><a name="[8f]"></a>SystemTick_Interrupt_Off</STRONG> (Thumb, 14 bytes, Stack size 0 bytes, systickapp.o(.text))
<BR><BR>[Called By]<UL><LI><a href="#[ea]">&gt;&gt;</a>&nbsp;&nbsp;&nbsp;Do_Keys
<LI><a href="#[6]">&gt;&gt;</a>&nbsp;&nbsp;&nbsp;PMU_IRQHandler
</UL>

<P><STRONG><a name="[107]"></a>SysTick_fun</STRONG> (Thumb, 262 bytes, Stack size 8 bytes, systickapp.o(.text))
<BR><BR>[Stack]<UL><LI>Max Depth = 108<LI>Call Chain = SysTick_fun &rArr; stream_cSilence_fun &rArr; stream_reset &rArr; UARR_Ir_Chanel_Init &rArr; HT_UART_Init &rArr; __aeabi_uidivmod
</UL>
<BR>[Calls]<UL><LI><a href="#[90]">&gt;&gt;</a>&nbsp;&nbsp;&nbsp;OnLine_Dete
<LI><a href="#[10a]">&gt;&gt;</a>&nbsp;&nbsp;&nbsp;stream_cSilence_fun
<LI><a href="#[109]">&gt;&gt;</a>&nbsp;&nbsp;&nbsp;debug_break
<LI><a href="#[108]">&gt;&gt;</a>&nbsp;&nbsp;&nbsp;HT_FreeDog
</UL>
<BR>[Called By]<UL><LI><a href="#[5]">&gt;&gt;</a>&nbsp;&nbsp;&nbsp;SysTick_Handler
</UL>

<P><STRONG><a name="[5]"></a>SysTick_Handler</STRONG> (Thumb, 12 bytes, Stack size 8 bytes, systickapp.o(.text))
<BR><BR>[Stack]<UL><LI>Max Depth = 116<LI>Call Chain = SysTick_Handler &rArr; SysTick_fun &rArr; stream_cSilence_fun &rArr; stream_reset &rArr; UARR_Ir_Chanel_Init &rArr; HT_UART_Init &rArr; __aeabi_uidivmod
</UL>
<BR>[Calls]<UL><LI><a href="#[107]">&gt;&gt;</a>&nbsp;&nbsp;&nbsp;SysTick_fun
</UL>
<BR>[Address Reference Count : 1]<UL><LI> startup_ht501x.o(RESET)
</UL>
<P><STRONG><a name="[10b]"></a>EEData_Fun_Init</STRONG> (Thumb, 12 bytes, Stack size 8 bytes, eeprom.o(.text))
<BR><BR>[Stack]<UL><LI>Max Depth = 28<LI>Call Chain = EEData_Fun_Init &rArr; ClrRam &rArr; SetRamData
</UL>
<BR>[Calls]<UL><LI><a href="#[df]">&gt;&gt;</a>&nbsp;&nbsp;&nbsp;ClrRam
</UL>
<BR>[Called By]<UL><LI><a href="#[e8]">&gt;&gt;</a>&nbsp;&nbsp;&nbsp;Read_EEData
<LI><a href="#[123]">&gt;&gt;</a>&nbsp;&nbsp;&nbsp;EEData_Safe_Read
<LI><a href="#[121]">&gt;&gt;</a>&nbsp;&nbsp;&nbsp;Write_EEData
<LI><a href="#[11f]">&gt;&gt;</a>&nbsp;&nbsp;&nbsp;Write_EEData1
<LI><a href="#[119]">&gt;&gt;</a>&nbsp;&nbsp;&nbsp;Read_EEData1
</UL>

<P><STRONG><a name="[10c]"></a>DelayTBOC1</STRONG> (Thumb, 18 bytes, Stack size 8 bytes, eeprom.o(.text))
<BR><BR>[Stack]<UL><LI>Max Depth = 52<LI>Call Chain = DelayTBOC1 &rArr; HAL_Delay_us &rArr; __aeabi_uidivmod
</UL>
<BR>[Calls]<UL><LI><a href="#[cf]">&gt;&gt;</a>&nbsp;&nbsp;&nbsp;HAL_Delay_us
</UL>
<BR>[Called By]<UL><LI><a href="#[11f]">&gt;&gt;</a>&nbsp;&nbsp;&nbsp;Write_EEData1
</UL>

<P><STRONG><a name="[10e]"></a>Set_SDA_OUT</STRONG> (Thumb, 14 bytes, Stack size 0 bytes, eeprom.o(.text))
<BR><BR>[Called By]<UL><LI><a href="#[115]">&gt;&gt;</a>&nbsp;&nbsp;&nbsp;I2C_Start
<LI><a href="#[113]">&gt;&gt;</a>&nbsp;&nbsp;&nbsp;I2C_WByte
<LI><a href="#[110]">&gt;&gt;</a>&nbsp;&nbsp;&nbsp;I2C_ACK
<LI><a href="#[10d]">&gt;&gt;</a>&nbsp;&nbsp;&nbsp;I2C_Stop
</UL>

<P><STRONG><a name="[112]"></a>Set_SDA_IN</STRONG> (Thumb, 14 bytes, Stack size 0 bytes, eeprom.o(.text))
<BR><BR>[Called By]<UL><LI><a href="#[115]">&gt;&gt;</a>&nbsp;&nbsp;&nbsp;I2C_Start
<LI><a href="#[114]">&gt;&gt;</a>&nbsp;&nbsp;&nbsp;I2C_FStop
<LI><a href="#[113]">&gt;&gt;</a>&nbsp;&nbsp;&nbsp;I2C_WByte
<LI><a href="#[111]">&gt;&gt;</a>&nbsp;&nbsp;&nbsp;I2C_RByte
</UL>

<P><STRONG><a name="[10f]"></a>I2C_Delay</STRONG> (Thumb, 14 bytes, Stack size 0 bytes, eeprom.o(.text))
<BR><BR>[Called By]<UL><LI><a href="#[118]">&gt;&gt;</a>&nbsp;&nbsp;&nbsp;Read_I2C
<LI><a href="#[115]">&gt;&gt;</a>&nbsp;&nbsp;&nbsp;I2C_Start
<LI><a href="#[113]">&gt;&gt;</a>&nbsp;&nbsp;&nbsp;I2C_WByte
<LI><a href="#[111]">&gt;&gt;</a>&nbsp;&nbsp;&nbsp;I2C_RByte
<LI><a href="#[110]">&gt;&gt;</a>&nbsp;&nbsp;&nbsp;I2C_ACK
<LI><a href="#[10d]">&gt;&gt;</a>&nbsp;&nbsp;&nbsp;I2C_Stop
</UL>

<P><STRONG><a name="[10d]"></a>I2C_Stop</STRONG> (Thumb, 52 bytes, Stack size 4 bytes, eeprom.o(.text))
<BR><BR>[Stack]<UL><LI>Max Depth = 4<LI>Call Chain = I2C_Stop
</UL>
<BR>[Calls]<UL><LI><a href="#[10f]">&gt;&gt;</a>&nbsp;&nbsp;&nbsp;I2C_Delay
<LI><a href="#[10e]">&gt;&gt;</a>&nbsp;&nbsp;&nbsp;Set_SDA_OUT
</UL>
<BR>[Called By]<UL><LI><a href="#[11e]">&gt;&gt;</a>&nbsp;&nbsp;&nbsp;Write_I2C
<LI><a href="#[118]">&gt;&gt;</a>&nbsp;&nbsp;&nbsp;Read_I2C
<LI><a href="#[114]">&gt;&gt;</a>&nbsp;&nbsp;&nbsp;I2C_FStop
</UL>

<P><STRONG><a name="[110]"></a>I2C_ACK</STRONG> (Thumb, 52 bytes, Stack size 4 bytes, eeprom.o(.text))
<BR><BR>[Stack]<UL><LI>Max Depth = 4<LI>Call Chain = I2C_ACK
</UL>
<BR>[Calls]<UL><LI><a href="#[10f]">&gt;&gt;</a>&nbsp;&nbsp;&nbsp;I2C_Delay
<LI><a href="#[10e]">&gt;&gt;</a>&nbsp;&nbsp;&nbsp;Set_SDA_OUT
</UL>
<BR>[Called By]<UL><LI><a href="#[118]">&gt;&gt;</a>&nbsp;&nbsp;&nbsp;Read_I2C
</UL>

<P><STRONG><a name="[111]"></a>I2C_RByte</STRONG> (Thumb, 70 bytes, Stack size 4 bytes, eeprom.o(.text))
<BR><BR>[Stack]<UL><LI>Max Depth = 4<LI>Call Chain = I2C_RByte
</UL>
<BR>[Calls]<UL><LI><a href="#[10f]">&gt;&gt;</a>&nbsp;&nbsp;&nbsp;I2C_Delay
<LI><a href="#[112]">&gt;&gt;</a>&nbsp;&nbsp;&nbsp;Set_SDA_IN
</UL>
<BR>[Called By]<UL><LI><a href="#[118]">&gt;&gt;</a>&nbsp;&nbsp;&nbsp;Read_I2C
</UL>

<P><STRONG><a name="[113]"></a>I2C_WByte</STRONG> (Thumb, 146 bytes, Stack size 4 bytes, eeprom.o(.text))
<BR><BR>[Stack]<UL><LI>Max Depth = 4<LI>Call Chain = I2C_WByte
</UL>
<BR>[Calls]<UL><LI><a href="#[10f]">&gt;&gt;</a>&nbsp;&nbsp;&nbsp;I2C_Delay
<LI><a href="#[112]">&gt;&gt;</a>&nbsp;&nbsp;&nbsp;Set_SDA_IN
<LI><a href="#[10e]">&gt;&gt;</a>&nbsp;&nbsp;&nbsp;Set_SDA_OUT
</UL>
<BR>[Called By]<UL><LI><a href="#[11e]">&gt;&gt;</a>&nbsp;&nbsp;&nbsp;Write_I2C
<LI><a href="#[118]">&gt;&gt;</a>&nbsp;&nbsp;&nbsp;Read_I2C
<LI><a href="#[116]">&gt;&gt;</a>&nbsp;&nbsp;&nbsp;Send_I2C_Addr
</UL>

<P><STRONG><a name="[114]"></a>I2C_FStop</STRONG> (Thumb, 82 bytes, Stack size 4 bytes, eeprom.o(.text))
<BR><BR>[Stack]<UL><LI>Max Depth = 8<LI>Call Chain = I2C_FStop &rArr; I2C_Stop
</UL>
<BR>[Calls]<UL><LI><a href="#[10d]">&gt;&gt;</a>&nbsp;&nbsp;&nbsp;I2C_Stop
<LI><a href="#[112]">&gt;&gt;</a>&nbsp;&nbsp;&nbsp;Set_SDA_IN
</UL>
<BR>[Called By]<UL><LI><a href="#[115]">&gt;&gt;</a>&nbsp;&nbsp;&nbsp;I2C_Start
</UL>

<P><STRONG><a name="[115]"></a>I2C_Start</STRONG> (Thumb, 144 bytes, Stack size 8 bytes, eeprom.o(.text))
<BR><BR>[Stack]<UL><LI>Max Depth = 16<LI>Call Chain = I2C_Start &rArr; I2C_FStop &rArr; I2C_Stop
</UL>
<BR>[Calls]<UL><LI><a href="#[114]">&gt;&gt;</a>&nbsp;&nbsp;&nbsp;I2C_FStop
[...]
<LI><a href="#[bc]">&gt;&gt;</a>&nbsp;&nbsp;&nbsp;ReadI1rms
<LI><a href="#[ba]">&gt;&gt;</a>&nbsp;&nbsp;&nbsp;ReadUrms
<LI><a href="#[a6]">&gt;&gt;</a>&nbsp;&nbsp;&nbsp;Emu_Chip_to_StructData
<LI><a href="#[73]">&gt;&gt;</a>&nbsp;&nbsp;&nbsp;vol_read
<LI><a href="#[7f]">&gt;&gt;</a>&nbsp;&nbsp;&nbsp;emu_proc
</UL>

<P><STRONG><a name="[c6]"></a>__aeabi_i2d</STRONG> (Thumb, 34 bytes, Stack size 16 bytes, dflti.o(.text))
<BR><BR>[Stack]<UL><LI>Max Depth = 72<LI>Call Chain = __aeabi_i2d &rArr; _double_epilogue &rArr; __aeabi_llsr
</UL>
<BR>[Calls]<UL><LI><a href="#[1ea]">&gt;&gt;</a>&nbsp;&nbsp;&nbsp;_double_epilogue
</UL>
<BR>[Called By]<UL><LI><a href="#[c5]">&gt;&gt;</a>&nbsp;&nbsp;&nbsp;Chip_Trim_IB_1
<LI><a href="#[82]">&gt;&gt;</a>&nbsp;&nbsp;&nbsp;Chip_Trim_5l
</UL>

<P><STRONG><a name="[278]"></a>__scatterload_copy</STRONG> (Thumb, 14 bytes, Stack size unknown bytes, handlers.o(i.__scatterload_copy), UNUSED)

<P><STRONG><a name="[b2]"></a>__aeabi_fdiv</STRONG> (Thumb, 124 bytes, Stack size 16 bytes, fdiv.o(.text))
<BR><BR>[Stack]<UL><LI>Max Depth = 16<LI>Call Chain = __aeabi_fdiv
</UL>
<BR>[Calls]<UL><LI><a href="#[1eb]">&gt;&gt;</a>&nbsp;&nbsp;&nbsp;_float_round
</UL>
<BR>[Called By]<UL><LI><a href="#[c5]">&gt;&gt;</a>&nbsp;&nbsp;&nbsp;Chip_Trim_IB_1
<LI><a href="#[c4]">&gt;&gt;</a>&nbsp;&nbsp;&nbsp;Chip_Trim_IB
<LI><a href="#[c0]">&gt;&gt;</a>&nbsp;&nbsp;&nbsp;write_power_data
<LI><a href="#[bc]">&gt;&gt;</a>&nbsp;&nbsp;&nbsp;ReadI1rms
<LI><a href="#[ba]">&gt;&gt;</a>&nbsp;&nbsp;&nbsp;ReadUrms
<LI><a href="#[73]">&gt;&gt;</a>&nbsp;&nbsp;&nbsp;vol_read
<LI><a href="#[7f]">&gt;&gt;</a>&nbsp;&nbsp;&nbsp;emu_proc
</UL>

<P><STRONG><a name="[c7]"></a>__aeabi_dadd</STRONG> (Thumb, 328 bytes, Stack size 48 bytes, dadd.o(.text))
<BR><BR>[Stack]<UL><LI>Max Depth = 104<LI>Call Chain = __aeabi_dadd &rArr; _double_epilogue &rArr; __aeabi_llsr
</UL>
<BR>[Calls]<UL><LI><a href="#[1ed]">&gt;&gt;</a>&nbsp;&nbsp;&nbsp;__aeabi_lasr
<LI><a href="#[1ec]">&gt;&gt;</a>&nbsp;&nbsp;&nbsp;__aeabi_llsl
<LI><a href="#[1ee]">&gt;&gt;</a>&nbsp;&nbsp;&nbsp;_double_round
<LI><a href="#[1ea]">&gt;&gt;</a>&nbsp;&nbsp;&nbsp;_double_epilogue
</UL>
<BR>[Called By]<UL><LI><a href="#[c9]">&gt;&gt;</a>&nbsp;&nbsp;&nbsp;__aeabi_dsub
<LI><a href="#[c5]">&gt;&gt;</a>&nbsp;&nbsp;&nbsp;Chip_Trim_IB_1
<LI><a href="#[82]">&gt;&gt;</a>&nbsp;&nbsp;&nbsp;Chip_Trim_5l
<LI><a href="#[1ef]">&gt;&gt;</a>&nbsp;&nbsp;&nbsp;__aeabi_drsub
</UL>

<P><STRONG><a name="[c9]"></a>__aeabi_dsub</STRONG> (Thumb, 12 bytes, Stack size 8 bytes, dadd.o(.text))
<BR><BR>[Stack]<UL><LI>Max Depth = 112<LI>Call Chain = __aeabi_dsub &rArr; __aeabi_dadd &rArr; _double_epilogue &rArr; __aeabi_llsr
</UL>
<BR>[Calls]<UL><LI><a href="#[c7]">&gt;&gt;</a>&nbsp;&nbsp;&nbsp;__aeabi_dadd
</UL>
<BR>[Called By]<UL><LI><a href="#[82]">&gt;&gt;</a>&nbsp;&nbsp;&nbsp;Chip_Trim_5l
</UL>

<P><STRONG><a name="[1ef]"></a>__aeabi_drsub</STRONG> (Thumb, 12 bytes, Stack size 8 bytes, dadd.o(.text), UNUSED)
<BR><BR>[Calls]<UL><LI><a href="#[c7]">&gt;&gt;</a>&nbsp;&nbsp;&nbsp;__aeabi_dadd
</UL>

<P><STRONG><a name="[b6]"></a>__aeabi_dmul</STRONG> (Thumb, 202 bytes, Stack size 72 bytes, dmul.o(.text))
<BR><BR>[Stack]<UL><LI>Max Depth = 128<LI>Call Chain = __aeabi_dmul &rArr; _double_epilogue &rArr; __aeabi_llsr
</UL>
<BR>[Calls]<UL><LI><a href="#[1ea]">&gt;&gt;</a>&nbsp;&nbsp;&nbsp;_double_epilogue
</UL>
<BR>[Called By]<UL><LI><a href="#[ca]">&gt;&gt;</a>&nbsp;&nbsp;&nbsp;Chip_Trim_5
<LI><a href="#[c5]">&gt;&gt;</a>&nbsp;&nbsp;&nbsp;Chip_Trim_IB_1
<LI><a href="#[c4]">&gt;&gt;</a>&nbsp;&nbsp;&nbsp;Chip_Trim_IB
<LI><a href="#[c0]">&gt;&gt;</a>&nbsp;&nbsp;&nbsp;write_power_data
<LI><a href="#[7f]">&gt;&gt;</a>&nbsp;&nbsp;&nbsp;emu_proc
<LI><a href="#[82]">&gt;&gt;</a>&nbsp;&nbsp;&nbsp;Chip_Trim_5l
</UL>

<P><STRONG><a name="[b7]"></a>__aeabi_ddiv</STRONG> (Thumb, 234 bytes, Stack size 40 bytes, ddiv.o(.text))
<BR><BR>[Stack]<UL><LI>Max Depth = 48<LI>Call Chain = __aeabi_ddiv &rArr; _double_round
</UL>
<BR>[Calls]<UL><LI><a href="#[1ee]">&gt;&gt;</a>&nbsp;&nbsp;&nbsp;_double_round
</UL>
<BR>[Called By]<UL><LI><a href="#[ca]">&gt;&gt;</a>&nbsp;&nbsp;&nbsp;Chip_Trim_5
<LI><a href="#[c5]">&gt;&gt;</a>&nbsp;&nbsp;&nbsp;Chip_Trim_IB_1
<LI><a href="#[c4]">&gt;&gt;</a>&nbsp;&nbsp;&nbsp;Chip_Trim_IB
<LI><a href="#[7f]">&gt;&gt;</a>&nbsp;&nbsp;&nbsp;emu_proc
<LI><a href="#[82]">&gt;&gt;</a>&nbsp;&nbsp;&nbsp;Chip_Trim_5l
</UL>

<P><STRONG><a name="[b5]"></a>__aeabi_ui2d</STRONG> (Thumb, 24 bytes, Stack size 16 bytes, dfltui.o(.text))
<BR><BR>[Stack]<UL><LI>Max Depth = 72<LI>Call Chain = __aeabi_ui2d &rArr; _double_epilogue &rArr; __aeabi_llsr
</UL>
<BR>[Calls]<UL><LI><a href="#[1ea]">&gt;&gt;</a>&nbsp;&nbsp;&nbsp;_double_epilogue
</UL>
<BR>[Called By]<UL><LI><a href="#[ca]">&gt;&gt;</a>&nbsp;&nbsp;&nbsp;Chip_Trim_5
<LI><a href="#[c5]">&gt;&gt;</a>&nbsp;&nbsp;&nbsp;Chip_Trim_IB_1
<LI><a href="#[c4]">&gt;&gt;</a>&nbsp;&nbsp;&nbsp;Chip_Trim_IB
<LI><a href="#[7f]">&gt;&gt;</a>&nbsp;&nbsp;&nbsp;emu_proc
<LI><a href="#[82]">&gt;&gt;</a>&nbsp;&nbsp;&nbsp;Chip_Trim_5l
</UL>

<P><STRONG><a name="[b3]"></a>__aeabi_f2iz</STRONG> (Thumb, 50 bytes, Stack size 0 bytes, ffixi.o(.text))
<BR><BR>[Called By]<UL><LI><a href="#[c5]">&gt;&gt;</a>&nbsp;&nbsp;&nbsp;Chip_Trim_IB_1
<LI><a href="#[c4]">&gt;&gt;</a>&nbsp;&nbsp;&nbsp;Chip_Trim_IB
<LI><a href="#[73]">&gt;&gt;</a>&nbsp;&nbsp;&nbsp;vol_read
<LI><a href="#[7f]">&gt;&gt;</a>&nbsp;&nbsp;&nbsp;emu_proc
</UL>

<P><STRONG><a name="[bb]"></a>__aeabi_f2uiz</STRONG> (Thumb, 40 bytes, Stack size 0 bytes, ffixui.o(.text))
<BR><BR>[Called By]<UL><LI><a href="#[c0]">&gt;&gt;</a>&nbsp;&nbsp;&nbsp;write_power_data
<LI><a href="#[bd]">&gt;&gt;</a>&nbsp;&nbsp;&nbsp;ReadPowerP
<LI><a href="#[bc]">&gt;&gt;</a>&nbsp;&nbsp;&nbsp;ReadI1rms
<LI><a href="#[ba]">&gt;&gt;</a>&nbsp;&nbsp;&nbsp;ReadUrms
<LI><a href="#[83]">&gt;&gt;</a>&nbsp;&nbsp;&nbsp;Emu_Var_Write
</UL>

<P><STRONG><a name="[c8]"></a>__aeabi_d2iz</STRONG> (Thumb, 62 bytes, Stack size 16 bytes, dfixi.o(.text))
<BR><BR>[Stack]<UL><LI>Max Depth = 24<LI>Call Chain = __aeabi_d2iz &rArr; __aeabi_llsr
</UL>
<BR>[Calls]<UL><LI><a href="#[1f0]">&gt;&gt;</a>&nbsp;&nbsp;&nbsp;__aeabi_llsr
</UL>
<BR>[Called By]<UL><LI><a href="#[ca]">&gt;&gt;</a>&nbsp;&nbsp;&nbsp;Chip_Trim_5
<LI><a href="#[c5]">&gt;&gt;</a>&nbsp;&nbsp;&nbsp;Chip_Trim_IB_1
<LI><a href="#[82]">&gt;&gt;</a>&nbsp;&nbsp;&nbsp;Chip_Trim_5l
</UL>

<P><STRONG><a name="[b8]"></a>__aeabi_d2uiz</STRONG> (Thumb, 50 bytes, Stack size 8 bytes, dfixui.o(.text))
<BR><BR>[Stack]<UL><LI>Max Depth = 16<LI>Call Chain = __aeabi_d2uiz &rArr; __aeabi_llsr
</UL>
<BR>[Calls]<UL><LI><a href="#[1f0]">&gt;&gt;</a>&nbsp;&nbsp;&nbsp;__aeabi_llsr
</UL>
<BR>[Called By]<UL><LI><a href="#[c5]">&gt;&gt;</a>&nbsp;&nbsp;&nbsp;Chip_Trim_IB_1
<LI><a href="#[c4]">&gt;&gt;</a>&nbsp;&nbsp;&nbsp;Chip_Trim_IB
<LI><a href="#[7f]">&gt;&gt;</a>&nbsp;&nbsp;&nbsp;emu_proc
</UL>

<P><STRONG><a name="[b4]"></a>__aeabi_f2d</STRONG> (Thumb, 40 bytes, Stack size 0 bytes, f2d.o(.text))
<BR><BR>[Called By]<UL><LI><a href="#[ca]">&gt;&gt;</a>&nbsp;&nbsp;&nbsp;Chip_Trim_5
<LI><a href="#[c5]">&gt;&gt;</a>&nbsp;&nbsp;&nbsp;Chip_Trim_IB_1
<LI><a href="#[c4]">&gt;&gt;</a>&nbsp;&nbsp;&nbsp;Chip_Trim_IB
<LI><a href="#[c0]">&gt;&gt;</a>&nbsp;&nbsp;&nbsp;write_power_data
<LI><a href="#[7f]">&gt;&gt;</a>&nbsp;&nbsp;&nbsp;emu_proc
</UL>

<P><STRONG><a name="[c1]"></a>__aeabi_d2f</STRONG> (Thumb, 56 bytes, Stack size 8 bytes, d2f.o(.text), UNUSED)
<BR><BR>[Calls]<UL><LI><a href="#[1eb]">&gt;&gt;</a>&nbsp;&nbsp;&nbsp;_float_round
</UL>
<BR>[Called By]<UL><LI><a href="#[c0]">&gt;&gt;</a>&nbsp;&nbsp;&nbsp;write_power_data
</UL>

<P><STRONG><a name="[1ec]"></a>__aeabi_llsl</STRONG> (Thumb, 32 bytes, Stack size 8 bytes, llshl.o(.text))
<BR><BR>[Stack]<UL><LI>Max Depth = 8<LI>Call Chain = __aeabi_llsl
</UL>
<BR>[Called By]<UL><LI><a href="#[c7]">&gt;&gt;</a>&nbsp;&nbsp;&nbsp;__aeabi_dadd
<LI><a href="#[1ea]">&gt;&gt;</a>&nbsp;&nbsp;&nbsp;_double_epilogue
</UL>

<P><STRONG><a name="[279]"></a>_ll_shift_l</STRONG> (Thumb, 0 bytes, Stack size 8 bytes, llshl.o(.text), UNUSED)

<P><STRONG><a name="[1f0]"></a>__aeabi_llsr</STRONG> (Thumb, 34 bytes, Stack size 8 bytes, llushr.o(.text))
<BR><BR>[Stack]<UL><LI>Max Depth = 8<LI>Call Chain = __aeabi_llsr
</UL>
<BR>[Called By]<UL><LI><a href="#[b8]">&gt;&gt;</a>&nbsp;&nbsp;&nbsp;__aeabi_d2uiz
<LI><a href="#[c8]">&gt;&gt;</a>&nbsp;&nbsp;&nbsp;__aeabi_d2iz
<LI><a href="#[1ea]">&gt;&gt;</a>&nbsp;&nbsp;&nbsp;_double_epilogue
</UL>

<P><STRONG><a name="[27a]"></a>_ll_ushift_r</STRONG> (Thumb, 0 bytes, Stack size 8 bytes, llushr.o(.text), UNUSED)

<P><STRONG><a name="[1ed]"></a>__aeabi_lasr</STRONG> (Thumb, 38 bytes, Stack size 8 bytes, llsshr.o(.text))
<BR><BR>[Stack]<UL><LI>Max Depth = 8<LI>Call Chain = __aeabi_lasr
</UL>
<BR>[Called By]<UL><LI><a href="#[c7]">&gt;&gt;</a>&nbsp;&nbsp;&nbsp;__aeabi_dadd
</UL>

<P><STRONG><a name="[27b]"></a>_ll_sshift_r</STRONG> (Thumb, 0 bytes, Stack size 8 bytes, llsshr.o(.text), UNUSED)

<P><STRONG><a name="[1eb]"></a>_float_round</STRONG> (Thumb, 16 bytes, Stack size 0 bytes, fepilogue.o(.text))
<BR><BR>[Called By]<UL><LI><a href="#[b2]">&gt;&gt;</a>&nbsp;&nbsp;&nbsp;__aeabi_fdiv
<LI><a href="#[c1]">&gt;&gt;</a>&nbsp;&nbsp;&nbsp;__aeabi_d2f
</UL>

<P><STRONG><a name="[1e9]"></a>_float_epilogue</STRONG> (Thumb, 114 bytes, Stack size 12 bytes, fepilogue.o(.text))
<BR><BR>[Stack]<UL><LI>Max Depth = 12<LI>Call Chain = _float_epilogue
</UL>
<BR>[Called By]<UL><LI><a href="#[a8]">&gt;&gt;</a>&nbsp;&nbsp;&nbsp;__aeabi_ui2f
</UL>

<P><STRONG><a name="[1ee]"></a>_double_round</STRONG> (Thumb, 26 bytes, Stack size 8 bytes, depilogue.o(.text))
<BR><BR>[Stack]<UL><LI>Max Depth = 8<LI>Call Chain = _double_round
</UL>
<BR>[Called By]<UL><LI><a href="#[b7]">&gt;&gt;</a>&nbsp;&nbsp;&nbsp;__aeabi_ddiv
<LI><a href="#[c7]">&gt;&gt;</a>&nbsp;&nbsp;&nbsp;__aeabi_dadd
<LI><a href="#[1ea]">&gt;&gt;</a>&nbsp;&nbsp;&nbsp;_double_epilogue
</UL>

<P><STRONG><a name="[1ea]"></a>_double_epilogue</STRONG> (Thumb, 164 bytes, Stack size 48 bytes, depilogue.o(.text))
<BR><BR>[Stack]<UL><LI>Max Depth = 56<LI>Call Chain = _double_epilogue &rArr; __aeabi_llsr
</UL>
<BR>[Calls]<UL><LI><a href="#[1f1]">&gt;&gt;</a>&nbsp;&nbsp;&nbsp;__ARM_clz
<LI><a href="#[1f0]">&gt;&gt;</a>&nbsp;&nbsp;&nbsp;__aeabi_llsr
<LI><a href="#[1ec]">&gt;&gt;</a>&nbsp;&nbsp;&nbsp;__aeabi_llsl
<LI><a href="#[1ee]">&gt;&gt;</a>&nbsp;&nbsp;&nbsp;_double_round
</UL>
<BR>[Called By]<UL><LI><a href="#[b5]">&gt;&gt;</a>&nbsp;&nbsp;&nbsp;__aeabi_ui2d
<LI><a href="#[c6]">&gt;&gt;</a>&nbsp;&nbsp;&nbsp;__aeabi_i2d
<LI><a href="#[b6]">&gt;&gt;</a>&nbsp;&nbsp;&nbsp;__aeabi_dmul
<LI><a href="#[c7]">&gt;&gt;</a>&nbsp;&nbsp;&nbsp;__aeabi_dadd
</UL>

<P><STRONG><a name="[57]"></a>__scatterload</STRONG> (Thumb, 28 bytes, Stack size 0 bytes, init.o(.text))
<BR><BR>[Calls]<UL><LI><a href="#[1f2]">&gt;&gt;</a>&nbsp;&nbsp;&nbsp;__main_after_scatterload
</UL>
<BR>[Called By]<UL><LI><a href="#[56]">&gt;&gt;</a>&nbsp;&nbsp;&nbsp;_main_scatterload
</UL>

<P><STRONG><a name="[27c]"></a>__scatterload_rt2</STRONG> (Thumb, 0 bytes, Stack size 0 bytes, init.o(.text), UNUSED)

<P><STRONG><a name="[1f3]"></a>__0fprintf$6</STRONG> (Thumb, 24 bytes, Stack size 24 bytes, printf6.o(i.__0fprintf$6), UNUSED)
<BR><BR>[Calls]<UL><LI><a href="#[1f4]">&gt;&gt;</a>&nbsp;&nbsp;&nbsp;_printf_core
</UL>

<P><STRONG><a name="[27d]"></a>__1fprintf$6</STRONG> (Thumb, 0 bytes, Stack size 24 bytes, printf6.o(i.__0fprintf$6), UNUSED)

<P><STRONG><a name="[8c]"></a>__2fprintf</STRONG> (Thumb, 0 bytes, Stack size 24 bytes, printf6.o(i.__0fprintf$6), UNUSED)
<BR><BR>[Called By]<UL><LI><a href="#[8a]">&gt;&gt;</a>&nbsp;&nbsp;&nbsp;printfdatano
</UL>

<P><STRONG><a name="[1f1]"></a>__ARM_clz</STRONG> (Thumb, 46 bytes, Stack size 0 bytes, depilogue.o(i.__ARM_clz))
<BR><BR>[Called By]<UL><LI><a href="#[1ea]">&gt;&gt;</a>&nbsp;&nbsp;&nbsp;_double_epilogue
</UL>

<P><STRONG><a name="[e4]"></a>__ARM_common_switch8</STRONG> (Thumb, 28 bytes, Stack size 8 bytes, disp.o(i.__ARM_common_switch8))
<BR><BR>[Stack]<UL><LI>Max Depth = 8<LI>Call Chain = __ARM_common_switch8
</UL>
<BR>[Called By]<UL><LI><a href="#[75]">&gt;&gt;</a>&nbsp;&nbsp;&nbsp;UpDisp
<LI><a href="#[106]">&gt;&gt;</a>&nbsp;&nbsp;&nbsp;stream_send_fun_645
<LI><a href="#[1df]">&gt;&gt;</a>&nbsp;&nbsp;&nbsp;HT_TBS_ValueRead
</UL>

<P><STRONG><a name="[27e]"></a>__scatterload_zeroinit</STRONG> (Thumb, 14 bytes, Stack size unknown bytes, handlers.o(i.__scatterload_zeroinit), UNUSED)

<P><STRONG><a name="[25]"></a>fputc</STRONG> (Thumb, 18 bytes, Stack size 16 bytes, fputc.o(i.fputc))
<BR><BR>[Stack]<UL><LI>Max Depth = 16<LI>Call Chain = fputc
</UL>
<BR>[Address Reference Count : 1]<UL><LI> printf6.o(i.__0fprintf$6)
</UL><P>
<H3>
Local Symbols
</H3>
<P><STRONG><a name="[71]"></a>NVIC_SetPriority</STRONG> (Thumb, 114 bytes, Stack size 8 bytes, main.o(.text))
<BR><BR>[Stack]<UL><LI>Max Depth = 8<LI>Call Chain = NVIC_SetPriority
</UL>
<BR>[Called By]<UL><LI><a href="#[21]">&gt;&gt;</a>&nbsp;&nbsp;&nbsp;main
</UL>

<P><STRONG><a name="[aa]"></a>emu_var_cal</STRONG> (Thumb, 22 bytes, Stack size 8 bytes, emu.o(.text))
<BR><BR>[Stack]<UL><LI>Max Depth = 36<LI>Call Chain = emu_var_cal &rArr; Emu_Chip_to_StructData &rArr; __aeabi_ui2f &rArr; _float_epilogue
</UL>
<BR>[Calls]<UL><LI><a href="#[a9]">&gt;&gt;</a>&nbsp;&nbsp;&nbsp;Emu_StoretData_To_Chip
<LI><a href="#[a6]">&gt;&gt;</a>&nbsp;&nbsp;&nbsp;Emu_Chip_to_StructData
</UL>
<BR>[Called By]<UL><LI><a href="#[b0]">&gt;&gt;</a>&nbsp;&nbsp;&nbsp;load_emu_var_const
<LI><a href="#[af]">&gt;&gt;</a>&nbsp;&nbsp;&nbsp;load_emu_var_32k
<LI><a href="#[ae]">&gt;&gt;</a>&nbsp;&nbsp;&nbsp;load_emu_var_225k
<LI><a href="#[ab]">&gt;&gt;</a>&nbsp;&nbsp;&nbsp;load_emu_var
<LI><a href="#[6f]">&gt;&gt;</a>&nbsp;&nbsp;&nbsp;emu_init
</UL>

<P><STRONG><a name="[ab]"></a>load_emu_var</STRONG> (Thumb, 54 bytes, Stack size 8 bytes, emu.o(.text), UNUSED)
<BR><BR>[Calls]<UL><LI><a href="#[ac]">&gt;&gt;</a>&nbsp;&nbsp;&nbsp;check_checksum
<LI><a href="#[ad]">&gt;&gt;</a>&nbsp;&nbsp;&nbsp;get_checksum
<LI><a href="#[a6]">&gt;&gt;</a>&nbsp;&nbsp;&nbsp;Emu_Chip_to_StructData
<LI><a href="#[aa]">&gt;&gt;</a>&nbsp;&nbsp;&nbsp;emu_var_cal
</UL>

<P><STRONG><a name="[ae]"></a>load_emu_var_225k</STRONG> (Thumb, 36 bytes, Stack size 8 bytes, emu.o(.text), UNUSED)
<BR><BR>[Calls]<UL><LI><a href="#[ac]">&gt;&gt;</a>&nbsp;&nbsp;&nbsp;check_checksum
<LI><a href="#[ad]">&gt;&gt;</a>&nbsp;&nbsp;&nbsp;get_checksum
<LI><a href="#[a6]">&gt;&gt;</a>&nbsp;&nbsp;&nbsp;Emu_Chip_to_StructData
<LI><a href="#[aa]">&gt;&gt;</a>&nbsp;&nbsp;&nbsp;emu_var_cal
</UL>

<P><STRONG><a name="[af]"></a>load_emu_var_32k</STRONG> (Thumb, 36 bytes, Stack size 8 bytes, emu.o(.text), UNUSED)
<BR><BR>[Calls]<UL><LI><a href="#[ac]">&gt;&gt;</a>&nbsp;&nbsp;&nbsp;check_checksum
<LI><a href="#[ad]">&gt;&gt;</a>&nbsp;&nbsp;&nbsp;get_checksum
<LI><a href="#[a6]">&gt;&gt;</a>&nbsp;&nbsp;&nbsp;Emu_Chip_to_StructData
<LI><a href="#[aa]">&gt;&gt;</a>&nbsp;&nbsp;&nbsp;emu_var_cal
</UL>

<P><STRONG><a name="[b0]"></a>load_emu_var_const</STRONG> (Thumb, 36 bytes, Stack size 8 bytes, emu.o(.text), UNUSED)
<BR><BR>[Calls]<UL><LI><a href="#[ac]">&gt;&gt;</a>&nbsp;&nbsp;&nbsp;check_checksum
<LI><a href="#[ad]">&gt;&gt;</a>&nbsp;&nbsp;&nbsp;get_checksum
<LI><a href="#[a6]">&gt;&gt;</a>&nbsp;&nbsp;&nbsp;Emu_Chip_to_StructData
<LI><a href="#[aa]">&gt;&gt;</a>&nbsp;&nbsp;&nbsp;emu_var_cal
</UL>

<P><STRONG><a name="[f7]"></a>NVIC_SetPriority</STRONG> (Thumb, 110 bytes, Stack size 8 bytes, pmu.o(.text))
<BR><BR>[Stack]<UL><LI>Max Depth = 8<LI>Call Chain = NVIC_SetPriority
</UL>
<BR>[Called By]<UL><LI><a href="#[6b]">&gt;&gt;</a>&nbsp;&nbsp;&nbsp;PMU_Init
</UL>

<P><STRONG><a name="[fd]"></a>NVIC_EnableIRQ</STRONG> (Thumb, 14 bytes, Stack size 0 bytes, uartio.o(.text))
<BR><BR>[Called By]<UL><LI><a href="#[ff]">&gt;&gt;</a>&nbsp;&nbsp;&nbsp;UART_INTENABLE
<LI><a href="#[fa]">&gt;&gt;</a>&nbsp;&nbsp;&nbsp;UART_ini1t
</UL>

<P><STRONG><a name="[101]"></a>NVIC_DisableIRQ</STRONG> (Thumb, 16 bytes, Stack size 0 bytes, uartio.o(.text))
<BR><BR>[Called By]<UL><LI><a href="#[100]">&gt;&gt;</a>&nbsp;&nbsp;&nbsp;UART_Close
</UL>

<P><STRONG><a name="[103]"></a>NVIC_SetPendingIRQ</STRONG> (Thumb, 14 bytes, Stack size 0 bytes, uartio.o(.text))
<BR><BR>[Called By]<UL><LI><a href="#[102]">&gt;&gt;</a>&nbsp;&nbsp;&nbsp;UART_SendIntEnable
</UL>

<P><STRONG><a name="[fc]"></a>NVIC_SetPriority</STRONG> (Thumb, 110 bytes, Stack size 8 bytes, uartio.o(.text), UNUSED)
<BR><BR>[Called By]<UL><LI><a href="#[fa]">&gt;&gt;</a>&nbsp;&nbsp;&nbsp;UART_ini1t
</UL>

<P><STRONG><a name="[1d6]"></a>McuFlashPageWrite</STRONG> (Thumb, 120 bytes, Stack size 32 bytes, flashsave.o(.text))
<BR><BR>[Stack]<UL><LI>Max Depth = 48<LI>Call Chain = McuFlashPageWrite &rArr; HT_Flash_ByteWrite
</UL>
<BR>[Calls]<UL><LI><a href="#[cd]">&gt;&gt;</a>&nbsp;&nbsp;&nbsp;HT_Flash_ByteWrite
<LI><a href="#[1d7]">&gt;&gt;</a>&nbsp;&nbsp;&nbsp;enMcuAddr_Check
<LI><a href="#[1d8]">&gt;&gt;</a>&nbsp;&nbsp;&nbsp;memcmp
</UL>
<BR>[Called By]<UL><LI><a href="#[1d9]">&gt;&gt;</a>&nbsp;&nbsp;&nbsp;McuFlashPageSafeWrite
</UL>

<P><STRONG><a name="[1d9]"></a>McuFlashPageSafeWrite</STRONG> (Thumb, 50 bytes, Stack size 32 bytes, flashsave.o(.text))
<BR><BR>[Stack]<UL><LI>Max Depth = 80<LI>Call Chain = McuFlashPageSafeWrite &rArr; McuFlashPageWrite &rArr; HT_Flash_ByteWrite
</UL>
<BR>[Calls]<UL><LI><a href="#[d4]">&gt;&gt;</a>&nbsp;&nbsp;&nbsp;HT_Flash_PageErase
<LI><a href="#[1d6]">&gt;&gt;</a>&nbsp;&nbsp;&nbsp;McuFlashPageWrite
</UL>
<BR>[Called By]<UL><LI><a href="#[1da]">&gt;&gt;</a>&nbsp;&nbsp;&nbsp;McuFlashPageRandWrite
</UL>

<P><STRONG><a name="[1da]"></a>McuFlashPageRandWrite</STRONG> (Thumb, 180 bytes, Stack size 56 bytes, flashsave.o(.text))
<BR><BR>[Stack]<UL><LI>Max Depth = 136<LI>Call Chain = McuFlashPageRandWrite &rArr; McuFlashPageSafeWrite &rArr; McuFlashPageWrite &rArr; HT_Flash_ByteWrite
</UL>
<BR>[Calls]<UL><LI><a href="#[1d7]">&gt;&gt;</a>&nbsp;&nbsp;&nbsp;enMcuAddr_Check
<LI><a href="#[1d9]">&gt;&gt;</a>&nbsp;&nbsp;&nbsp;McuFlashPageSafeWrite
<LI><a href="#[60]">&gt;&gt;</a>&nbsp;&nbsp;&nbsp;__aeabi_memcpy
</UL>
<BR>[Called By]<UL><LI><a href="#[1db]">&gt;&gt;</a>&nbsp;&nbsp;&nbsp;McuFlashRandWrite
</UL>

<P><STRONG><a name="[1dc]"></a>Wait2mS</STRONG> (Thumb, 36 bytes, Stack size 8 bytes, ht6xxx_cmu.o(.text))
<BR><BR>[Stack]<UL><LI>Max Depth = 8<LI>Call Chain = Wait2mS
</UL>
<BR>[Calls]<UL><LI><a href="#[1dd]">&gt;&gt;</a>&nbsp;&nbsp;&nbsp;HT_CMU_SysClkGet
</UL>
<BR>[Called By]<UL><LI><a href="#[64]">&gt;&gt;</a>&nbsp;&nbsp;&nbsp;HT_CMU_Init
</UL>

<P><STRONG><a name="[1e2]"></a>ChgMOD_1</STRONG> (Thumb, 30 bytes, Stack size 16 bytes, gettimecnt.o(.text))
<BR><BR>[Stack]<UL><LI>Max Depth = 28<LI>Call Chain = ChgMOD_1 &rArr; __aeabi_uidivmod
</UL>
<BR>[Calls]<UL><LI><a href="#[7a]">&gt;&gt;</a>&nbsp;&nbsp;&nbsp;__aeabi_uidivmod
</UL>
<BR>[Called By]<UL><LI><a href="#[133]">&gt;&gt;</a>&nbsp;&nbsp;&nbsp;GetTimeCnt
<LI><a href="#[134]">&gt;&gt;</a>&nbsp;&nbsp;&nbsp;GetCntTime
</UL>

<P><STRONG><a name="[1f4]"></a>_printf_core</STRONG> (Thumb, 768 bytes, Stack size 96 bytes, printf6.o(i._printf_core), UNUSED)
<BR><BR>[Calls]<UL><LI><a href="#[7a]">&gt;&gt;</a>&nbsp;&nbsp;&nbsp;__aeabi_uidivmod
<LI><a href="#[1f5]">&gt;&gt;</a>&nbsp;&nbsp;&nbsp;_printf_pre_padding
<LI><a href="#[1f6]">&gt;&gt;</a>&nbsp;&nbsp;&nbsp;_printf_post_padding
</UL>
<BR>[Called By]<UL><LI><a href="#[1f3]">&gt;&gt;</a>&nbsp;&nbsp;&nbsp;__0fprintf$6
</UL>

<P><STRONG><a name="[1f6]"></a>_printf_post_padding</STRONG> (Thumb, 32 bytes, Stack size 24 bytes, printf6.o(i._printf_post_padding), UNUSED)
<BR><BR>[Called By]<UL><LI><a href="#[1f4]">&gt;&gt;</a>&nbsp;&nbsp;&nbsp;_printf_core
</UL>

<P><STRONG><a name="[1f5]"></a>_printf_pre_padding</STRONG> (Thumb, 44 bytes, Stack size 40 bytes, printf6.o(i._printf_pre_padding), UNUSED)
<BR><BR>[Called By]<UL><LI><a href="#[1f4]">&gt;&gt;</a>&nbsp;&nbsp;&nbsp;_printf_core
</UL>
<P>
<H3>
Undefined Global Symbols
</H3><HR></body></html>
