Component: ARM Compiler 5.05 update 2 (build 169) Tool: armlink [4d0f33]

==============================================================================

Section Cross References

    main.o(.text) refers to emu.o(.text) for Read_EPADR
    main.o(.text) refers to flash_filesystem.o(.text) for Record_Put
    main.o(.text) refers to memcpya.o(.text) for __aeabi_memcpy
    main.o(.text) refers to memseta.o(.text) for __aeabi_memclr4
    main.o(.text) refers to rtc_app_ht5019.o(.text) for Rtc_Get_SafeIo
    main.o(.text) refers to ht6xxx_cmu.o(.text) for HT_CMU_Init
    main.o(.text) refers to gpio.o(.text) for DEBUG_Init
    main.o(.text) refers to lcdio.o(.text) for LCD_Init
    main.o(.text) refers to pmu.o(.text) for PMU_Init
    main.o(.text) refers to bit_edge.o(.text) for bitstruct_init
    main.o(.text) refers to ht6xxx_rtc.o(.text) for HT_RTC_ITConfig
    main.o(.text) refers to gettimecnt.o(.text) for Time_Cnt_Exchange_Init
    main.o(.text) refers to indata_oper.o(.text) for cFlashinfo_Restore
    main.o(.text) refers to disp.o(.text) for UpDisp
    main.o(.text) refers to soft_timer_filter.o(.text) for softtimer_run
    main.o(.text) refers to globlvar.o(.bss) for RamData
    main.o(.text) refers to unit_instance.o(.bss) for bbitstatu
    main.o(.text) refers to globlvar.o(.constdata) for stDianLian
    main.o(.text) refers to dfinit.o(.constdata) for DftFlashInfo
    main.o(.text) refers to globlvar.o(.data) for iTurnOffTm
    main.o(.text) refers to systickapp.o(.data) for c5msno
    main.o(.text) refers to unit_instance.o(.data) for stbitio
    main.o(.text) refers to uidiv.o(.text) for __aeabi_uidivmod
    main.o(.text) refers to public.o(.text) for Hex_BCD
    main.o(.text) refers to meter.o(.text) for CheckFroze
    main.o(.text) refers to trx.o(.text) for Do_TRx
    main.o(.text) refers to printf6.o(i.__0fprintf$6) for __2fprintf
    ht6xxx_it.o(.text) refers to ht6xxx_pmu.o(.text) for HT_PMU_ITFlagStatusGet
    ht6xxx_it.o(.text) refers to systickapp.o(.text) for SystemTick_Interrupt_Off
    ht6xxx_it.o(.text) refers to pmu.o(.text) for OnLine_Dete
    ht6xxx_it.o(.text) refers to ht6xxx_exti.o(.text) for HT_EXTIRise_ITFlagStatusGet
    ht6xxx_it.o(.text) refers to ht6xxx_uart&7816.o(.text) for HT_UART_ITFlagStatusGet
    ht6xxx_it.o(.text) refers to uartio.o(.text) for Uart_SendIntFun
    ht6xxx_it.o(.text) refers to ht6xxx_timer.o(.text) for HT_TMR_ITFlagStatusGet
    ht6xxx_it.o(.text) refers to ht6xxx_tbs.o(.text) for HT_TBS_ITFlagStatusGet
    ht6xxx_it.o(.text) refers to ht6xxx_spi.o(.text) for HT_SPI_ITFlagStatusGet
    ht6xxx_it.o(.text) refers to unit_instance.o(.data) for stbitio
    bit_edge.o(.text) refers to memcpya.o(.text) for __aeabi_memcpy
    bit_edge.o(.text) refers to memseta.o(.text) for __aeabi_memclr
    bit_edge.o(.text) refers to unit_instance.o(.bss) for bbitstatu
    bit_edge.o(.text) refers to unit_instance.o(.data) for lESTATE
    bit_edge.o(.text) refers to bit_edge.o(.data) for bHalfSecStatu
    soft_timer_filter.o(.text) refers to unit_instance.o(.bss) for bbitstatu
    unit_instance.o(.constdata) refers to unit_instance.o(.bss) for bbitstatu
    emu.o(.text) refers to ffltui.o(.text) for __aeabi_ui2f
    emu.o(.text) refers to globlvar.o(.bss) for emu_ecr_reg
    emu.o(.text) refers to globlvar.o(.ARM.__AT_0x0000D400) for stflashdata
    emu.o(.text) refers to emu.o(.data) for emu_cal_mode
    emu.o(.text) refers to fdiv.o(.text) for __aeabi_fdiv
    emu.o(.text) refers to ffixi.o(.text) for __aeabi_f2iz
    emu.o(.text) refers to f2d.o(.text) for __aeabi_f2d
    emu.o(.text) refers to dfltui.o(.text) for __aeabi_ui2d
    emu.o(.text) refers to dmul.o(.text) for __aeabi_dmul
    emu.o(.text) refers to ddiv.o(.text) for __aeabi_ddiv
    emu.o(.text) refers to dfixui.o(.text) for __aeabi_d2uiz
    emu.o(.text) refers to idiv.o(.text) for __aeabi_idivmod
    emu.o(.text) refers to uidiv.o(.text) for __aeabi_uidivmod
    emu.o(.text) refers to ffixui.o(.text) for __aeabi_f2uiz
    emu.o(.text) refers to fmul.o(.text) for __aeabi_fmul
    emu.o(.text) refers to globlvar.o(.data) for iVolDete
    emu.o(.text) refers to dfinit.o(.constdata) for FData
    emu.o(.text) refers to main.o(.text) for open_pll_tmp
    emu.o(.text) refers to d2f.o(.text) for __aeabi_d2f
    emu.o(.text) refers to globlvar.o(.constdata) for iVolCon
    emu.o(.text) refers to dflti.o(.text) for __aeabi_i2d
    emu.o(.text) refers to dadd.o(.text) for __aeabi_dadd
    emu.o(.text) refers to dfixi.o(.text) for __aeabi_d2iz
    emu.o(.text) refers to flash_filesystem.o(.text) for BlockEarse
    emu.o(.text) refers to ht6xxx_flash.o(.text) for HT_Flash_ByteWrite
    emu.o(.text) refers to memcpya.o(.text) for __aeabi_memcpy4
    emu.o(.text) refers to hal_delay_us.o(.text) for HAL_Delay_us
    emu.o(.text) refers to emu.o(.constdata) for .constdata
    flash_filesystem.o(.text) refers to idiv.o(.text) for __aeabi_idivmod
    flash_filesystem.o(.text) refers to memseta.o(.text) for __aeabi_memset
[...]
    _printf_int_dec                          0x00000000   Number         0  stubs.o ABSOLUTE
    _printf_l                                0x00000000   Number         0  stubs.o ABSOLUTE
    _printf_lc                               0x00000000   Number         0  stubs.o ABSOLUTE
    _printf_ll                               0x00000000   Number         0  stubs.o ABSOLUTE
    _printf_lld                              0x00000000   Number         0  stubs.o ABSOLUTE
    _printf_lli                              0x00000000   Number         0  stubs.o ABSOLUTE
    _printf_llo                              0x00000000   Number         0  stubs.o ABSOLUTE
    _printf_llu                              0x00000000   Number         0  stubs.o ABSOLUTE
    _printf_llx                              0x00000000   Number         0  stubs.o ABSOLUTE
    _printf_longlong_dec                     0x00000000   Number         0  stubs.o ABSOLUTE
    _printf_longlong_hex                     0x00000000   Number         0  stubs.o ABSOLUTE
    _printf_longlong_oct                     0x00000000   Number         0  stubs.o ABSOLUTE
    _printf_ls                               0x00000000   Number         0  stubs.o ABSOLUTE
    _printf_mbtowc                           0x00000000   Number         0  stubs.o ABSOLUTE
    _printf_n                                0x00000000   Number         0  stubs.o ABSOLUTE
    _printf_o                                0x00000000   Number         0  stubs.o ABSOLUTE
    _printf_p                                0x00000000   Number         0  stubs.o ABSOLUTE
    _printf_percent                          0x00000000   Number         0  stubs.o ABSOLUTE
    _printf_pre_padding                      0x00000000   Number         0  stubs.o ABSOLUTE
    _printf_return_value                     0x00000000   Number         0  stubs.o ABSOLUTE
    _printf_s                                0x00000000   Number         0  stubs.o ABSOLUTE
    _printf_sizespec                         0x00000000   Number         0  stubs.o ABSOLUTE
    _printf_str                              0x00000000   Number         0  stubs.o ABSOLUTE
    _printf_truncate_signed                  0x00000000   Number         0  stubs.o ABSOLUTE
    _printf_truncate_unsigned                0x00000000   Number         0  stubs.o ABSOLUTE
    _printf_u                                0x00000000   Number         0  stubs.o ABSOLUTE
    _printf_wc                               0x00000000   Number         0  stubs.o ABSOLUTE
    _printf_wctomb                           0x00000000   Number         0  stubs.o ABSOLUTE
    _printf_widthprec                        0x00000000   Number         0  stubs.o ABSOLUTE
    _printf_x                                0x00000000   Number         0  stubs.o ABSOLUTE
    __cpp_initialize__aeabi_                  - Undefined Weak Reference
    __cxa_finalize                            - Undefined Weak Reference
    __decompress                              - Undefined Weak Reference
    _clock_init                               - Undefined Weak Reference
    _microlib_exit                            - Undefined Weak Reference
    __main                                   0x000000c1   Thumb Code     0  entry.o(.ARM.Collect$$$$00000000)
    _main_stk                                0x000000c1   Thumb Code     0  entry2.o(.ARM.Collect$$$$00000001)
    _main_scatterload                        0x000000c5   Thumb Code     0  entry5.o(.ARM.Collect$$$$00000004)
    __main_after_scatterload                 0x000000c9   Thumb Code     0  entry5.o(.ARM.Collect$$$$00000004)
    _main_clock                              0x000000c9   Thumb Code     0  entry7b.o(.ARM.Collect$$$$00000008)
    _main_cpp_init                           0x000000c9   Thumb Code     0  entry8b.o(.ARM.Collect$$$$0000000A)
    _main_init                               0x000000c9   Thumb Code     0  entry9a.o(.ARM.Collect$$$$0000000B)
    __rt_final_cpp                           0x000000d1   Thumb Code     0  entry10a.o(.ARM.Collect$$$$0000000D)
    __rt_final_exit                          0x000000d1   Thumb Code     0  entry11a.o(.ARM.Collect$$$$0000000F)
    Up_BkLVSave                              0x000000d5   Thumb Code     2  main.o(.text)
    Do_Use                                   0x000000d7   Thumb Code   328  main.o(.text)
    Up_LVSave                                0x0000021f   Thumb Code    64  main.o(.text)
    DianLian_Restore                         0x0000025f   Thumb Code    60  main.o(.text)
    Rtc_Get_callback                         0x0000029b   Thumb Code    14  main.o(.text)
    CMU_Init                                 0x000002a9   Thumb Code    44  main.o(.text)
    main                                     0x000002d5   Thumb Code  1234  main.o(.text)
    open_pll                                 0x000007a7   Thumb Code    38  main.o(.text)
    open_pll_tmp                             0x000007cd   Thumb Code    38  main.o(.text)
    close_pll                                0x000007f3   Thumb Code    20  main.o(.text)
    MeterData_Get                            0x00000807   Thumb Code    20  main.o(.text)
    toascii                                  0x0000081b   Thumb Code    22  main.o(.text)
    printfdatano                             0x00000831   Thumb Code    62  main.o(.text)
    PMU_IRQHandler                           0x00000941   Thumb Code    92  ht6xxx_it.o(.text)
    AES_IRQHandler                           0x0000099d   Thumb Code     2  ht6xxx_it.o(.text)
    EXTI0_IRQHandler                         0x0000099f   Thumb Code    36  ht6xxx_it.o(.text)
    EXTI1_IRQHandler                         0x000009c3   Thumb Code    38  ht6xxx_it.o(.text)
    EXTI2_IRQHandler                         0x000009e9   Thumb Code    38  ht6xxx_it.o(.text)
    EXTI3_IRQHandler                         0x00000a0f   Thumb Code    38  ht6xxx_it.o(.text)
    EXTI4_IRQHandler                         0x00000a35   Thumb Code    38  ht6xxx_it.o(.text)
    EXTI5_IRQHandler                         0x00000a5b   Thumb Code    38  ht6xxx_it.o(.text)
    EXTI6_IRQHandler                         0x00000a81   Thumb Code    38  ht6xxx_it.o(.text)
    UART0_IRQHandler                         0x00000aa7   Thumb Code    56  ht6xxx_it.o(.text)
    UART1_IRQHandler                         0x00000adf   Thumb Code    44  ht6xxx_it.o(.text)
    UART2_IRQHandler                         0x00000b0b   Thumb Code    44  ht6xxx_it.o(.text)
    UART3_IRQHandler                         0x00000b37   Thumb Code   116  ht6xxx_it.o(.text)
    UART4_IRQHandler                         0x00000bab   Thumb Code   104  ht6xxx_it.o(.text)
    UART5_IRQHandler                         0x00000c13   Thumb Code    44  ht6xxx_it.o(.text)
    TIMER_0_IRQHandler                       0x00000c3f   Thumb Code    64  ht6xxx_it.o(.text)
    TIMER_1_IRQHandler                       0x00000c7f   Thumb Code    64  ht6xxx_it.o(.text)
    TIMER_2_IRQHandler                       0x00000cbf   Thumb Code    64  ht6xxx_it.o(.text)
    TIMER_3_IRQHandler                       0x00000cff   Thumb Code   106  ht6xxx_it.o(.text)
    TBS_IRQHandler                           0x00000d69   Thumb Code    98  ht6xxx_it.o(.text)
    RTC_IRQHandler                           0x00000dcb   Thumb Code    58  ht6xxx_it.o(.text)
    I2C_IRQHandler                           0x00000e05   Thumb Code     2  ht6xxx_it.o(.text)
    SPI0_IRQHandler                          0x00000e07   Thumb Code    44  ht6xxx_it.o(.text)
    EMU_IRQHandler                           0x00000e33   Thumb Code     2  ht6xxx_it.o(.text)
    DMA_IRQHandler                           0x00000e35   Thumb Code     2  ht6xxx_it.o(.text)
    KEY_IRQHandler                           0x00000e37   Thumb Code     2  ht6xxx_it.o(.text)
    softtimer_run                            0x00000e45   Thumb Code   104  soft_timer_filter.o(.text)
    RSet_SoftTime                            0x00000ead   Thumb Code    48  soft_timer_filter.o(.text)
    Set_SoftTime                             0x00000edd   Thumb Code    78  soft_timer_filter.o(.text)
    LCD_Init                                 0x00000f31   Thumb Code    38  lcdio.o(.text)
    UpdateDisp                               0x00000f57   Thumb Code    66  lcdio.o(.text)
    SystemInit                               0x00000f9d   Thumb Code     2  system_ht6xxx.o(.text)
    Reset_Handler                            0x00000fa1   Thumb Code     8  startup_ht501x.o(.text)
    NMI_Handler                              0x00000fa9   Thumb Code     2  startup_ht501x.o(.text)
    HardFault_Handler                        0x00000fab   Thumb Code     2  startup_ht501x.o(.text)
    SVC_Handler                              0x00000fad   Thumb Code     2  startup_ht501x.o(.text)
    PendSV_Handler                           0x00000faf   Thumb Code     2  startup_ht501x.o(.text)
    Reserved_IRQHandler                      0x00000fb3   Thumb Code     0  startup_ht501x.o(.text)
    __I$use$fp                               0x00000fbd   Thumb Code     0  iusefp.o(.text)
    __I$use$semihosting$fputc                0x00000fbd   Thumb Code     0  iusesemip.o(.text)
    __scatterload_null                       0x00000fbd   Thumb Code     2  handlers.o(i.__scatterload_null)
    __semihosting_library_function           0x00000fbd   Thumb Code     0  semi.o(.text)
    stBedge                                  0x00000fc5   Thumb Code    46  bit_edge.o(.text)
    DTbitSave                                0x00000ff3   Thumb Code     2  bit_edge.o(.text)
    DTbitGet                                 0x00000ff5   Thumb Code    72  bit_edge.o(.text)
    timeclock_get                            0x0000103d   Thumb Code   236  bit_edge.o(.text)
    timeclock_clear                          0x00001129   Thumb Code    86  bit_edge.o(.text)
    bitstruct_init                           0x0000117f   Thumb Code    40  bit_edge.o(.text)
    delay                                    0x000011bd   Thumb Code    10  emu.o(.text)
    Read_EPADR                               0x000011c7   Thumb Code    10  emu.o(.text)
    Read_ECADR                               0x000011d1   Thumb Code    10  emu.o(.text)
    Emu_Chip_to_StructData                   0x000011db   Thumb Code   850  emu.o(.text)
    Write_ECADR                              0x0000152d   Thumb Code     8  emu.o(.text)
    Emu_StoretData_To_Chip                   0x00001535   Thumb Code    36  emu.o(.text)
    emu_init                                 0x0000156f   Thumb Code   210  emu.o(.text)
    get_checksum                             0x00001641   Thumb Code    34  emu.o(.text)
    check_checksum                           0x00001663   Thumb Code    50  emu.o(.text)
    emu_calibrate                            0x00001737   Thumb Code     2  emu.o(.text)
    GetAVR                                   0x00001739   Thumb Code    60  emu.o(.text)
    vol_read                                 0x00001775   Thumb Code    60  emu.o(.text)
    emu_proc                                 0x000017b1   Thumb Code   468  emu.o(.text)
    ReadUrms                                 0x00001985   Thumb Code    38  emu.o(.text)
    ReadI1rms                                0x000019ab   Thumb Code    38  emu.o(.text)
    ReadPowerP                               0x000019d1   Thumb Code    88  emu.o(.text)
    fast_get_rmsi1                           0x00001a29   Thumb Code   242  emu.o(.text)
    write_power_data                         0x00001b1b   Thumb Code   106  emu.o(.text)
    Save_Energy                              0x00001b85   Thumb Code   128  emu.o(.text)
    Inc_Use                                  0x00001c05   Thumb Code   116  emu.o(.text)
    Emu_StructData_To_Chip                   0x00001c79   Thumb Code   902  emu.o(.text)
    Chip_Trim_IB                             0x00001fff   Thumb Code   366  emu.o(.text)
    Chip_Trim_IB_1                           0x0000216d   Thumb Code   544  emu.o(.text)
    Chip_Trim_5l                             0x0000238d   Thumb Code   388  emu.o(.text)
    Chip_Trim_5                              0x00002511   Thumb Code   146  emu.o(.text)
    Emu_Var_Write_io                         0x000025a3   Thumb Code    42  emu.o(.text)
    Emu_Var_Write                            0x000025cd   Thumb Code    88  emu.o(.text)
    Emu_StoretData_Init                      0x00002625   Thumb Code    52  emu.o(.text)
    Full_FF_Check                            0x0000267d   Thumb Code    36  flash_filesystem.o(.text)
    CRC_Calu                                 0x000026a1   Thumb Code    34  flash_filesystem.o(.text)
    Recode_CheckState                        0x000026c3   Thumb Code    58  flash_filesystem.o(.text)
    Record_Comm                              0x000026fd   Thumb Code    36  flash_filesystem.o(.text)
    Record_Format                            0x00002721   Thumb Code    60  flash_filesystem.o(.text)
    Record_restore                           0x0000275d   Thumb Code    32  flash_filesystem.o(.text)
    Record_Get_First                         0x0000277d   Thumb Code   290  flash_filesystem.o(.text)
    BlockEarse                               0x0000289f   Thumb Code    52  flash_filesystem.o(.text)
    Record_Put                               0x000028d3   Thumb Code   212  flash_filesystem.o(.text)
    FileSystem_Init                          0x000029a7   Thumb Code    48  flash_filesystem.o(.text)
    sEmuc_ResotreDef                         0x000029d7   Thumb Code    16  flash_filesystem.o(.text)
    sFlashInfo                               0x000029e7   Thumb Code    18  flash_filesystem.o(.text)
    System_Init                              0x000029f9   Thumb Code    44  flash_filesystem.o(.text)
    System_Init_app                          0x00002a25   Thumb Code    20  flash_filesystem.o(.text)
    SetDispBit                               0x00002a51   Thumb Code    64  disp.o(.text)
    SetDigitDisp                             0x00002a91   Thumb Code    86  disp.o(.text)
    SetDispBitLst                            0x00002ae7   Thumb Code   140  disp.o(.text)
    UpDisp                                   0x00002b73   Thumb Code  1394  disp.o(.text)
    SetpArry                                 0x000030e5   Thumb Code   154  disp.o(.text)
    NextItem                                 0x0000317f   Thumb Code   286  disp.o(.text)
    SetDispArry                              0x0000329d   Thumb Code    32  disp.o(.text)
    Do_Keys                                  0x000032bd   Thumb Code   102  disp.o(.text)
    Do_IRKeys                                0x00003323   Thumb Code    76  disp.o(.text)
    UpBkltLED                                0x0000336f   Thumb Code   146  disp.o(.text)
    ChkDispItem                              0x00003401   Thumb Code   110  disp.o(.text)
    AddDispBits                              0x0000346f   Thumb Code   106  disp.o(.text)
    AddDispSetBits                           0x000034d9   Thumb Code    20  disp.o(.text)
    AddUseLst                                0x000034ed   Thumb Code    58  disp.o(.text)
    SetDispItem                              0x00003527   Thumb Code    72  disp.o(.text)
    SetDispSubItem                           0x0000356f   Thumb Code    22  disp.o(.text)
    Do_Disp                                  0x00003585   Thumb Code   128  disp.o(.text)
    InitDispProg                             0x00003605   Thumb Code    46  disp.o(.text)
    Turn_OnDisplay                           0x00003633   Thumb Code     8  disp.o(.text)
    DEBUG_Init                               0x00003665   Thumb Code     2  gpio.o(.text)
    GPIO_Init                                0x00003667   Thumb Code   276  gpio.o(.text)
    PMU_Init                                 0x00003795   Thumb Code    62  pmu.o(.text)
    IsOffLine                                0x000037d3   Thumb Code    16  pmu.o(.text)
    OnLine_Dete                              0x000037e3   Thumb Code   112  pmu.o(.text)
    UARR_Ir_Chanel_Init                      0x000038dd   Thumb Code    62  uartio.o(.text)
    UART_ini1t                               0x0000391b   Thumb Code    70  uartio.o(.text)
    UART_init                                0x00003961   Thumb Code    52  uartio.o(.text)
    UART_INTENABLE                           0x00003995   Thumb Code    90  uartio.o(.text)
    UART_Close                               0x000039ef   Thumb Code    32  uartio.o(.text)
    UART_SendIntEnable                       0x00003a0f   Thumb Code    56  uartio.o(.text)
    Uart_ReceIntFun                          0x00003a47   Thumb Code    52  uartio.o(.text)
    Uart_SendIntFun                          0x00003a7b   Thumb Code    96  uartio.o(.text)
    SystemTick_Start                         0x00003b8d   Thumb Code    14  systickapp.o(.text)
    SystemTick_Stop                          0x00003b9b   Thumb Code    14  systickapp.o(.text)
    SystemTick_Interrupt_On                  0x00003ba9   Thumb Code    14  systickapp.o(.text)
    SystemTick_Interrupt_Off                 0x00003bb7   Thumb Code    14  systickapp.o(.text)
    SysTick_fun                              0x00003bc5   Thumb Code   262  systickapp.o(.text)
    SysTick_Handler                          0x00003ccb   Thumb Code    12  systickapp.o(.text)
    EEData_Fun_Init                          0x00003cf9   Thumb Code    12  eeprom.o(.text)
    DelayTBOC1                               0x00003d05   Thumb Code    18  eeprom.o(.text)
    Set_SDA_OUT                              0x00003d17   Thumb Code    14  eeprom.o(.text)
    Set_SDA_IN                               0x00003d25   Thumb Code    14  eeprom.o(.text)
    I2C_Delay                                0x00003d33   Thumb Code    14  eeprom.o(.text)
    I2C_Stop                                 0x00003d41   Thumb Code    52  eeprom.o(.text)
    I2C_ACK                                  0x00003d75   Thumb Code    52  eeprom.o(.text)
    I2C_RByte                                0x00003da9   Thumb Code    70  eeprom.o(.text)
    I2C_WByte                                0x00003def   Thumb Code   146  eeprom.o(.text)
    I2C_FStop                                0x00003e81   Thumb Code    82  eeprom.o(.text)
    I2C_Start                                0x00003ed3   Thumb Code   144  eeprom.o(.text)
    rev32                                    0x00003f63   Thumb Code    26  eeprom.o(.text)
    Send_I2C_Addr                            0x00003f7d   Thumb Code   124  eeprom.o(.text)
    Read_I2C                                 0x00003ff9   Thumb Code   134  eeprom.o(.text)
    Read_EEData1                             0x0000407f   Thumb Code   240  eeprom.o(.text)
    Read_EEData                              0x0000416f   Thumb Code   112  eeprom.o(.text)
    Write_I2C                                0x000041df   Thumb Code    76  eeprom.o(.text)
    Write_EEData1                            0x0000422b   Thumb Code   160  eeprom.o(.text)
    Write_EEData                             0x000042cb   Thumb Code   144  eeprom.o(.text)
    EEData_Safe_Read                         0x0000435b   Thumb Code    24  eeprom.o(.text)
    RevStr                                   0x00004399   Thumb Code    44  public.o(.text)
    ChgMOD_2                                 0x000043c5   Thumb Code    26  public.o(.text)
    ChgMOD_1                                 0x000043df   Thumb Code    30  public.o(.text)
    GetFrozeMinCnt                           0x000043fd   Thumb Code    30  public.o(.text)
    MulDivX                                  0x0000441b   Thumb Code   166  public.o(.text)
    tpCharInc                                0x000044c1   Thumb Code    12  public.o(.text)
    NormCopy                                 0x000044cd   Thumb Code    30  public.o(.text)
    RevCopyRam                               0x000044eb   Thumb Code    22  public.o(.text)
    RevCopy                                  0x00004501   Thumb Code    30  public.o(.text)
    SetpCharInc                              0x0000451f   Thumb Code    18  public.o(.text)
    HEX                                      0x00004531   Thumb Code    20  public.o(.text)
    BCD_Hex                                  0x00004545   Thumb Code    32  public.o(.text)
    Copy_4                                   0x00004565   Thumb Code    18  public.o(.text)
    BCD                                      0x00004577   Thumb Code    22  public.o(.text)
    Hex_BCD                                  0x0000458d   Thumb Code    90  public.o(.text)
    SetRamData                               0x000045e7   Thumb Code    44  public.o(.text)
    FpCharRam                                0x00004613   Thumb Code    24  public.o(.text)
    ClrpCharRam                              0x0000462b   Thumb Code    12  public.o(.text)
    MvData                                   0x00004637   Thumb Code   662  public.o(.text)
    MvDataAddr                               0x000048cd   Thumb Code   424  public.o(.text)
    MoveDataLst                              0x00004a75   Thumb Code    30  public.o(.text)
    N_MvData                                 0x00004a93   Thumb Code    36  public.o(.text)
    ClrRam                                   0x00004ab7   Thumb Code    18  public.o(.text)
    SetRam                                   0x00004ac9   Thumb Code    18  public.o(.text)
    SetpCharRam                              0x00004adb   Thumb Code    18  public.o(.text)
    RevStrLst                                0x00004aed   Thumb Code    30  public.o(.text)
    Rev_4                                    0x00004b0b   Thumb Code    14  public.o(.text)
    Rev4Lst                                  0x00004b19   Thumb Code    18  public.o(.text)
    Get_Code_Lst                             0x00004b2b   Thumb Code   104  public.o(.text)
    RevCopy_4                                0x00004b93   Thumb Code    18  public.o(.text)
    Copy_2                                   0x00004ba5   Thumb Code    18  public.o(.text)
    Cmp_4                                    0x00004bb7   Thumb Code    18  public.o(.text)
    Is_DispCode                              0x00004bc9   Thumb Code    18  public.o(.text)
    HEXLst                                   0x00004bdb   Thumb Code    28  public.o(.text)
    BCDLst                                   0x00004bf7   Thumb Code    66  public.o(.text)
    CheckDataAct                             0x00004c39   Thumb Code    34  public.o(.text)
    IsMemZero                                0x00004c5b   Thumb Code    30  public.o(.text)
    Up_u32Data                               0x00004c79   Thumb Code    16  public.o(.text)
    Up_u16Data                               0x00004c89   Thumb Code    16  public.o(.text)
    Up_u8Data                                0x00004c99   Thumb Code    16  public.o(.text)
    ClrRcdTime                               0x00004ca9   Thumb Code    14  public.o(.text)
    SetRcdTime                               0x00004cb7   Thumb Code    16  public.o(.text)
    SetRcdMin                                0x00004cc7   Thumb Code    26  public.o(.text)
    UpJDWriter                               0x00004ce1   Thumb Code    14  public.o(.text)
    Up_NormFroze                             0x00004cef   Thumb Code    62  public.o(.text)
    GetTimeDiff                              0x00004d2d   Thumb Code    20  public.o(.text)
    Up_FrozeOverTime                         0x00004d41   Thumb Code   124  public.o(.text)
    Up_ProgFroze                             0x00004dbd   Thumb Code    88  public.o(.text)
    SetEBit                                  0x00004e15   Thumb Code    60  public.o(.text)
    AddProgRecord                            0x00004e51   Thumb Code   116  public.o(.text)
    GetNewProgRcd                            0x00004ec5   Thumb Code    90  public.o(.text)
    CloseProgRecord                          0x00004f1f   Thumb Code    46  public.o(.text)
    UpEState                                 0x00004f4d   Thumb Code    16  public.o(.text)
    WDGTm_Refresh                            0x00004f5d   Thumb Code    44  public.o(.text)
    RSet_WDG                                 0x00004f89   Thumb Code    36  public.o(.text)
    Set_VDDLO                                0x00004fad   Thumb Code    20  public.o(.text)
    bcd_add                                  0x00004fc1   Thumb Code    58  public.o(.text)
    bcd_inc                                  0x00004ffb   Thumb Code    28  public.o(.text)
    bcd_dec                                  0x00005017   Thumb Code    26  public.o(.text)
    CheckpChar                               0x00005051   Thumb Code     2  pubdata.o(.text)
    GetAddrData                              0x00005053   Thumb Code     6  pubdata.o(.text)
    cCopyRam                                 0x00005059   Thumb Code    24  pubdata.o(.text)
    CopyRam                                  0x00005071   Thumb Code    56  pubdata.o(.text)
    strCmp                                   0x000050a9   Thumb Code    62  pubdata.o(.text)
    CheckBCD                                 0x000050e7   Thumb Code    48  pubdata.o(.text)
    CheckZero                                0x00005117   Thumb Code    38  pubdata.o(.text)
    GetSum                                   0x0000513d   Thumb Code    36  pubdata.o(.text)
    EDataErr                                 0x00005161   Thumb Code    48  pubdata.o(.text)
    Reset_FlashInfo                          0x00005191   Thumb Code     2  pubdata.o(.text)
    Copy_FlashInfo                           0x00005193   Thumb Code   212  pubdata.o(.text)
    GetFLBase                                0x00005267   Thumb Code    52  pubdata.o(.text)
    Reset_pFLUse                             0x0000529b   Thumb Code     2  pubdata.o(.text)
    ReFresh_LVSave                           0x0000529d   Thumb Code    18  pubdata.o(.text)
    Reset_LVSave                             0x000052af   Thumb Code    58  pubdata.o(.text)
    Get_ELVSave                              0x000052e9   Thumb Code     4  pubdata.o(.text)
    Read_ELVSave                             0x000052ed   Thumb Code    82  pubdata.o(.text)
    Up_LVSave_io                             0x0000533f   Thumb Code    76  pubdata.o(.text)
    Chg_Feilv                                0x0000538b   Thumb Code    90  pubdata.o(.text)
    Get_TTbl                                 0x000053e5   Thumb Code     2  pubdata.o(.text)
    ReFresh_TTbl                             0x000053e7   Thumb Code     2  pubdata.o(.text)
    Read_TTbl                                0x000053e9   Thumb Code     2  pubdata.o(.text)
    Up_TTbl                                  0x000053eb   Thumb Code     2  pubdata.o(.text)
    Chk_FrozeType                            0x000053ed   Thumb Code    70  pubdata.o(.text)
    GetFStartAddr                            0x00005433   Thumb Code   130  pubdata.o(.text)
    GetFrozeStart                            0x000054b5   Thumb Code   176  pubdata.o(.text)
    Clr_EEData4                              0x00005565   Thumb Code    20  pubdata.o(.text)
    ClrFrozeCnt                              0x00005579   Thumb Code    46  pubdata.o(.text)
    GetFrozeCnt                              0x000055a7   Thumb Code    60  pubdata.o(.text)
    Write_Froze                              0x000055e3   Thumb Code    46  pubdata.o(.text)
    Up_FrozeData                             0x00005611   Thumb Code    84  pubdata.o(.text)
    GetFHLth                                 0x00005665   Thumb Code    12  pubdata.o(.text)
    Read_FHRcd                               0x00005671   Thumb Code    58  pubdata.o(.text)
    Up_FHMode                                0x000056ab   Thumb Code    44  pubdata.o(.text)
    GetFHTime                                0x000056d7   Thumb Code    20  pubdata.o(.text)
    ClrNextFH                                0x000056eb   Thumb Code    14  pubdata.o(.text)
    Read_FHSet                               0x000056f9   Thumb Code   444  pubdata.o(.text)
    Up_FHFroze                               0x000058b5   Thumb Code   250  pubdata.o(.text)
    Get_FHFrozeBlock                         0x000059af   Thumb Code   194  pubdata.o(.text)
    iGetsum                                  0x00005a75   Thumb Code    28  safedate.o(.text)
    cvote                                    0x00005a91   Thumb Code    58  safedate.o(.text)
    iVote                                    0x00005acb   Thumb Code    70  safedate.o(.text)
    cSafeData_checkdata                      0x00005b11   Thumb Code   216  safedate.o(.text)
    cSafeData_restoreData                    0x00005be9   Thumb Code   242  safedate.o(.text)
    cSafeData_Data_Refreah                   0x00005cdb   Thumb Code    54  safedate.o(.text)
    nSafeData_update2bak                     0x00005d11   Thumb Code   106  safedate.o(.text)
    nSafeData_set_upb                        0x00005d7b   Thumb Code     8  safedate.o(.text)
    nSafeData_res_upb                        0x00005d83   Thumb Code     8  safedate.o(.text)
    nSafeData_struct_Init                    0x00005d8b   Thumb Code    90  safedate.o(.text)
    Check8025TData                           0x00005ded   Thumb Code    16  drv_rtcspk.o(.text)
    RTC_TrimSet                              0x00005dfd   Thumb Code     2  drv_rtcspk.o(.text)
    SetBatTest                               0x00005dff   Thumb Code     2  drv_rtcspk.o(.text)
    SetRTCCnt                                0x00005e01   Thumb Code   130  drv_rtcspk.o(.text)
    SetRTCOut                                0x00005e83   Thumb Code     2  drv_rtcspk.o(.text)
    GetTempVBat                              0x00005e85   Thumb Code     2  drv_rtcspk.o(.text)
    ChkBatVolt                               0x00005e87   Thumb Code     2  drv_rtcspk.o(.text)
    ChkRTCCal                                0x00005e89   Thumb Code     2  drv_rtcspk.o(.text)
    SetRTCTrim                               0x00005e8b   Thumb Code     6  drv_rtcspk.o(.text)
    Check_WakeMode                           0x00005e91   Thumb Code     2  drv_rtcspk.o(.text)
    RTC_SetWakeup                            0x00005e93   Thumb Code     2  drv_rtcspk.o(.text)
    EnterLowPwrMode                          0x00005e95   Thumb Code     2  drv_rtcspk.o(.text)
    RTC_ISR                                  0x00005e97   Thumb Code     2  drv_rtcspk.o(.text)
    ChangeTime                               0x00005e99   Thumb Code    82  drv_rtcspk.o(.text)
    CheckTime                                0x00005eeb   Thumb Code   394  drv_rtcspk.o(.text)
    Do_BeepTask                              0x00006075   Thumb Code     2  drv_rtcspk.o(.text)
    StartBeep                                0x00006077   Thumb Code     2  drv_rtcspk.o(.text)
    Time_Restore                             0x00006079   Thumb Code    44  drv_rtcspk.o(.text)
    Do_PwrOff                                0x000060c9   Thumb Code     2  inout.o(.text)
    Delay_SoftRun                            0x000060cb   Thumb Code    18  inout.o(.text)
    cSys_Statu_Detc                          0x000060dd   Thumb Code    92  inout.o(.text)
    MCU_OnLIne_Init                          0x00006139   Thumb Code    56  inout.o(.text)
    MCU_OffLIne_Init                         0x00006171   Thumb Code     8  inout.o(.text)
    Init_MCU                                 0x00006179   Thumb Code   148  inout.o(.text)
    Get_SYS_Statu                            0x0000620d   Thumb Code    22  inout.o(.text)
    HAL_Delay_us                             0x00006249   Thumb Code    86  hal_delay_us.o(.text)
    Send_SCI                                 0x000062a5   Thumb Code     2  trx.o(.text)
    GetProgData                              0x000062a7   Thumb Code    36  trx.o(.text)
    SCIProg                                  0x000062cb   Thumb Code     2  trx.o(.text)
    Tx_Enable                                0x000062cd   Thumb Code     2  trx.o(.text)
    SubSCIBuf                                0x000062cf   Thumb Code     2  trx.o(.text)
    Up_BCDData                               0x000062d1   Thumb Code    70  trx.o(.text)
    GetCompData                              0x00006317   Thumb Code     6  trx.o(.text)
    SetErrReturn                             0x0000631d   Thumb Code    94  trx.o(.text)
    GetIRSafe                                0x0000637b   Thumb Code    56  trx.o(.text)
    AddTRxWRecord                            0x000063b3   Thumb Code    26  trx.o(.text)
    ChkKey                                   0x000063cd   Thumb Code   120  trx.o(.text)
    GetSafeData                              0x00006445   Thumb Code     6  trx.o(.text)
    GetSafeState                             0x0000644b   Thumb Code   368  trx.o(.text)
    WBaud                                    0x000065bb   Thumb Code   120  trx.o(.text)
    WriteBaud                                0x00006633   Thumb Code    34  trx.o(.text)
    RxChgTRXBd                               0x00006655   Thumb Code    54  trx.o(.text)
    RxWriteKey                               0x0000668b   Thumb Code   120  trx.o(.text)
    Chk_PubAddr                              0x00006703   Thumb Code    42  trx.o(.text)
    CheckPubMode                             0x0000672d   Thumb Code    74  trx.o(.text)
    SetTrxDisp                               0x00006777   Thumb Code    28  trx.o(.text)
    Chk_Mac_99                               0x00006793   Thumb Code     4  trx.o(.text)
    Check_Datatype_Mod_Enable                0x00006797   Thumb Code    28  trx.o(.text)
    WriteSafeData                            0x000067b3   Thumb Code   532  trx.o(.text)
    ReadSafeData                             0x000069c7   Thumb Code   422  trx.o(.text)
    ReadWriteTRxNum                          0x00006b6d   Thumb Code   220  trx.o(.text)
    RxOrderFroze                             0x00006c49   Thumb Code    98  trx.o(.text)
    Chk5Min                                  0x00006cab   Thumb Code    36  trx.o(.text)
    RxPublicWriteTime                        0x00006ccf   Thumb Code   318  trx.o(.text)
    ReadWriteTime                            0x00006e0d   Thumb Code   344  trx.o(.text)
    ReadWriteStartTm                         0x00006f65   Thumb Code   146  trx.o(.text)
    SetFacMode                               0x00006ff7   Thumb Code    84  trx.o(.text)
    WriteFLMode                              0x0000704b   Thumb Code    94  trx.o(.text)
    ReadSTD                                  0x000070a9   Thumb Code   166  trx.o(.text)
    ReadWriteActUseMode                      0x0000714f   Thumb Code    76  trx.o(.text)
    WriteWeekTblNum                          0x0000719b   Thumb Code    86  trx.o(.text)
    WriteFMode                               0x000071f1   Thumb Code    52  trx.o(.text)
    WriteFrozeDT                             0x00007225   Thumb Code   118  trx.o(.text)
    WriteRunType                             0x0000729b   Thumb Code    96  trx.o(.text)
    WriteHFrozeStep                          0x000072fb   Thumb Code    50  trx.o(.text)
    WriteFrozeHM                             0x0000732d   Thumb Code   100  trx.o(.text)
    GetHex                                   0x00007391   Thumb Code    20  trx.o(.text)
    GetMonth                                 0x000073a5   Thumb Code    34  trx.o(.text)
    ReadVer                                  0x000073c7   Thumb Code   138  trx.o(.text)
    WriteMSet                                0x00007451   Thumb Code    78  trx.o(.text)
    WriteFlashSet                            0x0000749f   Thumb Code   128  trx.o(.text)
    WriteVolEffect                           0x0000751f   Thumb Code    68  trx.o(.text)
    ReadIDTime                               0x00007563   Thumb Code   112  trx.o(.text)
    FillNullData                             0x000075d3   Thumb Code    40  trx.o(.text)
    MvTimeYMDHMS                             0x000075fb   Thumb Code    14  trx.o(.text)
    OutYTBL                                  0x00007609   Thumb Code    44  trx.o(.text)
    OutTTBL                                  0x00007635   Thumb Code    66  trx.o(.text)
    OutHTBL                                  0x00007677   Thumb Code    30  trx.o(.text)
    OutLTBL                                  0x00007695   Thumb Code    46  trx.o(.text)
    SetDBit5                                 0x000076c3   Thumb Code    52  trx.o(.text)
    SetAAInc                                 0x000076f7   Thumb Code    24  trx.o(.text)
    GetLRcdLst                               0x0000770f   Thumb Code    74  trx.o(.text)
    ChkPhBC                                  0x00007759   Thumb Code    46  trx.o(.text)
    RxProgRcd                                0x00007787   Thumb Code   200  trx.o(.text)
    RxOverIphRecord                          0x0000784f   Thumb Code   256  trx.o(.text)
    RxJDRecord                               0x0000794f   Thumb Code   108  trx.o(.text)
    RxPwrOffRcd                              0x000079bb   Thumb Code    56  trx.o(.text)
    RxClrUseRcd                              0x000079f3   Thumb Code    14  trx.o(.text)
    RxClrEventRcd                            0x00007a01   Thumb Code    14  trx.o(.text)
    RxTimeRcd                                0x00007a0f   Thumb Code    14  trx.o(.text)
    RxTmTblSetRcd                            0x00007a1d   Thumb Code   226  trx.o(.text)
    RxYTblSetRcd                             0x00007aff   Thumb Code   138  trx.o(.text)
    RxOneByteRcd                             0x00007b89   Thumb Code    14  trx.o(.text)
    RxHLDRcd                                 0x00007b97   Thumb Code   270  trx.o(.text)
    RxFrozeDTRcd                             0x00007ca5   Thumb Code    98  trx.o(.text)
    RxEOpenRcd                               0x00007d07   Thumb Code    64  trx.o(.text)
    RxKeyChgRcd                              0x00007d47   Thumb Code    14  trx.o(.text)
    RxJDErrRcd                               0x00007d55   Thumb Code    90  trx.o(.text)
    RxPwrErrRcd                              0x00007daf   Thumb Code    58  trx.o(.text)
    GetFLUse                                 0x00007de9   Thumb Code   146  trx.o(.text)
    Get645Data                               0x00007e7b   Thumb Code  3228  trx.o(.text)
    Chk_TRxNum                               0x00008b17   Thumb Code   262  trx.o(.text)
    Chk_Rx68                                 0x00008c1d   Thumb Code     4  trx.o(.text)
    RxSend645                                0x00008c21   Thumb Code   232  trx.o(.text)
    SendErrReturn                            0x00008d09   Thumb Code    16  trx.o(.text)
    Check645Length                           0x00008d19   Thumb Code   198  trx.o(.text)
    SetReadOver                              0x00008ddf   Thumb Code   226  trx.o(.text)
    RxSetDisp                                0x00008ec1   Thumb Code    94  trx.o(.text)
    Write645Data                             0x00008f1f   Thumb Code  1254  trx.o(.text)
    SetFarFail                               0x00009405   Thumb Code    46  trx.o(.text)
    IC_645Commniucate                        0x00009433   Thumb Code     2  trx.o(.text)
    RxWriteSPMode                            0x00009435   Thumb Code   108  trx.o(.text)
    RxTRxRead                                0x000094a1   Thumb Code    94  trx.o(.text)
    WaitTxOver                               0x000094ff   Thumb Code    22  trx.o(.text)
    RxProgChip                               0x00009515   Thumb Code    16  trx.o(.text)
    RxClrRecord                              0x00009525   Thumb Code   286  trx.o(.text)
    FarRetChk                                0x00009643   Thumb Code    32  trx.o(.text)
    FarCtrlRet                               0x00009663   Thumb Code    74  trx.o(.text)
    TRX_Ctrl_Code                            0x000096ad   Thumb Code   488  trx.o(.text)
    Do_OtherTRx                              0x00009895   Thumb Code    94  trx.o(.text)
    GetFuheLine                              0x000098f3   Thumb Code     2  trx.o(.text)
    ChgKey                                   0x000098f5   Thumb Code   152  trx.o(.text)
    Do_SCI                                   0x0000998d   Thumb Code  1208  trx.o(.text)
    Do_TRx                                   0x00009e45   Thumb Code   160  trx.o(.text)
    WriteEXTEEPROM                           0x00009ee5   Thumb Code    38  trx.o(.text)
    ReadFlashData                            0x00009f0b   Thumb Code   102  trx.o(.text)
    ReadExtEEprom                            0x00009f71   Thumb Code   114  trx.o(.text)
    Write_meterconfig                        0x00009fe3   Thumb Code    66  trx.o(.text)
    WriteFHStartTm                           0x0000a025   Thumb Code    66  trx.o(.text)
    ReadEEPROMFData                          0x0000a067   Thumb Code   118  trx.o(.text)
    RTC_DIV_READ                             0x0000a0dd   Thumb Code    56  trx.o(.text)
    RTC_Trim_Enable                          0x0000a115   Thumb Code     6  trx.o(.text)
    RTCOFFSETREAD                            0x0000a11b   Thumb Code     6  trx.o(.text)
    RTCOFFSEINIT                             0x0000a121   Thumb Code     6  trx.o(.text)
    WriteRTCSet                              0x0000a127   Thumb Code     6  trx.o(.text)
    Jlregread                                0x0000a12d   Thumb Code   100  trx.o(.text)
    Jbregread                                0x0000a191   Thumb Code   200  trx.o(.text)
    Jlrestore                                0x0000a259   Thumb Code    96  trx.o(.text)
    effective_value                          0x0000a2b9   Thumb Code    82  trx.o(.text)
    GetComUse                                0x0000a315   Thumb Code    88  meter.o(.text)
    Up_Remain                                0x0000a36d   Thumb Code    54  meter.o(.text)
    GetAlmState                              0x0000a3a3   Thumb Code   734  meter.o(.text)
    ChkJDWaitAM                              0x0000a681   Thumb Code    52  meter.o(.text)
    ChkTimeGate                              0x0000a6b5   Thumb Code    32  meter.o(.text)
    Do_JDOff                                 0x0000a6d5   Thumb Code     2  meter.o(.text)
    ChkAlmJD                                 0x0000a6d7   Thumb Code    34  meter.o(.text)
    GetFrozeLst                              0x0000a6f9   Thumb Code   528  meter.o(.text)
    Do_JDOffPreOver                          0x0000a909   Thumb Code     2  meter.o(.text)
    MStepFroze                               0x0000a90b   Thumb Code    60  meter.o(.text)
    ChangeFDT1Froze                          0x0000a947   Thumb Code     8  meter.o(.text)
    ChkYMode                                 0x0000a94f   Thumb Code     4  meter.o(.text)
    ChkYFroze                                0x0000a953   Thumb Code   220  meter.o(.text)
    ChkActFL                                 0x0000aa2f   Thumb Code    58  meter.o(.text)
    Up_FLState                               0x0000aa69   Thumb Code   106  meter.o(.text)
    GetFeilv                                 0x0000aad3   Thumb Code  1042  meter.o(.text)
    Do_FeilChg                               0x0000aee5   Thumb Code    44  meter.o(.text)
    ClrJDOffTime                             0x0000af11   Thumb Code    30  meter.o(.text)
    WaitTimeOver                             0x0000af2f   Thumb Code    14  meter.o(.text)
    CheckFroze                               0x0000af3d   Thumb Code   830  meter.o(.text)
    Do_FarCtrl                               0x0000b27b   Thumb Code     6  meter.o(.text)
    Clr_AllUse                               0x0000b295   Thumb Code   424  docard.o(.text)
    GetSCINUM                                0x0000b45d   Thumb Code    34  streamio.o(.text)
    Uart_Struct_Get                          0x0000b47f   Thumb Code    34  streamio.o(.text)
    stream_rece_fun_645                      0x0000b4a1   Thumb Code   358  streamio.o(.text)
    stream_send_fun_645                      0x0000b607   Thumb Code   422  streamio.o(.text)
    stream_send_enable                       0x0000b7ad   Thumb Code   144  streamio.o(.text)
    stream_send_over                         0x0000b83d   Thumb Code    40  streamio.o(.text)
    stream_refresh                           0x0000b865   Thumb Code   114  streamio.o(.text)
    Get_Changel_BpsConfig                    0x0000b8d7   Thumb Code    48  streamio.o(.text)
    stream_reset                             0x0000b907   Thumb Code    90  streamio.o(.text)
    stream_cSilence_fun                      0x0000b961   Thumb Code   270  streamio.o(.text)
    stream_fun_send                          0x0000ba6f   Thumb Code   100  streamio.o(.text)
    debug_break                              0x0000bae9   Thumb Code    34  globlvar_debug.o(.text)
    DispData_init                            0x0000bb11   Thumb Code     6  indata_oper.o(.text)
    Init_FlashData                           0x0000bb17   Thumb Code    42  indata_oper.o(.text)
    eeprom_data_check                        0x0000bb41   Thumb Code    64  indata_oper.o(.text)
    cGet_First_Data                          0x0000bb81   Thumb Code   108  indata_oper.o(.text)
    Exteeprom_2_FlashInfo                    0x0000bbed   Thumb Code    56  indata_oper.o(.text)
    cFlashinfo_Restore                       0x0000bc25   Thumb Code   144  indata_oper.o(.text)
    cFlashinfo_dianlian_backup               0x0000bcb5   Thumb Code    52  indata_oper.o(.text)
    enMcuAddr_Check                          0x0000bd1d   Thumb Code    30  flashsave.o(.text)
    McuFlashRandWrite                        0x0000be99   Thumb Code    78  flashsave.o(.text)
    McuFlashRandWriteStack                   0x0000bee7   Thumb Code    44  flashsave.o(.text)
    HT_CMU_SysClkGet                         0x0000bf19   Thumb Code    72  ht6xxx_cmu.o(.text)
    HT_CMU_Init                              0x0000bf85   Thumb Code   144  ht6xxx_cmu.o(.text)
    HT_CMU_ClkoutSet                         0x0000c015   Thumb Code    36  ht6xxx_cmu.o(.text)
    HT_CMU_ClkCtrl0Config                    0x0000c039   Thumb Code    54  ht6xxx_cmu.o(.text)
    HT_CMU_ClkCtrl1Config                    0x0000c06f   Thumb Code    54  ht6xxx_cmu.o(.text)
    HT_CMU_JTAGStatusGet                     0x0000c0a5   Thumb Code    16  ht6xxx_cmu.o(.text)
    HT_CMU_StopFlagGet                       0x0000c0b5   Thumb Code    20  ht6xxx_cmu.o(.text)
    HT_CMU_FlashDly_Set                      0x0000c0c9   Thumb Code    40  ht6xxx_cmu.o(.text)
    HT_CMU_Prefetch_Set                      0x0000c0f1   Thumb Code     2  ht6xxx_cmu.o(.text)
    HT_EXTIRise_ITConfig                     0x0000c10d   Thumb Code    34  ht6xxx_exti.o(.text)
    HT_EXTIFall_ITConfig                     0x0000c12f   Thumb Code    32  ht6xxx_exti.o(.text)
    HT_EXTIRise_ITFlagStatusGet              0x0000c14f   Thumb Code    20  ht6xxx_exti.o(.text)
    HT_EXTIFall_ITFlagStatusGet              0x0000c163   Thumb Code    20  ht6xxx_exti.o(.text)
    HT_EXTIRise_ClearITPendingBit            0x0000c177   Thumb Code    18  ht6xxx_exti.o(.text)
    HT_EXTIFall_ClearITPendingBit            0x0000c189   Thumb Code    16  ht6xxx_exti.o(.text)
    HT_EXTI_FilterConfig                     0x0000c199   Thumb Code    32  ht6xxx_exti.o(.text)
    HT_Flash_ByteWrite                       0x0000c1bd   Thumb Code    72  ht6xxx_flash.o(.text)
    HT_Flash_ByteRead                        0x0000c205   Thumb Code    26  ht6xxx_flash.o(.text)
    HT_Flash_HalfWordWrite                   0x0000c21f   Thumb Code    78  ht6xxx_flash.o(.text)
    HT_Flash_HalfWordRead                    0x0000c26d   Thumb Code    34  ht6xxx_flash.o(.text)
    HT_Flash_WordWrite                       0x0000c28f   Thumb Code    80  ht6xxx_flash.o(.text)
    HT_Flash_WordRead                        0x0000c2df   Thumb Code    34  ht6xxx_flash.o(.text)
    HT_Flash_PageErase                       0x0000c301   Thumb Code    60  ht6xxx_flash.o(.text)
    HT_Flash_ChipErase                       0x0000c33d   Thumb Code    58  ht6xxx_flash.o(.text)
    HT_GPIO_Init                             0x0000c389   Thumb Code   150  ht6xxx_gpio.o(.text)
    HT_GPIO_AFInit                           0x0000c41f   Thumb Code    96  ht6xxx_gpio.o(.text)
    HT_GPIO_BitsSet                          0x0000c47f   Thumb Code     4  ht6xxx_gpio.o(.text)
    HT_GPIO_BitsReset                        0x0000c483   Thumb Code     4  ht6xxx_gpio.o(.text)
    HT_GPIO_BitsToggle                       0x0000c487   Thumb Code     4  ht6xxx_gpio.o(.text)
    HT_GPIO_BitsRead                         0x0000c48b   Thumb Code     8  ht6xxx_gpio.o(.text)
    HT_GPIO_HighCurrentSet                   0x0000c493   Thumb Code    36  ht6xxx_gpio.o(.text)
    HT_LCD_Init                              0x0000c4c9   Thumb Code    30  ht6xxx_lcd.o(.text)
    HT_LCD_Write                             0x0000c4e7   Thumb Code    18  ht6xxx_lcd.o(.text)
    HT_LCD_Read                              0x0000c4f9   Thumb Code    14  ht6xxx_lcd.o(.text)
    HT_PMU_Init                              0x0000c50d   Thumb Code   110  ht6xxx_pmu.o(.text)
    HT_PMU_HoldLDOConfig                     0x0000c57b   Thumb Code    54  ht6xxx_pmu.o(.text)
    HT_PMU_DisChargeConfig                   0x0000c5b1   Thumb Code    70  ht6xxx_pmu.o(.text)
    HT_PMUState_FlagStatusGet                0x0000c5f7   Thumb Code    20  ht6xxx_pmu.o(.text)
    HT_PMU_ITConfig                          0x0000c60b   Thumb Code    32  ht6xxx_pmu.o(.text)
    HT_PMU_ITFlagStatusGet                   0x0000c62b   Thumb Code    20  ht6xxx_pmu.o(.text)
    HT_PMU_ClearITPendingBit                 0x0000c63f   Thumb Code    12  ht6xxx_pmu.o(.text)
    HT_WakeFlagStatusGet                     0x0000c661   Thumb Code    20  ht6xxx_reset.o(.text)
    HT_WakeFlagClear                         0x0000c675   Thumb Code    12  ht6xxx_reset.o(.text)
    HT_ResetFlagStatusGet                    0x0000c681   Thumb Code    20  ht6xxx_reset.o(.text)
    HT_ResetFlagClear                        0x0000c695   Thumb Code    12  ht6xxx_reset.o(.text)
    HT_EnterHold                             0x0000c6a1   Thumb Code    10  ht6xxx_reset.o(.text)
    HT_EnterSleep                            0x0000c6ab   Thumb Code    10  ht6xxx_reset.o(.text)
    HT_FreeDog                               0x0000c6b5   Thumb Code     8  ht6xxx_reset.o(.text)
    HT_SHModeDogConfigure                    0x0000c6bd   Thumb Code     2  ht6xxx_reset.o(.text)
    HT_RTC_Init                              0x0000c6d1   Thumb Code   112  ht6xxx_rtc.o(.text)
    HT_RTC_Read                              0x0000c741   Thumb Code    96  ht6xxx_rtc.o(.text)
    HT_RTC_Write                             0x0000c7a1   Thumb Code   102  ht6xxx_rtc.o(.text)
    HT_RTC_TMRConfig                         0x0000c807   Thumb Code    48  ht6xxx_rtc.o(.text)
    HT_RTC_ToutSet                           0x0000c837   Thumb Code    22  ht6xxx_rtc.o(.text)
    HT_RTC_AlarmSet                          0x0000c84d   Thumb Code    16  ht6xxx_rtc.o(.text)
    HT_RTC_ITConfig                          0x0000c85d   Thumb Code    28  ht6xxx_rtc.o(.text)
    HT_RTC_ITFlagStatusGet                   0x0000c879   Thumb Code    20  ht6xxx_rtc.o(.text)
    HT_RTC_ClearITPendingBit                 0x0000c88d   Thumb Code    12  ht6xxx_rtc.o(.text)
    HT_RTC_LoadInfoData                      0x0000c899   Thumb Code   406  ht6xxx_rtc.o(.text)
    HT_SPI_Init                              0x0000ca49   Thumb Code    40  ht6xxx_spi.o(.text)
    HT_SPI_ITFlagStatusGet                   0x0000ca71   Thumb Code    18  ht6xxx_spi.o(.text)
    HT_SPI_ClearITPendingBit                 0x0000ca83   Thumb Code     8  ht6xxx_spi.o(.text)
    HT_SPI_SendByte                          0x0000ca8b   Thumb Code    42  ht6xxx_spi.o(.text)
    HT_SPI_CSHigh                            0x0000cab5   Thumb Code     6  ht6xxx_spi.o(.text)
    HT_SPI_CSLow                             0x0000cabb   Thumb Code     6  ht6xxx_spi.o(.text)
    HT_TBSConfig                             0x0000cac1   Thumb Code    64  ht6xxx_tbs.o(.text)
    HT_TBS_PeriodSet                         0x0000cb01   Thumb Code    20  ht6xxx_tbs.o(.text)
    HT_TBS_CMPThresholdSet                   0x0000cb15   Thumb Code    30  ht6xxx_tbs.o(.text)
    HT_TBS_ValueRead                         0x0000cb33   Thumb Code    66  ht6xxx_tbs.o(.text)
    HT_TBS_ITConfig                          0x0000cb75   Thumb Code    28  ht6xxx_tbs.o(.text)
    HT_TBS_ITFlagStatusGet                   0x0000cb91   Thumb Code    20  ht6xxx_tbs.o(.text)
    HT_TBS_ClearITPendingBit                 0x0000cba5   Thumb Code    12  ht6xxx_tbs.o(.text)
    HT_TMR_Init                              0x0000cbc1   Thumb Code    22  ht6xxx_timer.o(.text)
    HT_TMR_CaptureGet                        0x0000cbd7   Thumb Code     8  ht6xxx_timer.o(.text)
    HT_TMR_CountGet                          0x0000cbdf   Thumb Code     8  ht6xxx_timer.o(.text)
    HT_TMR_ITConfig                          0x0000cbe7   Thumb Code    20  ht6xxx_timer.o(.text)
    HT_TMR_ITFlagStatusGet                   0x0000cbfb   Thumb Code    18  ht6xxx_timer.o(.text)
    HT_TMR_ClearITPendingBit                 0x0000cc0d   Thumb Code    12  ht6xxx_timer.o(.text)
    HT_UART_Init                             0x0000cc19   Thumb Code    94  ht6xxx_uart&7816.o(.text)
    HT_IR_Init                               0x0000cc77   Thumb Code    28  ht6xxx_uart&7816.o(.text)
    HT_ISO7816_Init                          0x0000cc93   Thumb Code    80  ht6xxx_uart&7816.o(.text)
    HT_UART_ITConfig                         0x0000cce3   Thumb Code    28  ht6xxx_uart&7816.o(.text)
    HT_UART_ITFlagStatusGet                  0x0000ccff   Thumb Code    18  ht6xxx_uart&7816.o(.text)
    HT_UART_ClearITPendingBit                0x0000cd11   Thumb Code     8  ht6xxx_uart&7816.o(.text)
    HT_ISO7816_ITConfig                      0x0000cd19   Thumb Code    26  ht6xxx_uart&7816.o(.text)
    HT_ISO7816_ITFlagStatusGet               0x0000cd33   Thumb Code    18  ht6xxx_uart&7816.o(.text)
    HT_ISO7816_ClearITPendingBit             0x0000cd45   Thumb Code     8  ht6xxx_uart&7816.o(.text)
    HT_UART_SendData                         0x0000cd4d   Thumb Code     4  ht6xxx_uart&7816.o(.text)
    HT_UART_ReceiveData                      0x0000cd51   Thumb Code     8  ht6xxx_uart&7816.o(.text)
    HT_ISO7816_SendData                      0x0000cd59   Thumb Code     4  ht6xxx_uart&7816.o(.text)
    HT_ISO7816_ReceiveData                   0x0000cd5d   Thumb Code     8  ht6xxx_uart&7816.o(.text)
    HT_UART_RXFilterConfig                   0x0000cd65   Thumb Code    34  ht6xxx_uart&7816.o(.text)
    Time_Cnt_Exchange_Init                   0x0000cdab   Thumb Code    10  gettimecnt.o(.text)
    GetCntTime                               0x0000cdb5   Thumb Code   472  gettimecnt.o(.text)
    GetTimeCnt                               0x0000cf8d   Thumb Code   362  gettimecnt.o(.text)
    GetCurrTimeCnt                           0x0000d0f7   Thumb Code    18  gettimecnt.o(.text)
    GetTimeCnt_inputbin                      0x0000d109   Thumb Code    16  gettimecnt.o(.text)
    GetWeek                                  0x0000d119   Thumb Code    26  gettimecnt.o(.text)
    UpDateRtcDateTime_Get                    0x0000d151   Thumb Code    16  rtc_app_ht5019.o(.text)
    UpDateRtcDateTime_Set                    0x0000d161   Thumb Code    16  rtc_app_ht5019.o(.text)
    Rtc_Get_SafeIo                           0x0000d171   Thumb Code   132  rtc_app_ht5019.o(.text)
    Rtc_Mod_SafeIo                           0x0000d1f5   Thumb Code     6  rtc_app_ht5019.o(.text)
    Rtc_Get_Charp                            0x0000d1fb   Thumb Code    22  rtc_app_ht5019.o(.text)
    RTC_2_HT5019RTC                          0x0000d211   Thumb Code    60  rtc_app_ht5019.o(.text)
    Rtcunint_write                           0x0000d24d   Thumb Code    22  rtc_app_ht5019.o(.text)
    __aeabi_uidiv                            0x0000d26d   Thumb Code     0  uidiv.o(.text)
    __aeabi_uidivmod                         0x0000d26d   Thumb Code    44  uidiv.o(.text)
    __aeabi_idiv                             0x0000d299   Thumb Code     0  idiv.o(.text)
    __aeabi_idivmod                          0x0000d299   Thumb Code    40  idiv.o(.text)
    __aeabi_memcpy                           0x0000d2c1   Thumb Code    36  memcpya.o(.text)
    __aeabi_memcpy4                          0x0000d2c1   Thumb Code     0  memcpya.o(.text)
    __aeabi_memcpy8                          0x0000d2c1   Thumb Code     0  memcpya.o(.text)
    __aeabi_memset                           0x0000d2e5   Thumb Code    14  memseta.o(.text)
    __aeabi_memset4                          0x0000d2e5   Thumb Code     0  memseta.o(.text)
    __aeabi_memset8                          0x0000d2e5   Thumb Code     0  memseta.o(.text)
    __aeabi_memclr                           0x0000d2f3   Thumb Code     4  memseta.o(.text)
    __aeabi_memclr4                          0x0000d2f3   Thumb Code     0  memseta.o(.text)
    __aeabi_memclr8                          0x0000d2f3   Thumb Code     0  memseta.o(.text)
    _memset$wrapper                          0x0000d2f7   Thumb Code    18  memseta.o(.text)
    memcmp                                   0x0000d309   Thumb Code    26  memcmp.o(.text)
    __aeabi_uread4                           0x0000d323   Thumb Code    20  uread4.o(.text)
    __rt_uread4                              0x0000d323   Thumb Code     0  uread4.o(.text)
    _uread4                                  0x0000d323   Thumb Code     0  uread4.o(.text)
    __aeabi_fmul                             0x0000d337   Thumb Code   122  fmul.o(.text)
    __aeabi_ui2f                             0x0000d3b1   Thumb Code    14  ffltui.o(.text)
    __aeabi_i2d                              0x0000d3c1   Thumb Code    34  dflti.o(.text)
    __scatterload_copy                       0x0000d3e9   Thumb Code    14  handlers.o(i.__scatterload_copy)
    _cEepromRetryNo                          0x0000d3f6   Data           1  eeprom.o(.constdata)
    iEEPROM_MAXADDR                          0x0000d3f8   Data           2  eeprom.o(.constdata)
    stflashdata                              0x0000d400   Data       11264  globlvar.o(.ARM.__AT_0x0000D400)
    __aeabi_fdiv                             0x00010001   Thumb Code   124  fdiv.o(.text)
    __aeabi_dadd                             0x0001007d   Thumb Code   328  dadd.o(.text)
    __aeabi_dsub                             0x000101c5   Thumb Code    12  dadd.o(.text)
    __aeabi_drsub                            0x000101d1   Thumb Code    12  dadd.o(.text)
    __aeabi_dmul                             0x000101e1   Thumb Code   202  dmul.o(.text)
    __aeabi_ddiv                             0x000102b1   Thumb Code   234  ddiv.o(.text)
    __aeabi_ui2d                             0x000103a1   Thumb Code    24  dfltui.o(.text)
    __aeabi_f2iz                             0x000103bd   Thumb Code    50  ffixi.o(.text)
    __aeabi_f2uiz                            0x000103ef   Thumb Code    40  ffixui.o(.text)
    __aeabi_d2iz                             0x00010419   Thumb Code    62  dfixi.o(.text)
    __aeabi_d2uiz                            0x00010461   Thumb Code    50  dfixui.o(.text)
    __aeabi_f2d                              0x0001049d   Thumb Code    40  f2d.o(.text)
    __aeabi_d2f                              0x000104c5   Thumb Code    56  d2f.o(.text)
    __aeabi_llsl                             0x000104fd   Thumb Code    32  llshl.o(.text)
    _ll_shift_l                              0x000104fd   Thumb Code     0  llshl.o(.text)
    __aeabi_llsr                             0x0001051d   Thumb Code    34  llushr.o(.text)
    _ll_ushift_r                             0x0001051d   Thumb Code     0  llushr.o(.text)
    __aeabi_lasr                             0x0001053f   Thumb Code    38  llsshr.o(.text)
    _ll_sshift_r                             0x0001053f   Thumb Code     0  llsshr.o(.text)
    _float_round                             0x00010565   Thumb Code    16  fepilogue.o(.text)
    _float_epilogue                          0x00010575   Thumb Code   114  fepilogue.o(.text)
    _double_round                            0x000105e7   Thumb Code    26  depilogue.o(.text)
    _double_epilogue                         0x00010601   Thumb Code   164  depilogue.o(.text)
    __scatterload                            0x000106a5   Thumb Code    28  init.o(.text)
    __scatterload_rt2                        0x000106a5   Thumb Code     0  init.o(.text)
    __0fprintf$6                             0x000106c9   Thumb Code    24  printf6.o(i.__0fprintf$6)
    __1fprintf$6                             0x000106c9   Thumb Code     0  printf6.o(i.__0fprintf$6)
    __2fprintf                               0x000106c9   Thumb Code     0  printf6.o(i.__0fprintf$6)
    __ARM_clz                                0x000106e5   Thumb Code    46  depilogue.o(i.__ARM_clz)
    __ARM_common_switch8                     0x00010713   Thumb Code    28  disp.o(i.__ARM_common_switch8)
    __scatterload_zeroinit                   0x0001072f   Thumb Code    14  handlers.o(i.__scatterload_zeroinit)
    fputc                                    0x00010a8d   Thumb Code    18  fputc.o(i.fputc)
    FData                                    0x00010c00   Data         216  dfinit.o(.constdata)
    DftYTbl1                                 0x00010cd8   Data          56  dfinit.o(.constdata)
    DftTmTbl1                                0x00010d10   Data          56  dfinit.o(.constdata)
    DftPrice11                               0x00010d48   Data         192  dfinit.o(.constdata)
    DftYTbl                                  0x00010e08   Data          28  dfinit.o(.constdata)
    DftTmTbl                                 0x00010e24   Data          28  dfinit.o(.constdata)
    DftPrice                                 0x00010e40   Data          96  dfinit.o(.constdata)
    DftLTbl                                  0x00010ea0   Data          60  dfinit.o(.constdata)
    DftFlashInfo                             0x00011000   Data         500  dfinit.o(.constdata)
    FileSet                                  0x000111f4   Data        1308  dfinit.o(.constdata)
    _iEmuSoftResetDelay                      0x00011710   Data           2  emu.o(.constdata)
    _iEmuDataResetDelay                      0x00011712   Data           2  emu.o(.constdata)
    cKeyTmMax                                0x00011720   Data           1  globlvar.o(.constdata)
    cncDianLianSave                          0x00011721   Data           1  globlvar.o(.constdata)
    cncOverVolMax                            0x00011722   Data           1  globlvar.o(.constdata)
    cnmagnetismc                             0x00011723   Data           1  globlvar.o(.constdata)
    cCWDTMAx                                 0x00011724   Data           1  globlvar.o(.constdata)
    iVolCon                                  0x00011726   Data           2  globlvar.o(.constdata)
    sAsk                                     0x00011728   Data           6  globlvar.o(.constdata)
    sAnswer                                  0x0001172e   Data          24  globlvar.o(.constdata)
    sAsk1                                    0x00011746   Data           7  globlvar.o(.constdata)
    stdatalist                               0x00011750   Data          72  globlvar.o(.constdata)
    iBpsSet                                  0x00011798   Data          14  globlvar.o(.constdata)
    stDianLian                               0x000117a8   Data          12  globlvar.o(.constdata)
    stChipdef                                0x000117b4   Data         136  globlvar.o(.constdata)
    cKeyInput_Tm                             0x0001183c   Data           1  disp.o(.constdata)
    DigitBits                                0x0001183d   Data          17  disp.o(.constdata)
    TblSetLst                                0x00011850   Data         176  pubdata.o(.constdata)
    stcomchanel                              0x00011910   Data          16  trx.o(.constdata)
    Const5FF                                 0x00011920   Data           5  trx.o(.constdata)
    Const699                                 0x00011925   Data           6  trx.o(.constdata)
    Const6665                                0x0001192b   Data           6  trx.o(.constdata)
    MaxFLMode                                0x00011931   Data           7  trx.o(.constdata)
    DS_Iz                                    0x0001193f   Data           2  trx.o(.constdata)
    DS_Freq                                  0x00011941   Data           6  trx.o(.constdata)
    DS_Date                                  0x00011947   Data           6  trx.o(.constdata)
    DS_Time                                  0x0001194d   Data           8  trx.o(.constdata)
    DS_E_Num                                 0x00011955   Data           3  trx.o(.constdata)
    DS_H_Num                                 0x00011958   Data           3  trx.o(.constdata)
    DS_MaxCos                                0x0001195b   Data           2  trx.o(.constdata)
    DS_Temperature                           0x0001195d   Data           6  trx.o(.constdata)
    DS_Bat_V                                 0x00011963   Data           3  trx.o(.constdata)
    DS_RevUse                                0x00011966   Data           4  trx.o(.constdata)
    DS_SPrice                                0x0001196a   Data           7  trx.o(.constdata)
    DS_LastMth                               0x00011971   Data           2  trx.o(.constdata)
    DS_MthComUse                             0x00011973   Data           5  trx.o(.constdata)
    DS_MthFwdUse                             0x00011978   Data           7  trx.o(.constdata)
    DS_MthRevUse                             0x0001197f   Data           7  trx.o(.constdata)
    DS_FLPrice                               0x00011986   Data           5  trx.o(.constdata)
    DS_Alm                                   0x0001198b   Data           6  trx.o(.constdata)
    DS_DangQianJSUse                         0x00011991   Data           4  trx.o(.constdata)
    DS_JSUse                                 0x00011995   Data           5  trx.o(.constdata)
    DS_DangQianUse                           0x0001199a   Data           6  trx.o(.constdata)
    DS_MonthUse                              0x000119a0   Data           6  trx.o(.constdata)
    DS_KwhImp                                0x000119a6   Data           5  trx.o(.constdata)
    DS_FL_1                                  0x000119ab   Data           3  trx.o(.constdata)
    DS_FL_2                                  0x000119ae   Data           3  trx.o(.constdata)
    DS_10_1                                  0x000119b1   Data           2  trx.o(.constdata)
    DS_Err                                   0x000119b3   Data           8  trx.o(.constdata)
    Wx645Code                                0x000119bc   Data        2176  trx.o(.constdata)
    Rx645_0280                               0x0001223c   Data         160  trx.o(.constdata)
    Wx645LmtCode                             0x000122dc   Data         192  trx.o(.constdata)
    RxRcdLst                                 0x000123a4   Data         224  trx.o(.constdata)
    mFHOut                                   0x00012484   Data          36  trx.o(.constdata)
    mvHFRcd_1                                0x000127b4   Data          12  meter.o(.constdata)
    mvHFRcd_2                                0x000127c0   Data           4  meter.o(.constdata)
    mvHFRcd_3                                0x000127c4   Data           4  meter.o(.constdata)
    csprev                                   0x000127e8   Data           3  streamio.o(.constdata)
    cssucc                                   0x000127eb   Data           2  streamio.o(.constdata)
    csendchar                                0x000127ed   Data           2  streamio.o(.constdata)
    iResetTmMax                              0x000127f0   Data           2  streamio.o(.constdata)
    cSilenceMax                              0x000127f2   Data           2  streamio.o(.constdata)
    iSendTmMax                               0x000127f4   Data           2  streamio.o(.constdata)
    stuartunit                               0x000127f8   Data          40  streamio.o(.constdata)
    stcomlist                                0x00012820   Data          24  streamio.o(.constdata)
    MonthDates                               0x00012866   Data          12  gettimecnt.o(.constdata)
    Region$$Table$$Base                      0x00012880   Number         0  anon$$obj.o(Region$$Table)
    Region$$Table$$Limit                     0x000128a0   Number         0  anon$$obj.o(Region$$Table)
    bHalfSecStatu                            0x20000000   Data           1  bit_edge.o(.data)
    lESTATE                                  0x20000004   Data           4  unit_instance.o(.data)
    cmainnum                                 0x20000008   Data           1  unit_instance.o(.data)
    stbitio                                  0x20000009   Data           4  unit_instance.o(.data)
    stbitapp                                 0x2000000d   Data           4  unit_instance.o(.data)
    emu_cal_mode                             0x20000014   Data           1  emu.o(.data)
    flag_emu_cal_mode                        0x20000015   Data           1  emu.o(.data)
    emu_var_checksum                         0x20000018   Data           4  emu.o(.data)
    kims_fast_rmsi1                          0x2000001c   Data           4  emu.o(.data)
    fast_rmsi1                               0x20000020   Data           4  emu.o(.data)
    hold_flag                                0x20000024   Data           1  emu.o(.data)
    flag_emu_mode                            0x20000025   Data           1  emu.o(.data)
    flag_fast_rmsi1                          0x20000026   Data           1  emu.o(.data)
    energyP                                  0x20000028   Data           4  emu.o(.data)
    EP_old                                   0x2000002c   Data           4  emu.o(.data)
    ep_disp                                  0x20000030   Data           4  emu.o(.data)
    ep_save                                  0x20000034   Data           4  emu.o(.data)
    flag_ee_save                             0x20000038   Data           1  emu.o(.data)
    cBpsset                                  0x2000003c   Data           1  globlvar.o(.data)
    iTurnOnTm                                0x2000003e   Data           2  globlvar.o(.data)
    iTurnOffTm                               0x20000040   Data           2  globlvar.o(.data)
    iVolDete                                 0x20000042   Data           2  globlvar.o(.data)
    enChipMode                               0x20000044   Data           1  globlvar.o(.data)
    iDelayOut                                0x20000048   Data           4  globlvar.o(.data)
    lPowerKtemp                              0x2000004c   Data           4  globlvar.o(.data)
    iTime_Isr_no                             0x20000050   Data           2  globlvar.o(.data)
    tpChar                                   0x20000054   Data           4  globlvar.o(.data)
    tpBase                                   0x20000058   Data           4  globlvar.o(.data)
    c5msno                                   0x2000005c   Data           1  systickapp.o(.data)
    bOnLine                                  0x20000068   Data           1  eeprom.o(.data)
    bI2cErr                                  0x20000069   Data           1  eeprom.o(.data)
    cI2cOper                                 0x2000006a   Data           1  eeprom.o(.data)
    cEepromDevice_statu                      0x2000006b   Data           1  eeprom.o(.data)
    lAddset                                  0x2000006c   Data           4  eeprom.o(.data)
    idebugno                                 0x20000078   Data           1  globlvar_debug.o(.data)
    lDebugIntState                           0x2000007c   Data           4  globlvar_debug.o(.data)
    stflashrefreshdata                       0x20000080   Data           8  flashsave.o(.data)
    cUpRtcDateTime                           0x2000008c   Data           1  rtc_app_ht5019.o(.data)
    bbitstatu                                0x20000090   Data          60  unit_instance.o(.bss)
    steeprom_cache                           0x200000cc   Data          22  eeprom.o(.bss)
    ComData                                  0x20000100   Data         512  globlvar.o(.ARM.__AT_0x20000100)
    FlashInfo                                0x20000300   Data         500  globlvar.o(.bss)
    Ex645                                    0x200004f4   Data          20  globlvar.o(.bss)
    RamData                                  0x20000508   Data        1636  globlvar.o(.bss)
    USARTCOM                                 0x20000b6c   Data         584  globlvar.o(.bss)
    emu_ecr_reg                              0x20000db4   Data         152  globlvar.o(.bss)
    stsafedateio                             0x20000e4c   Data          32  safedate.o(.bss)
    SCI                                      0x20000e6c   Data          36  trx.o(.bss)
    __initial_sp                             0x20001f70   Data           0  startup_ht501x.o(STACK)



==============================================================================

Memory Map of the image

  Image Entry point : 0x000000c1

  Load Region LR_IROM1 (Base: 0x00000000, Size: 0x00012930, Max: 0x00015000, ABSOLUTE)

    Execution Region ER_IROM1 (Base: 0x00000000, Size: 0x000128a0, Max: 0x00015000, ABSOLUTE)

    Base Addr    Size         Type   Attr      Idx    E Section Name        Object

    0x00000000   0x000000c0   Data   RO         1276    RESET               startup_ht501x.o
    0x000000c0   0x00000000   Code   RO         1426  * .ARM.Collect$$$$00000000  mc_p.l(entry.o)
    0x000000c0   0x00000004   Code   RO         1766    .ARM.Collect$$$$00000001  mc_p.l(entry2.o)
    0x000000c4   0x00000004   Code   RO         1769    .ARM.Collect$$$$00000004  mc_p.l(entry5.o)
    0x000000c8   0x00000000   Code   RO         1771    .ARM.Collect$$$$00000008  mc_p.l(entry7b.o)
    0x000000c8   0x00000000   Code   RO         1773    .ARM.Collect$$$$0000000A  mc_p.l(entry8b.o)
    0x000000c8   0x00000008   Code   RO         1774    .ARM.Collect$$$$0000000B  mc_p.l(entry9a.o)
    0x000000d0   0x00000000   Code   RO         1776    .ARM.Collect$$$$0000000D  mc_p.l(entry10a.o)
    0x000000d0   0x00000000   Code   RO         1778    .ARM.Collect$$$$0000000F  mc_p.l(entry11a.o)
    0x000000d0   0x00000004   Code   RO         1767    .ARM.Collect$$$$00002712  mc_p.l(entry2.o)
    0x000000d4   0x0000086c   Code   RO            2    .text               main.o
    0x00000940   0x00000504   Code   RO          196    .text               ht6xxx_it.o
    0x00000e44   0x000000ec   Code   RO          315    .text               soft_timer_filter.o
    0x00000f30   0x0000006c   Code   RO          491    .text               lcdio.o
    0x00000f9c   0x00000002   Code   RO          964    .text               system_ht6xxx.o
    0x00000f9e   0x00000002   PAD
    0x00000fa0   0x0000001c   Code   RO         1278    .text               startup_ht501x.o
    0x00000fbc   0x00000000   Code   RO         1789    .text               mc_p.l(iusefp.o)
    0x00000fbc   0x00000000   Code   RO         1802    .text               mc_p.l(semi.o)
    0x00000fbc   0x00000000   Code   RO         1803    .text               mc_p.l(iusesemip.o)
    0x00000fbc   0x00000002   Code   RO         1807    i.__scatterload_null  mc_p.l(handlers.o)
    0x00000fbe   0x00000002   PAD
    0x00000fc0   0x00000004   Code   RO         1277    .ARM.__at_0x0FC0    startup_ht501x.o
    0x00000fc4   0x000001f8   Code   RO          228    .text               bit_edge.o
    0x000011bc   0x000014c0   Code   RO          376    .text               emu.o
    0x0000267c   0x000003d4   Code   RO          412    .text               flash_filesystem.o
    0x00002a50   0x00000c14   Code   RO          465    .text               disp.o
    0x00003664   0x00000130   Code   RO          507    .text               gpio.o
    0x00003794   0x00000148   Code   RO          523    .text               pmu.o
    0x000038dc   0x000002b0   Code   RO          596    .text               uartio.o
    0x00003b8c   0x0000016c   Code   RO          616    .text               systickapp.o
    0x00003cf8   0x000006a0   Code   RO          638    .text               eeprom.o
    0x00004398   0x00000cb8   Code   RO          662    .text               public.o
    0x00005050   0x00000a24   Code   RO          679    .text               pubdata.o
    0x00005a74   0x00000378   Code   RO          706    .text               safedate.o
    0x00005dec   0x000002dc   Code   RO          726    .text               drv_rtcspk.o
    0x000060c8   0x00000180   Code   RO          749    .text               inout.o
    0x00006248   0x0000005c   Code   RO          768    .text               hal_delay_us.o
    0x000062a4   0x00004070   Code   RO          797    .text               trx.o
    0x0000a314   0x00000f80   Code   RO          822    .text               meter.o
    0x0000b294   0x000001c8   Code   RO          842    .text               docard.o
    0x0000b45c   0x0000068c   Code   RO          869    .text               streamio.o
    0x0000bae8   0x00000028   Code   RO          893    .text               globlvar_debug.o
    0x0000bb10   0x0000020c   Code   RO          913    .text               indata_oper.o
    0x0000bd1c   0x000001fc   Code   RO          936    .text               flashsave.o
    0x0000bf18   0x000001f4   Code   RO          980    .text               ht6xxx_cmu.o
    0x0000c10c   0x000000b0   Code   RO          998    .text               ht6xxx_exti.o
    0x0000c1bc   0x000001cc   Code   RO         1017    .text               ht6xxx_flash.o
    0x0000c388   0x00000140   Code   RO         1035    .text               ht6xxx_gpio.o
    0x0000c4c8   0x00000044   Code   RO         1069    .text               ht6xxx_lcd.o
    0x0000c50c   0x00000154   Code   RO         1085    .text               ht6xxx_pmu.o
    0x0000c660   0x00000070   Code   RO         1103    .text               ht6xxx_reset.o
    0x0000c6d0   0x00000378   Code   RO         1119    .text               ht6xxx_rtc.o
    0x0000ca48   0x00000078   Code   RO         1137    .text               ht6xxx_spi.o
    0x0000cac0   0x00000100   Code   RO         1153    .text               ht6xxx_tbs.o
    0x0000cbc0   0x00000058   Code   RO         1169    .text               ht6xxx_timer.o
    0x0000cc18   0x00000174   Code   RO         1185    .text               ht6xxx_uart&7816.o
    0x0000cd8c   0x000003c4   Code   RO         1381    .text               gettimecnt.o
    0x0000d150   0x0000011c   Code   RO         1401    .text               rtc_app_ht5019.o
    0x0000d26c   0x0000002c   Code   RO         1429    .text               mc_p.l(uidiv.o)
    0x0000d298   0x00000028   Code   RO         1431    .text               mc_p.l(idiv.o)
    0x0000d2c0   0x00000024   Code   RO         1467    .text               mc_p.l(memcpya.o)
    0x0000d2e4   0x00000024   Code   RO         1469    .text               mc_p.l(memseta.o)
    0x0000d308   0x0000001a   Code   RO         1471    .text               mc_p.l(memcmp.o)
    0x0000d322   0x00000014   Code   RO         1736    .text               mc_p.l(uread4.o)
    0x0000d336   0x0000007a   Code   RO         1738    .text               mf_p.l(fmul.o)
    0x0000d3b0   0x0000000e   Code   RO         1748    .text               mf_p.l(ffltui.o)
    0x0000d3be   0x00000002   PAD
    0x0000d3c0   0x00000028   Code   RO         1750    .text               mf_p.l(dflti.o)
    0x0000d3e8   0x0000000e   Code   RO         1806    i.__scatterload_copy  mc_p.l(handlers.o)
    0x0000d3f6   0x00000004   Data   RO          640    .constdata          eeprom.o
    0x0000d3fa   0x00000006   PAD
    0x0000d400   0x00002c00   Data   RO          432    .ARM.__AT_0x0000D400  globlvar.o
    0x00010000   0x0000007c   Code   RO         1740    .text               mf_p.l(fdiv.o)
    0x0001007c   0x00000164   Code   RO         1742    .text               mf_p.l(dadd.o)
    0x000101e0   0x000000d0   Code   RO         1744    .text               mf_p.l(dmul.o)
    0x000102b0   0x000000f0   Code   RO         1746    .text               mf_p.l(ddiv.o)
    0x000103a0   0x0000001c   Code   RO         1752    .text               mf_p.l(dfltui.o)
    0x000103bc   0x00000032   Code   RO         1754    .text               mf_p.l(ffixi.o)
    0x000103ee   0x00000028   Code   RO         1756    .text               mf_p.l(ffixui.o)
    0x00010416   0x00000002   PAD
    0x00010418   0x00000048   Code   RO         1758    .text               mf_p.l(dfixi.o)
    0x00010460   0x0000003c   Code   RO         1760    .text               mf_p.l(dfixui.o)
    0x0001049c   0x00000028   Code   RO         1762    .text               mf_p.l(f2d.o)
    0x000104c4   0x00000038   Code   RO         1764    .text               mf_p.l(d2f.o)
    0x000104fc   0x00000020   Code   RO         1783    .text               mc_p.l(llshl.o)
    0x0001051c   0x00000022   Code   RO         1785    .text               mc_p.l(llushr.o)
    0x0001053e   0x00000026   Code   RO         1787    .text               mc_p.l(llsshr.o)
    0x00010564   0x00000082   Code   RO         1790    .text               mf_p.l(fepilogue.o)
    0x000105e6   0x000000be   Code   RO         1792    .text               mf_p.l(depilogue.o)
    0x000106a4   0x00000024   Code   RO         1800    .text               mc_p.l(init.o)
    0x000106c8   0x0000001c   Code   RO         1629    i.__0fprintf$6      mc_p.l(printf6.o)
    0x000106e4   0x0000002e   Code   RO         1794    i.__ARM_clz         mf_p.l(depilogue.o)
    0x00010712   0x0000001c   Code   RO          480    i.__ARM_common_switch8  disp.o
    0x0001072e   0x0000000e   Code   RO         1808    i.__scatterload_zeroinit  mc_p.l(handlers.o)
    0x0001073c   0x00000304   Code   RO         1637    i._printf_core      mc_p.l(printf6.o)
    0x00010a40   0x00000020   Code   RO         1638    i._printf_post_padding  mc_p.l(printf6.o)
    0x00010a60   0x0000002c   Code   RO         1639    i._printf_pre_padding  mc_p.l(printf6.o)
    0x00010a8c   0x00000012   Code   RO         1780    i.fputc             mc_p.l(fputc.o)
    0x00010a9e   0x00000162   PAD
    0x00010c00   0x00000b10   Data   RO          331    .constdata          dfinit.o
    0x00011710   0x00000010   Data   RO          377    .constdata          emu.o
    0x00011720   0x0000011c   Data   RO          435    .constdata          globlvar.o
    0x0001183c   0x00000012   Data   RO          466    .constdata          disp.o
    0x0001184e   0x00000002   PAD
    0x00011850   0x000000c0   Data   RO          680    .constdata          pubdata.o
    0x00011910   0x00000e64   Data   RO          799    .constdata          trx.o
    0x00012774   0x00000074   Data   RO          823    .constdata          meter.o
    0x000127e8   0x00000050   Data   RO          870    .constdata          streamio.o
    0x00012838   0x00000008   Data   RO          981    .constdata          ht6xxx_cmu.o
    0x00012840   0x00000008   Data   RO         1018    .constdata          ht6xxx_flash.o
    0x00012848   0x00000008   Data   RO         1036    .constdata          ht6xxx_gpio.o
    0x00012850   0x00000008   Data   RO         1086    .constdata          ht6xxx_pmu.o
    0x00012858   0x00000008   Data   RO         1120    .constdata          ht6xxx_rtc.o
    0x00012860   0x0000001d   Data   RO         1382    .constdata          gettimecnt.o
    0x0001287d   0x00000003   PAD
    0x00012880   0x00000020   Data   RO         1804    Region$$Table       anon$$obj.o


    Execution Region RW_IRAM1 (Base: 0x20000000, Size: 0x00001f70, Max: 0x00002000, ABSOLUTE)

    Base Addr    Size         Type   Attr      Idx    E Section Name        Object

    0x20000000   0x00000001   Data   RW          229    .data               bit_edge.o
    0x20000001   0x00000003   PAD
    0x20000004   0x0000000d   Data   RW          357    .data               unit_instance.o
    0x20000011   0x00000003   PAD
    0x20000014   0x00000028   Data   RW          378    .data               emu.o
    0x2000003c   0x00000020   Data   RW          436    .data               globlvar.o
    0x2000005c   0x0000000a   Data   RW          617    .data               systickapp.o
    0x20000066   0x00000002   PAD
    0x20000068   0x00000008   Data   RW          641    .data               eeprom.o
    0x20000070   0x00000006   Data   RW          871    .data               streamio.o
    0x20000076   0x00000002   PAD
    0x20000078   0x00000008   Data   RW          894    .data               globlvar_debug.o
    0x20000080   0x00000008   Data   RW          937    .data               flashsave.o
    0x20000088   0x00000004   Data   RW         1383    .data               gettimecnt.o
    0x2000008c   0x00000001   Data   RW         1403    .data               rtc_app_ht5019.o
    0x2000008d   0x00000003   PAD
    0x20000090   0x0000003c   Zero   RW          355    .bss                unit_instance.o
    0x200000cc   0x00000016   Zero   RW          639    .bss                eeprom.o
    0x200000e2   0x0000001e   PAD
    0x20000100   0x00000200   Zero   RW          433    .ARM.__AT_0x20000100  globlvar.o
    0x20000300   0x00000b4c   Zero   RW          434    .bss                globlvar.o
    0x20000e4c   0x00000020   Zero   RW          707    .bss                safedate.o
    0x20000e6c   0x00000100   Zero   RW          798    .bss                trx.o
    0x20000f6c   0x00000004   PAD
    0x20000f70   0x00001000   Zero   RW         1274    STACK               startup_ht501x.o


==============================================================================

Image component sizes


      Code (inc. data)   RO Data    RW Data    ZI Data      Debug   Object Name

       504         22          0          1          0      53025   bit_edge.o
         0          0       2832          0          0      35766   dfinit.o
      3120        128         18          0          0       6280   disp.o
       456         32          0          0          0        717   docard.o
       732         36          0          0          0       3165   drv_rtcspk.o
      1696         62          4          8         22       8409   eeprom.o
      5312        262         16         40          0      17140   emu.o
       980         24          0          0          0       5587   flash_filesystem.o
       508          6          0          8          0       4640   flashsave.o
       964         30         29          4          0       3959   gettimecnt.o
         0          0      11548         32       3404      43905   globlvar.o
        40          6          0          8          0       5103   globlvar_debug.o
       304         26          0          0          0        839   gpio.o
        92          6          0          0          0        695   hal_delay_us.o
       500         26          8          0          0       3180   ht6xxx_cmu.o
       176          4          0          0          0       1849   ht6xxx_exti.o
       460         18          8          0          0       3443   ht6xxx_flash.o
       320         18          8          0          0       2659   ht6xxx_gpio.o
      1284         54          0          0          0       4235   ht6xxx_it.o
        68          6          0          0          0       1307   ht6xxx_lcd.o
       340         22          8          0          0       2540   ht6xxx_pmu.o
       112         18          0          0          0       1604   ht6xxx_reset.o
       888         26          8          0          0       3339   ht6xxx_rtc.o
       120          0          0          0          0       2021   ht6xxx_spi.o
       256         24          0          0          0       1992   ht6xxx_tbs.o
        88          0          0          0          0       2044   ht6xxx_timer.o
       372          6          0          0          0       4116   ht6xxx_uart&7816.o
       524         52          0          0          0       3083   indata_oper.o
       384         38          0          0          0       1790   inout.o
       108          4          0          0          0        686   lcdio.o
      2156        200          0          0          0     114996   main.o
      3968        116        116          0          0       7680   meter.o
       328         28          0          0          0       9097   pmu.o
      2596         82        192          0          0      11837   pubdata.o
      3256         98          0          0          0      14264   public.o
       284         10          0          1          0       3846   rtc_app_ht5019.o
       888          8          0          0         32       4702   safedate.o
       236          6          0          0          0       1567   soft_timer_filter.o
        32         12        192          0       4096        824   startup_ht501x.o
      1676         74         80          6          0       7465   streamio.o
         2          0          0          0          0        449   system_ht6xxx.o
       364         34          0         10          0       9505   systickapp.o
     16496        802       3684          0        256      73980   trx.o
       688         24          0          0          0      11364   uartio.o
         0          0          0         13         60       2502   unit_instance.o

    ----------------------------------------------------------------------
     53680       2450      18794        144       7904     503196   Object Totals
         0          0         32          0          0          0   (incl. Generated)
         2          0         11         13         34          0   (incl. Padding)

    ----------------------------------------------------------------------

      Code (inc. data)   RO Data    RW Data    ZI Data      Debug   Library Member Name

         0          0          0          0          0          0   entry.o
         0          0          0          0          0          0   entry10a.o
         0          0          0          0          0          0   entry11a.o
         8          4          0          0          0          0   entry2.o
         4          0          0          0          0          0   entry5.o
         0          0          0          0          0          0   entry7b.o
         0          0          0          0          0          0   entry8b.o
         8          4          0          0          0          0   entry9a.o
        18          0          0          0          0         72   fputc.o
        30          0          0          0          0          0   handlers.o
        40          0          0          0          0         72   idiv.o
        36          8          0          0          0         68   init.o
         0          0          0          0          0          0   iusefp.o
         0          0          0          0          0          0   iusesemip.o
        32          0          0          0          0         68   llshl.o
        38          0          0          0          0         68   llsshr.o
        34          0          0          0          0         68   llushr.o
        26          0          0          0          0         72   memcmp.o
        36          0          0          0          0         60   memcpya.o
        36          0          0          0          0        100   memseta.o
       876          8          0          0          0        324   printf6.o
         0          0          0          0          0          0   semi.o
        44          0          0          0          0         72   uidiv.o
        20          0          0          0          0         60   uread4.o
        56          0          0          0          0         68   d2f.o
       356          4          0          0          0        140   dadd.o
       240          6          0          0          0         84   ddiv.o
       236          0          0          0          0        216   depilogue.o
        72         10          0          0          0         72   dfixi.o
        60         10          0          0          0         68   dfixui.o
        40          6          0          0          0         68   dflti.o
        28          4          0          0          0         68   dfltui.o
       208          6          0          0          0         88   dmul.o
        40          0          0          0          0         60   f2d.o
       124          0          0          0          0         72   fdiv.o
       130          0          0          0          0        144   fepilogue.o
        50          0          0          0          0         60   ffixi.o
        40          0          0          0          0         60   ffixui.o
        14          0          0          0          0         68   ffltui.o
       122          0          0          0          0         72   fmul.o

    ----------------------------------------------------------------------
      3462         70          0          0          0       2512   Library Totals
       360          0          0          0          0          0   (incl. Padding)

    ----------------------------------------------------------------------

      Code (inc. data)   RO Data    RW Data    ZI Data      Debug   Library Name

      1286         24          0          0          0       1104   mc_p.l
      1816         46          0          0          0       1408   mf_p.l

    ----------------------------------------------------------------------
      3462         70          0          0          0       2512   Library Totals

    ----------------------------------------------------------------------

==============================================================================


      Code (inc. data)   RO Data    RW Data    ZI Data      Debug   

     57142       2520      18794        144       7904     500008   Grand Totals
     57142       2520      18794        144       7904     500008   ELF Image Totals
     57142       2520      18794        144          0          0   ROM Totals

==============================================================================

    Total RO  Size (Code + RO Data)                75936 (  74.16kB)
    Total RW  Size (RW Data + ZI Data)              8048 (   7.86kB)
    Total ROM Size (Code + RO Data + RW Data)      76080 (  74.30kB)

==============================================================================

