<html>
<body>
<pre>
<h1>µVision Build Log</h1>
<h2>Tool Versions:</h2>
IDE-Version: ¦ÌVision V5.15
Copyright (C) 2015 ARM Ltd and ARM Germany GmbH. All rights reserved.
License Information: microsys Administrator, microsys@sina.com, LIC=1WSEV-PHEJT-167QV-PEJXP-P11V4-4PPSU
 
Tool Versions:
Toolchain:       MDK-ARM Professional  Version: 5.15.0
Toolchain Path:  C:\Keil_v5\ARM\ARMCC\Bin
C Compiler:      Armcc.exe V5.05 update 2 (build 169)
Assembler:       Armasm.exe V5.05 update 2 (build 169)
Linker/Locator:  ArmLink.exe V5.05 update 2 (build 169)
Library Manager: ArmAr.exe V5.05 update 2 (build 169)
Hex Converter:   FromElf.exe V5.05 update 2 (build 169)
CPU DLL:         SARMCM3.DLL V5.15.0
Dialog DLL:      DARMCM1.DLL V1.12.0.0
Target DLL:      Segger\JL2CM3.dll V2.99.15.0
Dialog DLL:      TARMCM1.DLL V1.9.0.0
 
<h2>Project:</h2>
C:\worktop\meter_SX501902\software\Project\HT6xxx.uvproj
Project File Date:  05/12/2020

<h2>Output:</h2>
*** Using Compiler 'V5.05 update 2 (build 169)', folder: 'C:\Keil_v5\ARM\ARMCC\Bin'
Build target 'Target 1'
compiling disp.c...
..\Users\disp.c(348): warning:  #186-D: pointless comparison of unsigned integer with zero
        while((s8)Dots >= 0){
..\Users\disp.c(357): warning:  #186-D: pointless comparison of unsigned integer with zero
                if((((
..\Users\disp.c: 2 warnings, 0 errors
linking...
Program Size: Code=57142 RO-data=18794 RW-data=144 ZI-data=7904  
FromELF: creating hex file...
".\HT60xx.axf" - 0 Error(s), 2 Warning(s).
</pre>
</body>
</html>
